Job is using 1 GPU(s) with ID(s) 0 and 8 CPU core(s)
torch cuda is available: True
Warning: You are sending unauthenticated requests to the HF Hub. Please set a HF_TOKEN to enable higher rate limits and faster downloads.
TRAIN_CSV=training_data/AV/train.csv, DEV_CSV=training_data/AV/dev.csv, MODEL_NAME=microsoft/deberta-v3-xsmall, BATCH_SIZE=100, MAX_LEN=300, LR=2e-05, EPOCH=200, DEVICE=cuda
torch.Size([100, 300])
cuda
Loading weights:   0%|          | 0/198 [00:00<?, ?it/s]Loading weights: 100%|██████████| 198/198 [00:00<00:00, 36959.15it/s]
[1mDebertaV2Model LOAD REPORT[0m from: microsoft/deberta-v3-xsmall
Key                                        | Status     |  | 
-------------------------------------------+------------+--+-
deberta.embeddings.word_embeddings._weight | UNEXPECTED |  | 
mask_predictions.classifier.weight         | UNEXPECTED |  | 
mask_predictions.LayerNorm.bias            | UNEXPECTED |  | 
mask_predictions.classifier.bias           | UNEXPECTED |  | 
mask_predictions.dense.weight              | UNEXPECTED |  | 
lm_predictions.lm_head.LayerNorm.weight    | UNEXPECTED |  | 
mask_predictions.dense.bias                | UNEXPECTED |  | 
lm_predictions.lm_head.LayerNorm.bias      | UNEXPECTED |  | 
lm_predictions.lm_head.dense.bias          | UNEXPECTED |  | 
lm_predictions.lm_head.dense.weight        | UNEXPECTED |  | 
mask_predictions.LayerNorm.weight          | UNEXPECTED |  | 
lm_predictions.lm_head.bias                | UNEXPECTED |  | 

[3mNotes:
- UNEXPECTED[3m	:can be ignored when loading from different task/architecture; not ok if you expect identical arch.[0m
CustomBERT(
  (encoder): DebertaV2Model(
    (embeddings): DebertaV2Embeddings(
      (word_embeddings): Embedding(128100, 384, padding_idx=0)
      (LayerNorm): LayerNorm((384,), eps=1e-07, elementwise_affine=True)
      (dropout): Dropout(p=0.1, inplace=False)
    )
    (encoder): DebertaV2Encoder(
      (layer): ModuleList(
        (0-11): 12 x DebertaV2Layer(
          (attention): DebertaV2Attention(
            (self): DisentangledSelfAttention(
              (query_proj): Linear(in_features=384, out_features=384, bias=True)
              (key_proj): Linear(in_features=384, out_features=384, bias=True)
              (value_proj): Linear(in_features=384, out_features=384, bias=True)
              (pos_dropout): Dropout(p=0.1, inplace=False)
              (dropout): Dropout(p=0.1, inplace=False)
            )
            (output): DebertaV2SelfOutput(
              (dense): Linear(in_features=384, out_features=384, bias=True)
              (LayerNorm): LayerNorm((384,), eps=1e-07, elementwise_affine=True)
              (dropout): Dropout(p=0.1, inplace=False)
            )
          )
          (intermediate): DebertaV2Intermediate(
            (dense): Linear(in_features=384, out_features=1536, bias=True)
            (intermediate_act_fn): GELUActivation()
          )
          (output): DebertaV2Output(
            (dense): Linear(in_features=1536, out_features=384, bias=True)
            (LayerNorm): LayerNorm((384,), eps=1e-07, elementwise_affine=True)
            (dropout): Dropout(p=0.1, inplace=False)
          )
        )
      )
      (rel_embeddings): Embedding(512, 384)
      (LayerNorm): LayerNorm((384,), eps=1e-07, elementwise_affine=True)
    )
  )
  (classifier): Sequential(
    (0): Linear(in_features=384, out_features=1, bias=True)
  )
)
1 0.006891531176743544 0.006616904085911357 0.5794050719561045 0.578722329577065
2 0.006377596512840621 0.006176827000831694 0.6348948556688717 0.6300661294040721
3 0.005730795195309431 0.00569682402839928 0.6811743716653564 0.6751098770579462
4 0.005180413125587071 0.005434365975086983 0.7080845441888739 0.7061076882709327
5 0.004667390305153373 0.0053165073727359955 0.7213729818331559 0.7211694557648058
6 0.004196506895851831 0.00543562789681796 0.7347157341697461 0.733636762495275
7 0.003730541166764836 0.005272864609156111 0.7407723515821786 0.7408505455190662
8 0.00333208872376417 0.005448228446028576 0.7447056823306897 0.7447760872467608
9 0.002875754093893555 0.005701327794345695 0.7508401786557855 0.7495903651668442
10 0.002529520275539502 0.006182482534789212 0.7491817700506447 0.7472134833574724
11 0.0021756241537445394 0.006446105081649569 0.757079739093387 0.7565160891955865
12 0.001872960510545601 0.006754838234789877 0.7670049552825745 0.7668728751414716
13 0.001656216483837969 0.007167466222275164 0.7593079784550606 0.7574871078032787
14 0.0013996318903922585 0.007192827421775867 0.7629920744000984 0.7628662695768813
15 0.001246350638785911 0.007713551704700177 0.7629077334317349 0.7621334759859824
16 0.0010817093370450723 0.008068707208889624 0.7547098915800751 0.7546572652468959
17 0.0009259500505114087 0.008511976777622065 0.764271784258254 0.7631886974499731
18 0.0008494004986427439 0.008705965981904361 0.7680508055732334 0.7680044439216127
19 0.0007386223933543698 0.009309654977392041 0.757480442254179 0.7575808439689828
20 0.0007147260214545182 0.00945272700089993 0.7627552623416352 0.7621901488030918
21 0.0005975171205815201 0.009763124573714105 0.763942720783932 0.7637202334016716
22 0.0005782649376819525 0.00994557167619253 0.766427938274444 0.7663514444984567
23 0.0005128645632477058 0.010225987167842157 0.7657713711323483 0.7657867002380105
24 0.0005145292431209092 0.010269692634155728 0.7638098586904398 0.7631749929466861
25 0.00044861415995613944 0.010815184879796286 0.7606789369962939 0.7594544476643842
26 0.00048023427819448206 0.01025745007583221 0.7662820963621746 0.7662924538161443
27 0.0003961544957242924 0.010676079230616451 0.7675928352291668 0.7670306896260586
28 0.00035037811948231416 0.011393531323990996 0.7684305070529995 0.7670785526434063
29 0.00039794865208419704 0.01126819005618007 0.7607954211210286 0.7599707451610529
30 0.0003842376292272254 0.010724941165065718 0.7680131473865663 0.7678756106473457
31 0.00028789054808203387 0.011020666492138485 0.7696606930532456 0.769785199626863
32 0.0002755665977139841 0.011721328450387057 0.7690406699502822 0.7674781996072525
33 0.00031048802019997845 0.011204844854440153 0.7728928907582799 0.7729356581569635
34 0.0002699318771876425 0.011638016552951366 0.7702305238097785 0.7697090333389693
35 0.0003132565162278254 0.011767718109884823 0.7726937368864836 0.7725495294437275
36 0.0002644854189352455 0.010984358973720328 0.7719247522581542 0.772048855043804
37 0.0002452889127298749 0.01218295759735413 0.7615689180468727 0.7614431107874384
38 0.00024243342384827537 0.012067792621694023 0.7774490856859673 0.7763884796120208
39 0.000251701061452528 0.012071784243208926 0.7768768595122352 0.7767233600070926
40 0.000274971770129554 0.011596723329278955 0.7692536392515068 0.769280555835362
41 0.00022812761886035433 0.01253834611960172 0.7737565222196671 0.7717625523655082
42 0.00022523393088490004 0.012338415511796616 0.7642328448019224 0.7643405609893004
43 0.0002009735269597435 0.011857614958005816 0.7714887863278945 0.7713730719999072
44 0.00018624631424475553 0.012214979513964946 0.7689863552579742 0.7691096289825278
45 0.0001649430466732309 0.012572205874272624 0.7699171141083164 0.7700391635443287
46 0.00019731869598091817 0.01275987194373336 0.7679285278813193 0.7662498777990709
47 0.00021879856837937989 0.011970662616159727 0.7704031609702533 0.7702217010206671
48 0.00017615812178957215 0.01234056442185314 0.7732243496498011 0.7730557845592574
49 0.00014348514930709859 0.012912358979878075 0.7676859222556762 0.7675432828430758
50 0.00016469602581338028 0.013222896682784452 0.7785000053479081 0.7786211492343904
51 0.00016766069539183283 0.012480435821143969 0.7737971328973006 0.7738060509339197
52 0.00017179489793522657 0.013190950482869892 0.7669359895501875 0.7658652983381875
53 0.00019316849953873014 0.012313002097314256 0.7711971025033559 0.7712508748311632
54 0.00019087245282050134 0.012715346065682281 0.7715815948175204 0.7713912528247502
55 0.00015321113933643914 0.0131074804834426 0.7694166947431845 0.7683856215417013
56 0.00018375567143659124 0.012728641377493115 0.7692337517180156 0.7692699120418647
57 0.00014204018369930874 0.013203302538496374 0.7717735624377191 0.7707105171824531
58 0.00010889337797864929 0.013356502876046224 0.7673857709098753 0.7674544764124303
59 0.00016049606624253928 0.012791094051146574 0.7721763824788267 0.7720453185079942
60 0.0001447366922905968 0.01322918887649974 0.7685898858578134 0.767805861073683
61 0.00012614207496138417 0.012708695319147235 0.7757363623885184 0.7758674135435312
62 0.0001071153434383652 0.013732161463033013 0.7735576468847544 0.7719818131101813
63 0.00011085909864747847 0.013235259817932755 0.7799478400690236 0.7797371400008821
64 0.000142382505075679 0.013020577652315533 0.7782363980412395 0.7777205898732484
65 0.00011898811456534897 0.013154744947770193 0.773644383270317 0.7734000250809618
66 8.91290340007832e-05 0.013796641604641374 0.7759611973609857 0.7751383816451247
67 0.00013822610807941562 0.013041861150174434 0.7734855615392705 0.7736033193447458
68 0.0001258583881845804 0.013790989571574055 0.7780953469633687 0.7781921837358297
69 0.00014155254131738258 0.013073331144483424 0.770881018847811 0.7709831229585544
70 0.0001062079152359491 0.012769765350032127 0.7757273377934887 0.7757721446207722
71 9.545044595190205e-05 0.01388526314907752 0.7739601883889783 0.772870458512704
72 7.584553804730421e-05 0.013960066660007889 0.7711528151388585 0.77114736531704
73 0.00014448512976763286 0.01350902001288465 0.7754727550818497 0.7750656490698871
74 0.0001051672189108968 0.013530560473100422 0.7752759966272526 0.774901547790491
75 0.00010987587903531558 0.013604054929576373 0.7754308631345517 0.7752305429393873
76 0.00011888603335538208 0.013461619685174784 0.772130535307781 0.7721765645600734
77 7.307264762690608e-05 0.01359530742331934 0.7759551252569225 0.7760413762372553
78 9.004733103726406e-05 0.014006173970721986 0.7735497364372591 0.773679055709414
79 9.235152073019815e-05 0.014038615765405302 0.7732423988398605 0.7733695339345498
80 9.990590977541136e-05 0.014019743102869485 0.7713227783452503 0.7708911154143256
81 8.488365405883583e-05 0.013868199835113228 0.7731161659241986 0.7731319498385292
82 9.468544195897776e-05 0.013757546686398133 0.7730872537956779 0.7728935237282573
83 7.574461167233936e-05 0.013905841630308374 0.7711573274363733 0.7712265523105466
84 0.00010054379078110374 0.013350123925895697 0.7717361827879359 0.7712101728289262
85 0.00010178098110580138 0.013551486606652004 0.7783294850677491 0.7782143827081613
86 0.00010107326072743676 0.014150206381901067 0.7752280325758912 0.7753188377131963
87 7.584997545283842e-05 0.014508432664080332 0.7764257968828825 0.7762308709181434
88 9.653907177400695e-05 0.013784985350941888 0.7791565724900039 0.7792337541150832
89 6.479260347133303e-05 0.014462778111958612 0.7750023619927732 0.7751351441526004
90 9.407415833123589e-05 0.01427466751398118 0.7724002147185128 0.7724858289131487
91 9.857635817786275e-05 0.013952764539035954 0.7809671736483608 0.7808758234725757
92 0.00013597817326122994 0.013089627718738497 0.775356103834985 0.7754891318522428
93 5.8041017748209046e-05 0.014252181932760283 0.7689977752702031 0.7688463041661895
94 7.649943064711035e-05 0.01389015535470462 0.7720835739892008 0.7720193670130286
95 5.42284663302292e-05 0.014334706269141212 0.7720504281000486 0.772007684372584
96 4.4973646604653824e-05 0.014610273291426949 0.7750641414735626 0.775166603378157
97 6.68282162943887e-05 0.015356323584956477 0.7630520155374558 0.7631449769780483
98 8.794606396706527e-05 0.01477863246364584 0.76354524865099 0.7636483571581263
99 0.00011223743922842437 0.013867676412245676 0.77334790861138 0.7726801160763519
100 7.267240060424444e-05 0.014626006232305738 0.7656189000422485 0.7656960322409663
101 8.785937309950801e-05 0.014367380087311591 0.7749948972042919 0.773849560827043
102 8.681068414541338e-05 0.014349014665971868 0.7666339998609544 0.7667260454637042
103 4.9844147506727155e-05 0.014164304983908279 0.77492465020224 0.7748576923784916
104 6.144217340606045e-05 0.014747608161501707 0.7743253502434189 0.7740683326658466
105 9.336088233822593e-05 0.01421561690497116 0.7647128195597959 0.7646940973935104
106 5.9657851831695027e-05 0.014628609780693977 0.7746634383127706 0.7740221251359011
107 4.822682144895576e-05 0.014729651508875528 0.7720175607477802 0.7721457086482553
108 5.998063426073281e-05 0.014585685236673213 0.7686551749033366 0.7683410587072314
109 8.549751633249196e-05 0.014381445430861915 0.7740315495385647 0.7740874353305481
110 6.590580330582873e-05 0.014371393330801752 0.7823908870753538 0.7820790862068121
111 7.245220454609574e-05 0.014593046156687349 0.7760126709770805 0.7761282987443412
112 6.381015963870598e-05 0.013988435666230531 0.7727937316277071 0.7728971641344948
113 5.95002743314297e-05 0.014405004223897224 0.7781746185604501 0.777906668368791
114 5.8628751914359133e-05 0.0153230042354543 0.7620666634579217 0.7614040162434776
115 5.5986030418068965e-05 0.014727530605940594 0.7722742603397348 0.77231035675721
116 6.231449833127607e-05 0.015388830335076974 0.7723251768820626 0.772299883387014
117 6.106345616899916e-05 0.014709066433638418 0.7742725953576591 0.7743622349627295
118 4.574461790487229e-05 0.016389356637347148 0.7768187567183096 0.7750663708362289
119 6.873150358955016e-05 0.014336523947245525 0.7796847898361222 0.7795540760809712
120 7.659173025935936e-05 0.015619002278889835 0.7713633890228837 0.7713569447145145
121 7.18883923762e-05 0.01471215396020521 0.7745884004763204 0.7742353773415879
122 6.553864837571322e-05 0.015112141376939656 0.7798399348803049 0.7799802844537762
123 6.1032945239591224e-05 0.015067586780648666 0.773761591590949 0.7735618758491081
124 5.0338547381842576e-05 0.01458265635001725 0.7747875543481167 0.7747000010025029
125 4.5014965646926664e-05 0.014851413325318188 0.7754754290359326 0.7755972973865917
126 7.300924846639792e-05 0.01467208130897116 0.7779754646886536 0.7773682889087015
127 5.420557730083243e-05 0.014831197584051332 0.7706444853262313 0.7707601252678983
128 5.1347500994291335e-05 0.016143139566739455 0.7656462523642211 0.7648870533686989
129 7.313493274889052e-05 0.014167385528586094 0.7759243747849696 0.7760554939350078
130 7.614821231712939e-05 0.013953318281402855 0.775941588364378 0.7757323607281708
131 3.5954250293369426e-05 0.015212896797944643 0.7799430492346252 0.7788997658459684
132 4.434401041641123e-05 0.015230142730077638 0.7733309735688553 0.7734438430386792
133 3.947532542324476e-05 0.014740304697858815 0.7780245428875496 0.7780870374913436
134 5.677991227944403e-05 0.014135233755802324 0.7797046773696137 0.7795582746846398
135 4.723582716483442e-05 0.015125638323118229 0.7730390112074328 0.7731680972717557
136 3.5698432973693244e-05 0.015480198646136761 0.7829920253776069 0.7821402630323585
137 6.0051388479921996e-05 0.014996840120177426 0.7779513433945312 0.7777354929978408
138 3.577119764482157e-05 0.015331591735116114 0.7741044704946993 0.7741270313278015
139 6.111783000300447e-05 0.014965790322203678 0.7715574735233981 0.7715999855578868
140 7.535214175278989e-05 0.014951149848035396 0.7712456236284844 0.7711837693257868
141 5.4350353345638434e-05 0.014772852195556426 0.7779447142167009 0.7777347503645264
142 7.404909980543129e-05 0.015342244406922442 0.7750301599737596 0.7735150453031826
143 4.7000421564900356e-05 0.014616018137867375 0.7735672285535513 0.7736071273359408
144 4.2216680888016606e-05 0.01563158314056594 0.7766360922300242 0.7767181718504433
145 4.478554522016737e-05 0.015657008470009826 0.7753051872926572 0.7754274204880791
146 5.526593107317472e-05 0.015294008495293256 0.7687269817119367 0.7679859898160013
147 5.303795056591643e-05 0.014285691041451512 0.7768657180368899 0.776572568579609
148 3.221591670499453e-05 0.014668835217937213 0.7708035855941615 0.7708797059911263
149 5.1278347097737595e-05 0.015005704339350601 0.7728992413992267 0.7725675907259678
150 4.269712090970717e-05 0.015418643214836674 0.7781836431554796 0.7781665465266787
151 4.8294512485712195e-05 0.01598776096934053 0.7742762720445232 0.7729238474671467
152 4.660262776171703e-05 0.015792376317187024 0.7781504972663276 0.7781523350083446
153 4.7294337319283486e-05 0.015477424419405623 0.7692777605456292 0.7690592204106771
154 2.7458807061214717e-05 0.016019177759069643 0.7711636780773201 0.7708984640648759
155 8.002227183572561e-05 0.015163092626746382 0.7765273514306545 0.7760594579989143
156 4.674045918595866e-05 0.015185152571328232 0.7768150800314457 0.7768169088834889
157 3.967375421624077e-05 0.01606964595564892 0.7820875047017026 0.7804915306979683
158 1.8782848058894784e-05 0.01608365684643266 0.784111075161284 0.7839076118088393
159 3.232272490975466e-05 0.01588814648049474 0.7741511532763959 0.7742824343298602
160 5.7572552863581925e-05 0.015586557550221836 0.7741646901689404 0.774149551493911
161 5.3361639625453405e-05 0.014835073646352543 0.7788866145423884 0.7787270733399181
162 3.7690527318993795e-05 0.015520907057041759 0.7810446069020103 0.7810132392194609
163 4.928000776120665e-05 0.015526238803411592 0.7749023672515496 0.7745699303527385
164 4.328644582436902e-05 0.015393008513262052 0.7805871936317109 0.780723324868827
165 4.290887434631398e-05 0.015568939867310864 0.7768066125101832 0.7769218196840961
166 4.458880919280527e-05 0.01518505195057215 0.7748077204184917 0.7749289349067305
167 3.22393950493188e-05 0.016044173727205794 0.7751015211233458 0.7750277645035417
168 5.241354969850849e-05 0.015045498610139589 0.7842728493832971 0.7844117158228081
169 4.650847792672077e-05 0.014978255490398995 0.7806752112869384 0.7804094456268369
170 3.5309338743930764e-05 0.015235737863733516 0.7798945281094967 0.7791759490879784
171 4.621403395447614e-05 0.015057931807847567 0.7758662719910441 0.7753908242616216
172 3.050821700152459e-05 0.01628837548849003 0.7777694031021433 0.7757704969592024
173 5.75461651574729e-05 0.01470202740655406 0.7817828410583867 0.7814094498203682
174 3.274905849888428e-05 0.015151423612699949 0.7820061162243055 0.7815706264219608
175 4.333896467241876e-05 0.015610636076265994 0.7782960606417133 0.7777058828378078
176 4.230158501682679e-05 0.015521144162787034 0.7747809251702863 0.7746980434983111
177 4.769269448973386e-05 0.015461276344558383 0.7756408799448098 0.7754018809872298
178 3.329934875006658e-05 0.016169706032229607 0.7687501002732781 0.7686625356673438
179 3.133087312383812e-05 0.015099854495555993 0.7724619941993023 0.772589743915976
180 3.083756117784245e-05 0.01579764602221294 0.7751903743892243 0.77531176034517
181 3.9717822550152095e-05 0.016104727958610454 0.7676069291954785 0.7676290796658549
182 5.6876556577922425e-05 0.015726525631767272 0.7720525449803642 0.7718871113336432
183 2.488433409834283e-05 0.016474907503250584 0.7743030672927285 0.7736967014694147
184 4.532245642098474e-05 0.015242884836589954 0.769768876778848 0.7698551481681388
185 4.8102718934590735e-05 0.016090515647291758 0.7712416684047367 0.7713270655832183
186 4.4472446826515455e-05 0.01591757503312517 0.7762157800726245 0.7760571134405505
187 5.081775378167307e-05 0.015747593591154744 0.7768187567183096 0.7750663708362289
188 2.529030739144187e-05 0.015405607008683389 0.7768964685088426 0.7761689219771177
189 4.570669947918078e-05 0.014878356007210464 0.7797643399700873 0.7795682181080293
190 2.768313678650287e-05 0.015670937512566603 0.781981994930183 0.7818807483473317
191 2.1361731570573452e-05 0.015752153923331288 0.7754992717931715 0.7750623421954477
192 3.078811252747202e-05 0.015811504922644357 0.7781703847998188 0.7781610104299487
193 2.9722959244691665e-05 0.01594627763837919 0.7802970696137206 0.7799063651479684
194 3.374810638487807e-05 0.015468029074411888 0.781427260872743 0.7815280841356858
195 3.7149007472520466e-05 0.015216167673689883 0.7745109672226709 0.7740591731977575
196 3.933026218657656e-05 0.015307756501049345 0.7774915347070327 0.7773791503348783
197 4.7934039282938785e-05 0.014920803336136015 0.7780112845318887 0.7780791230267203
198 2.3763311594994462e-05 0.015071544964683886 0.7757273377934887 0.7757721446207722
199 3.148671564275438e-05 0.015537525146289598 0.7828350419899923 0.781968455803895
200 2.758536103239593e-05 0.01574657592116225 0.7799505140231066 0.78009042450405
