Job is using 1 GPU(s) with ID(s) 0 and 8 CPU core(s)
torch cuda is available: True
Warning: You are sending unauthenticated requests to the HF Hub. Please set a HF_TOKEN to enable higher rate limits and faster downloads.
TRAIN_CSV=training_data/AV/train.csv, DEV_CSV=training_data/AV/dev.csv, MODEL_NAME=microsoft/deberta-v3-xsmall, BATCH_SIZE=16, MAX_LEN=50, LR=2e-05, EPOCH=200, DEVICE=cuda
torch.Size([16, 50])
cuda
Loading weights:   0%|          | 0/198 [00:00<?, ?it/s]Loading weights: 100%|██████████| 198/198 [00:00<00:00, 37992.23it/s]
[1mDebertaV2Model LOAD REPORT[0m from: microsoft/deberta-v3-xsmall
Key                                        | Status     |  | 
-------------------------------------------+------------+--+-
deberta.embeddings.word_embeddings._weight | UNEXPECTED |  | 
lm_predictions.lm_head.LayerNorm.bias      | UNEXPECTED |  | 
lm_predictions.lm_head.LayerNorm.weight    | UNEXPECTED |  | 
mask_predictions.classifier.bias           | UNEXPECTED |  | 
mask_predictions.LayerNorm.weight          | UNEXPECTED |  | 
mask_predictions.classifier.weight         | UNEXPECTED |  | 
mask_predictions.dense.bias                | UNEXPECTED |  | 
lm_predictions.lm_head.bias                | UNEXPECTED |  | 
mask_predictions.LayerNorm.bias            | UNEXPECTED |  | 
lm_predictions.lm_head.dense.bias          | UNEXPECTED |  | 
lm_predictions.lm_head.dense.weight        | UNEXPECTED |  | 
mask_predictions.dense.weight              | UNEXPECTED |  | 

[3mNotes:
- UNEXPECTED[3m	:can be ignored when loading from different task/architecture; not ok if you expect identical arch.[0m
CustomBERT(
  (encoder): DebertaV2Model(
    (embeddings): DebertaV2Embeddings(
      (word_embeddings): Embedding(128100, 384, padding_idx=0)
      (LayerNorm): LayerNorm((384,), eps=1e-07, elementwise_affine=True)
      (dropout): Dropout(p=0.1, inplace=False)
    )
    (encoder): DebertaV2Encoder(
      (layer): ModuleList(
        (0-11): 12 x DebertaV2Layer(
          (attention): DebertaV2Attention(
            (self): DisentangledSelfAttention(
              (query_proj): Linear(in_features=384, out_features=384, bias=True)
              (key_proj): Linear(in_features=384, out_features=384, bias=True)
              (value_proj): Linear(in_features=384, out_features=384, bias=True)
              (pos_dropout): Dropout(p=0.1, inplace=False)
              (dropout): Dropout(p=0.1, inplace=False)
            )
            (output): DebertaV2SelfOutput(
              (dense): Linear(in_features=384, out_features=384, bias=True)
              (LayerNorm): LayerNorm((384,), eps=1e-07, elementwise_affine=True)
              (dropout): Dropout(p=0.1, inplace=False)
            )
          )
          (intermediate): DebertaV2Intermediate(
            (dense): Linear(in_features=384, out_features=1536, bias=True)
            (intermediate_act_fn): GELUActivation()
          )
          (output): DebertaV2Output(
            (dense): Linear(in_features=1536, out_features=384, bias=True)
            (LayerNorm): LayerNorm((384,), eps=1e-07, elementwise_affine=True)
            (dropout): Dropout(p=0.1, inplace=False)
          )
        )
      )
      (rel_embeddings): Embedding(512, 384)
      (LayerNorm): LayerNorm((384,), eps=1e-07, elementwise_affine=True)
    )
  )
  (classifier): Sequential(
    (0): Linear(in_features=384, out_features=1, bias=True)
  )
)
1 0.0428850227778302 0.04135558621306143 0.5708715374522922 0.5705326052167174
2 0.040341454615180856 0.039671655352080226 0.623313347754859 0.6133623494304329
3 0.037447776161752815 0.039451880609573435 0.6431059558761923 0.6349073861506386
4 0.033636704625775636 0.03941277080260114 0.6603083938092615 0.6597028772151867
5 0.029090785836673648 0.041312608051713794 0.6570385379175603 0.6567660743601611
6 0.02411346618524488 0.044609998892846656 0.6686348639937821 0.668056568698967
7 0.019657534413362848 0.0468567778615428 0.6806406392889421 0.680574668087993
8 0.015516654384215225 0.05492593418765144 0.6790792729340586 0.6780704012660415
9 0.012651383401082461 0.05798189038677763 0.6794956298677106 0.6795241491894212
10 0.010164204183897865 0.06531810656316726 0.68185377883191 0.6798829823003278
11 0.008697319012379865 0.0692198042820436 0.686424067725909 0.6854173423159866
12 0.007323517007031253 0.07363461390269453 0.6885982709321583 0.6885495401716776
13 0.006567419276170863 0.07344035437647933 0.682698915444224 0.6824619892404904
14 0.0054972664412255645 0.08315974809279103 0.6871089899227584 0.6839581852983718
15 0.005113024861200996 0.08366211585050311 0.683154768907975 0.6831843393235781
16 0.004842934484841166 0.08429735062972404 0.682759135118465 0.6827004243668497
17 0.004089425911181982 0.08573430812773593 0.6870188553872154 0.686141421831028
18 0.0041127146562385765 0.08625194337358862 0.6923249830203916 0.6908707952260651
19 0.0036296926489231356 0.08850649798072312 0.6867091223726173 0.6851155422929972
20 0.0035383678920704177 0.08967936463901441 0.6879278883606343 0.6877856067334867
21 0.0030551067207870114 0.08647781094912568 0.6877754172705347 0.6877320116501224
22 0.003055508647418808 0.0901116416307069 0.6843413917396209 0.6834750111147139
23 0.0026054659565393607 0.0956708572510597 0.6825051094805934 0.6820619199162994
24 0.0027746209846000163 0.09592810058203256 0.6912971819197921 0.6907684357849684
25 0.0025415223365161752 0.10752574290881944 0.6816456003650839 0.677743017771036
26 0.0024557921226034834 0.09763760675548583 0.6878040508621719 0.6876272167285238
27 0.0023385886065160795 0.09920367096959003 0.6830776141912089 0.6828892172842966
28 0.0023966854643107487 0.10064140898833664 0.6786181829768951 0.6782985736006752
29 0.002191913911219665 0.10365950599270513 0.6876714673055634 0.6875917267485223
30 0.0021221902523182808 0.10179765072250116 0.6807440321801462 0.6794143093420782
31 0.0020833962544661196 0.10319175866590842 0.6812598267812545 0.6812827709917167
32 0.002017491247622203 0.1064608991357434 0.6871273176497013 0.6865952356288616
33 0.0021402765285051125 0.09633003727494228 0.6887257851174846 0.6880561145562462
34 0.0016372314054506245 0.11249635652038344 0.6775503282724296 0.6771506418769466
35 0.0019222138977342581 0.10060867970853164 0.6873439636377897 0.6867426218677182
36 0.001760737035298812 0.09984961894764904 0.6870902165368017 0.6871340704109438
37 0.0016342536687639802 0.10441417792454877 0.6862055833943886 0.6861023596580673
38 0.001621415859094701 0.10260255100540742 0.6856487324566329 0.6856788821902927
39 0.001535711067055742 0.10586978850213957 0.6885974353215074 0.6875852875442467
40 0.0015268521085830885 0.11034379986433529 0.6918208869683957 0.6903733808459088
41 0.0016107931750124348 0.10949816951028109 0.6912401932734011 0.6912860377913881
42 0.0014519473843566636 0.11104854073185252 0.6891219759807617 0.689141739986985
43 0.0013726192586413619 0.1089340440062416 0.6786537242832466 0.6779367485239178
44 0.0014998774812976679 0.1169277951550239 0.6853583299017589 0.6841543944022281
45 0.0014941510913522103 0.10819108025123465 0.6820375574677298 0.6811132840793859
46 0.0013673606607489655 0.106899678347834 0.6884139352225709 0.6874318523240419
47 0.0013426054009424016 0.10976558855468874 0.6846773629286571 0.6834994171064182
48 0.0011995305784091225 0.11452102643984231 0.6872776718594855 0.6867677437238955
49 0.00144460555392905 0.10797661628767452 0.6849247593886985 0.6827876096213773
50 0.0012199594428546092 0.11341663470267056 0.6848930061839644 0.6843061127313
51 0.0012455463516855476 0.11261861903747414 0.6862204015565978 0.6841901716653864
52 0.0012554883735462438 0.11447323651245554 0.6878769718183065 0.6876348703729773
53 0.001117251235352502 0.11982762329056598 0.6884290319216638 0.6858408019321339
54 0.0011923643560260734 0.1142723626223586 0.68468003688274 0.6845926492750524
55 0.001067246702180811 0.11395800830266441 0.6873065839880064 0.6871271507184893
56 0.001117715279423926 0.11295643577875249 0.6883587849196121 0.6877381337584565
57 0.001022794965080803 0.1200805738512439 0.6875542589849314 0.6874414225323353
58 0.0010970616947758819 0.12123795759671609 0.6848186925434117 0.6829535828246741
59 0.0010741772527443016 0.12001982021933254 0.685673132287639 0.6856579186425273
60 0.0011365368436032416 0.11276102715743597 0.6747342089641637 0.6718026633138765
61 0.0009752835563555113 0.12130951105550009 0.6900280564632145 0.6894070908201431
62 0.001033882705310314 0.11951284143976909 0.6883545511589808 0.6881339359540244
63 0.0009630286902504715 0.1221101955984185 0.6815679999893042 0.6800581338439781
64 0.0010362053520794725 0.11608154601054618 0.6858012035467327 0.6858440887971089
65 0.0009058652580658447 0.1134109526111788 0.6889318467039951 0.6889577477705795
66 0.0009478229253271016 0.1190197058637413 0.683736576750504 0.6833742769605289
67 0.0008490919398336235 0.12300316372554673 0.6846734077049096 0.6845902603103514
68 0.0009225619563609357 0.11487171525064463 0.6896236766155585 0.6894598439811072
69 0.0008798111527602211 0.12076100227422236 0.692190561120351 0.6919714910668743
70 0.0008799305116172499 0.12696160019145233 0.6892319980497962 0.6882797737625455
71 0.0008601058321606207 0.12038888007616252 0.681073931265119 0.6809414977624225
72 0.0008360171675665976 0.12249721641281341 0.681182393527605 0.681177447211395
73 0.0008222707283144862 0.12013076013179448 0.6891702185690067 0.6885826290132211
74 0.0008562784568220029 0.12007170442995893 0.683364785718233 0.6834015846459149
75 0.0009028181102339307 0.12130957449514879 0.684974116124478 0.6849110415739343
76 0.0008005761025340268 0.12637227416553204 0.6888143598464794 0.6884656833325606
77 0.0007693451174701658 0.12220759404738957 0.6888456673921995 0.6888869884871601
78 0.0008047098027787927 0.12058272971477171 0.6963980835771089 0.6962848900670513
79 0.0007557267893367497 0.12732161510466594 0.6925268108462708 0.6925242240342975
80 0.0007496110734353217 0.12640687720015603 0.6828628065465526 0.682898611458045
81 0.0007631630604069591 0.11798472166802357 0.6852485863696082 0.6852611293770428
82 0.0007625163174892107 0.1197303833641036 0.6806120056973048 0.68062979111696
83 0.0007150291445939165 0.13095242339243093 0.6838317806573292 0.6831505753505196
84 0.0008110689737238765 0.1272629674131835 0.685555088356356 0.6842909320783873
85 0.0009419316352497716 0.11959536381385351 0.689117463683247 0.6890702861079073
86 0.0006861184918696868 0.1217287007639091 0.6950886259797813 0.693429941504026
87 0.0006974422422810544 0.12208352916361633 0.6920555821465434 0.6916243714185475
88 0.0007565392635092989 0.12674913242466757 0.6836254405339351 0.68357020882694
89 0.0007773700819384763 0.11768192324079368 0.6948258542837635 0.6942646652587305
90 0.0006836154702509458 0.11983534896571606 0.6930974772134545 0.693121301775148
91 0.0007600195256436621 0.12042886662364861 0.6865792127700916 0.6864474311993918
92 0.0006477591957503758 0.12495928925558261 0.6951557533687365 0.6952030993280532
93 0.0007612525318315191 0.11340047379288354 0.6874744303140827 0.6869241877031131
94 0.0006840456029266745 0.12160544371427885 0.6887790970770117 0.688623556461608
95 0.0006236952726554681 0.13326634185106787 0.6866526907999937 0.6865297353572681
96 0.0007583023476236047 0.12490918717802257 0.6880734517360201 0.6871032122810397
97 0.0006323999357455332 0.12775791495641853 0.6900373595951278 0.6900760891492437
98 0.0006082111386228579 0.12403199027817532 0.6879525667285241 0.6879777843497403
99 0.0007535044513614029 0.11701865606948586 0.6929799903559389 0.6929190413408289
100 0.0006309390919439945 0.13203311200441234 0.6880713348557044 0.6873816720965318
101 0.0006305636642184204 0.12656398994380993 0.6820248561858363 0.6820608155927587
102 0.0006716480671831403 0.13429962752834912 0.6885001145343665 0.6873566631687296
103 0.0006487668546209333 0.12835931587742383 0.6858958503797906 0.6854461989413803
104 0.000687073292216931 0.1281682973540791 0.6870265987125802 0.6863987746078487
105 0.0006348900087732803 0.1268525361895422 0.6828254268967694 0.6828009942698821
106 0.0005754575546077061 0.12332771036136929 0.6842093652567798 0.68424805410114
107 0.0006226460293712785 0.13318445862344086 0.6914159500469724 0.6883886935617103
108 0.0006202803103349746 0.13530959170662898 0.6831927056315256 0.6827771980972153
109 0.0006940423217885358 0.12150664710225753 0.6907641737392753 0.6897587165727723
110 0.00046513368362281933 0.13608566655067364 0.6931945194637117 0.6931919238735281
111 0.0006434798238485387 0.1364929777115208 0.6838903291102685 0.6829369525308375
112 0.0006071824920660769 0.12367905765128424 0.6908771482992762 0.6904584280271152
113 0.0005779478932556132 0.12018181118556578 0.68795808175882 0.6852808747751052
114 0.000556700103973479 0.1274849346388382 0.683044468302057 0.6828264812683698
115 0.0005626361420195816 0.12427913863413892 0.6902892683526839 0.6902400769957403
116 0.0006050860914519434 0.12857197819893967 0.6917744827235826 0.6904258254827469
117 0.0006415686362342142 0.12725706446444066 0.6851202365736309 0.6851631119843447
118 0.000559805024562542 0.11520701380384082 0.6847444903176123 0.6847553168891836
119 0.0004936611022283761 0.13917035920271642 0.6944588540858911 0.6939424839775363
120 0.0005323930982869296 0.13381377454295731 0.6940544742382351 0.6939466428577316
121 0.0005258486645035829 0.1318675691348757 0.6920977526307251 0.6919566016885215
122 0.0005101642171789624 0.13434367908184516 0.6839725531983164 0.683909699545038
123 0.0005682353248390024 0.1297850649305892 0.6855492947891766 0.6855510476649804
124 0.0004782897640048544 0.13473714693093877 0.6918033948521036 0.6910198769571438
125 0.0006506233388509487 0.135078280022899 0.6881840308788217 0.6873123873181788
126 0.0006029152339902468 0.12774166913901067 0.693956596377327 0.6922110040036709
127 0.00047868909383591557 0.13585995395814746 0.6899138006335489 0.6898567186096319
128 0.00048560450185148154 0.13171113580145188 0.6860732783746638 0.6860837605773433
129 0.0005294367066066868 0.13514739101039422 0.6891768477468372 0.6885798538815145
130 0.0006238466384627416 0.13363927263681366 0.6878122398465508 0.6855484615051887
131 0.0005822429720837034 0.12917397525728333 0.6909238310809727 0.6908918239077786
132 0.0005548500802352241 0.12452687148428668 0.6895815061313767 0.6891139213013993
133 0.0005169485770516961 0.11820121139625792 0.6924692651261125 0.6924141258987686
134 0.0006260410158860003 0.1224262963681832 0.6898207136070393 0.6898649035589735
135 0.0005008656439063738 0.12621475480889738 0.689370208051454 0.6887653563782276
136 0.00048256812550673907 0.13072535701639343 0.6900060520494076 0.6896306433753634
137 0.00044919365735661345 0.138854601857124 0.6936673079699874 0.6930926423199288
138 0.0005246152377794313 0.14339331829776353 0.6885561004479764 0.688598954093864
139 0.0005604715512890756 0.13097436258881873 0.6841430734784755 0.6841709289260578
140 0.0004924461347424031 0.136941562431583 0.6890822009137794 0.6891120171902438
141 0.0004962369473010237 0.136305796678369 0.6777624619630032 0.6775812066715069
142 0.00060931381264713 0.12860163085601806 0.6827920024707335 0.6828072368765592
143 0.0004129550459406839 0.14288996578727306 0.688470923868962 0.6852405837881368
144 0.00043699763373202416 0.13904604794651496 0.6790156551098372 0.6790094981616187
145 0.0005779775158918803 0.12320015647652331 0.6880450966812663 0.6879390524230959
146 0.0005362320411887627 0.12215181907563383 0.6829935517597292 0.6828708539395063
147 0.0004781816159903272 0.13810181785274936 0.6843832836869193 0.6831251102880728
148 0.0005037853082925403 0.13204856772880505 0.690360072428503 0.6903562090905244
149 0.0004950210837662491 0.1370027449320815 0.6883147760919982 0.6881293511268816
150 0.0005159838459783587 0.12846869668279878 0.6903664230694497 0.6899598158747342
151 0.000488687598205286 0.1344266470784745 0.6896276318393061 0.6882279831921527
152 0.0004000785157234362 0.14128090503636295 0.6864227864562442 0.6862500013968182
153 0.000571921048833649 0.11419911069017548 0.6855291287188017 0.6855214342533607
154 0.0005054809064278323 0.12135413697403719 0.688274722488132 0.6875283814538702
155 0.0003034963815213301 0.1427381768525542 0.6885826171592982 0.6886271461433418
156 0.00048549983450176936 0.1401674826628683 0.6842024575420658 0.6840998228775765
157 0.0005038624564200421 0.1324872679569557 0.6878812055789378 0.6872265326924255
158 0.0004314308401404188 0.141686603582335 0.6771194317134519 0.676043361875714
159 0.0005051806950620264 0.1369875919199074 0.682325286068521 0.6821248670318844
160 0.0004534238511251599 0.13416544868300073 0.6907445647426677 0.690472217587185
161 0.0004999887742322182 0.13356174963447795 0.6853230671322912 0.6844903832654781
162 0.0004880627927180533 0.12702864798728156 0.6832669078573249 0.682520823464349
163 0.00040587303426824624 0.14138280412035317 0.684194268557687 0.6837831900694229
164 0.0004895284306499196 0.13153146270588886 0.6798424639952083 0.6797542516305204
165 0.00043508641094039364 0.13602714034799102 0.686904321020666 0.6868791958346172
166 0.0004964524418512219 0.13784288334021996 0.6891898275656144 0.6876517919385791
167 0.00045375931791005085 0.1335548878459817 0.6916069149343901 0.6914582317314684
168 0.0004591865793592377 0.13434233991832478 0.6886817762898709 0.6884670711784322
169 0.00036540152290230566 0.144301605228238 0.686878082846228 0.6868793681980495
170 0.0004985604512673759 0.11943904652908113 0.6865198287065015 0.6865571792435576
171 0.0003929890727014949 0.13464550580223314 0.6890331227148834 0.688402696813453
172 0.0005077600299148349 0.1265686502434337 0.6834509650300286 0.6834928897667549
173 0.00038641457109595396 0.14539591475300076 0.689170775642774 0.689207590854038
174 0.0005163641205255331 0.1323055824635789 0.6853302533838889 0.6853710571106602
175 0.0004374680839864355 0.12699277770416317 0.6869504467285954 0.6864317849825656
176 0.0004157352870378167 0.1304399166485868 0.6839150074781583 0.6837791338531483
177 0.0004168537071186911 0.12218180279306205 0.6873354961165273 0.6873391434511944
178 0.0004352003961273187 0.13185723137742825 0.6845848329759148 0.6842981283228902
179 0.0004228697147916212 0.1348413292046008 0.689975023040571 0.6894286785421431
180 0.00041029624028844153 0.13641764725701896 0.6860045911791604 0.6860450781802605
181 0.00043321266268760817 0.13299775575156714 0.6863935957908398 0.6863730977598725
182 0.0004458220036290296 0.12777860837782026 0.6841136042761873 0.6830569315951952
183 0.00036934572152483585 0.14259179110699444 0.6869106716616129 0.6864439388756464
184 0.0004455438051049748 0.14245934403689797 0.6872288721974733 0.686276215800655
185 0.0004842348378485429 0.12479980114021307 0.6862390078204244 0.6862815132983799
186 0.0003193032203857706 0.1382313663382055 0.6844790446675115 0.684520626183576
187 0.0005042082271832035 0.13366989512757976 0.6925527704838252 0.691320111040503
188 0.0003629329910630108 0.14200327057569262 0.6920513483859122 0.691944112712853
189 0.0005391928829577185 0.12978894853379827 0.6902160688596656 0.6897895363919956
190 0.00037651667914047663 0.13447692677759077 0.6876452291311255 0.6876761435533729
191 0.000338526823183538 0.15103142110380247 0.6869143483484768 0.6832991146857859
192 0.00039632222953896217 0.1531423247422328 0.676780786570333 0.6766134254262897
193 0.0004537728947158137 0.135340331428338 0.6854691875814443 0.6851291480212427
194 0.0004173946723335606 0.14513963286922807 0.6786802409945683 0.6780047375256177
195 0.00039270074995306726 0.13980520002844785 0.6902889898158001 0.689769392380303
196 0.00037624955314084497 0.14314988893312233 0.6868772472355771 0.6856409355942785
197 0.00045801023039785977 0.143497161655897 0.6838529494604851 0.6834526190393123
198 0.000374228893664429 0.14695221480727988 0.690687297559393 0.6906860248522894
199 0.0003764866832107738 0.14841165932291028 0.6888896762198133 0.6887764298039538
200 0.0003587357161711569 0.14921195598620127 0.6864975457558109 0.686502351471773
