Job is using 1 GPU(s) with ID(s) 0 and 8 CPU core(s)
torch cuda is available: True
Warning: You are sending unauthenticated requests to the HF Hub. Please set a HF_TOKEN to enable higher rate limits and faster downloads.
TRAIN_CSV=training_data/AV/train.csv, DEV_CSV=training_data/AV/dev.csv, MODEL_NAME=microsoft/deberta-v3-xsmall, BATCH_SIZE=100, MAX_LEN=30, LR=2e-05, EPOCH=200, DEVICE=cuda
torch.Size([100, 30])
cuda
Loading weights:   0%|          | 0/198 [00:00<?, ?it/s]Loading weights: 100%|██████████| 198/198 [00:00<00:00, 37385.08it/s]
[1mDebertaV2Model LOAD REPORT[0m from: microsoft/deberta-v3-xsmall
Key                                        | Status     |  | 
-------------------------------------------+------------+--+-
mask_predictions.LayerNorm.bias            | UNEXPECTED |  | 
mask_predictions.dense.bias                | UNEXPECTED |  | 
deberta.embeddings.word_embeddings._weight | UNEXPECTED |  | 
mask_predictions.dense.weight              | UNEXPECTED |  | 
lm_predictions.lm_head.LayerNorm.weight    | UNEXPECTED |  | 
lm_predictions.lm_head.bias                | UNEXPECTED |  | 
lm_predictions.lm_head.dense.weight        | UNEXPECTED |  | 
mask_predictions.classifier.weight         | UNEXPECTED |  | 
lm_predictions.lm_head.LayerNorm.bias      | UNEXPECTED |  | 
mask_predictions.classifier.bias           | UNEXPECTED |  | 
mask_predictions.LayerNorm.weight          | UNEXPECTED |  | 
lm_predictions.lm_head.dense.bias          | UNEXPECTED |  | 

[3mNotes:
- UNEXPECTED[3m	:can be ignored when loading from different task/architecture; not ok if you expect identical arch.[0m
CustomBERT(
  (encoder): DebertaV2Model(
    (embeddings): DebertaV2Embeddings(
      (word_embeddings): Embedding(128100, 384, padding_idx=0)
      (LayerNorm): LayerNorm((384,), eps=1e-07, elementwise_affine=True)
      (dropout): Dropout(p=0.1, inplace=False)
    )
    (encoder): DebertaV2Encoder(
      (layer): ModuleList(
        (0-11): 12 x DebertaV2Layer(
          (attention): DebertaV2Attention(
            (self): DisentangledSelfAttention(
              (query_proj): Linear(in_features=384, out_features=384, bias=True)
              (key_proj): Linear(in_features=384, out_features=384, bias=True)
              (value_proj): Linear(in_features=384, out_features=384, bias=True)
              (pos_dropout): Dropout(p=0.1, inplace=False)
              (dropout): Dropout(p=0.1, inplace=False)
            )
            (output): DebertaV2SelfOutput(
              (dense): Linear(in_features=384, out_features=384, bias=True)
              (LayerNorm): LayerNorm((384,), eps=1e-07, elementwise_affine=True)
              (dropout): Dropout(p=0.1, inplace=False)
            )
          )
          (intermediate): DebertaV2Intermediate(
            (dense): Linear(in_features=384, out_features=1536, bias=True)
            (intermediate_act_fn): GELUActivation()
          )
          (output): DebertaV2Output(
            (dense): Linear(in_features=1536, out_features=384, bias=True)
            (LayerNorm): LayerNorm((384,), eps=1e-07, elementwise_affine=True)
            (dropout): Dropout(p=0.1, inplace=False)
          )
        )
      )
      (rel_embeddings): Embedding(512, 384)
      (LayerNorm): LayerNorm((384,), eps=1e-07, elementwise_affine=True)
    )
  )
  (classifier): Sequential(
    (0): Linear(in_features=384, out_features=1, bias=True)
  )
)
1 0.0069585876699786485 0.006766003419019017 0.5503608612449573 0.5486307953556399
2 0.006745469717645992 0.006727119876967235 0.5663095489574252 0.5552200541651514
3 0.006569984899917689 0.006567360631575792 0.584706241632752 0.5808517946463981
4 0.006403953260689401 0.006505640603734956 0.6110995054076265 0.6110891083593746
5 0.006181026651748626 0.006468567847409909 0.60816138694433 0.6080920751473706
6 0.005903169076651355 0.0064324157356957295 0.6234518362934005 0.6230399174831354
7 0.005637335540313122 0.006518083344352438 0.6217767711826186 0.6211113799128143
8 0.005289980265785694 0.0065358447775943395 0.6308313367809515 0.627516167651271
9 0.004879916506246915 0.007016749811077007 0.630466732000278 0.6283212719494113
10 0.004455465797671955 0.007234821987136187 0.6462066841721525 0.6448125097988577
11 0.004079018933803314 0.0073323959443359525 0.6460810083302583 0.6457486050964254
12 0.0036482844708327494 0.007887059845988826 0.6454748006567231 0.6438377370861341
13 0.0032880268110982444 0.008251083368612971 0.6508297279519116 0.6491669221595451
14 0.003004167739020128 0.008560917183729477 0.6470425176525535 0.6459984762383684
15 0.0026279736984200007 0.009027933768073964 0.6511831912572397 0.6479994764169466
16 0.002322603224494051 0.009709330993921595 0.6509191382915573 0.6508258706734208
17 0.0020920515445311725 0.009769460364452651 0.6467848153278178 0.6464079399987965
18 0.0018932530973490027 0.0107142785027929 0.6496428265833819 0.6492426129058413
19 0.0016984670337631738 0.010131769947708896 0.6514892475849738 0.6514782350617343
20 0.0015399484451357115 0.010950622575700373 0.6489597427299646 0.6487543794452764
21 0.001391682301344775 0.011925456739916102 0.6520774060684498 0.6520896219214471
22 0.0012533997773403966 0.012178678684037296 0.6537437251210855 0.6518933542776066
23 0.0011861168502525772 0.012750251492494417 0.6556046857480029 0.6494000294140765
24 0.00111530931386251 0.01250203512515764 0.6545403406082713 0.6545102150487325
25 0.0009409441879056269 0.012972340199101175 0.6522479263486087 0.6521527538260451
26 0.0009455207525202478 0.01309862022266232 0.6539434360666491 0.6539482978494582
27 0.000845477617831003 0.013617338460692774 0.6541998571217202 0.654172710117126
28 0.0007872208446863698 0.014531367582569094 0.6550067784736 0.6549016869200432
29 0.0007499369018722369 0.014735826999620387 0.6557402217955779 0.6539100833706237
30 0.0007171165164733521 0.014372391084508388 0.6570735221501443 0.6556514630732669
31 0.0006347028473560921 0.014582095670517072 0.6575118834976034 0.6574953967444779
32 0.0006481469765675312 0.014718787490714876 0.6551040992607409 0.6550421379419755
33 0.0005703302111351463 0.01594908351236207 0.6511782333007111 0.650110271651201
34 0.0005928083953201324 0.015217817070367597 0.6548609365613308 0.6548365621492951
35 0.0005415404614761757 0.015151856847862041 0.6540208693202987 0.6540436797472327
36 0.0005759516117912191 0.015554974458262575 0.6585463137760332 0.65807126255673
37 0.0005144430602723569 0.01585535415918028 0.657037980843793 0.6548652654973298
38 0.0005401829208923846 0.01582976610298927 0.6537973156174962 0.6535930744609052
39 0.00048022007054736185 0.016047778520245158 0.656527812687734 0.6562656336799639
40 0.00046269995797263385 0.016056538692364883 0.6603192567477231 0.6591005388550755
41 0.00045818611267592 0.01644856767067224 0.6550818163100502 0.6547607767906676
42 0.0004075503755999355 0.017253924715047525 0.6550483918840146 0.6540197746674019
43 0.0003753301401551876 0.016820455878480696 0.6603487259500113 0.6603696148475482
44 0.000376519759434623 0.017682274633509756 0.6580645006747278 0.6579197699605017
45 0.0003851883480987641 0.017309064680519914 0.6590660636008892 0.6589209803898857
46 0.00037235193220295506 0.01693785624215266 0.6602200976171504 0.6599361287448491
47 0.00038839001332190045 0.016431757609314698 0.6595502721193939 0.6594176501031781
48 0.00035372996463566735 0.018763673140412676 0.6597507072608549 0.6569675120279863
49 0.00031486434622440346 0.017786845229174484 0.659342650726335 0.6593690967752721
50 0.000371779881015345 0.017457399069119153 0.6564196289621315 0.656368171777108
51 0.00031993100729935407 0.017680325134954607 0.6568017258590969 0.6559267646891438
52 0.00031802470388181826 0.018010977063257785 0.6622115249203607 0.6595696318618913
53 0.0003248550225406652 0.01757095458013037 0.6636291662432906 0.6627838542630007
54 0.0002925075851025721 0.01833106439896941 0.6597660824968313 0.656381150882746
55 0.0002807795612336022 0.019287040709812693 0.661300375066626 0.657200158075016
56 0.0002866991777675805 0.017853043004982305 0.6643390453449134 0.6639255353177871
57 0.0002930676106417643 0.018400864113397596 0.6560953563222078 0.6552033455027467
58 0.0002893475982871063 0.01808918805427112 0.6610607219319495 0.6610479404300416
59 0.0002754995740276758 0.018432990887637293 0.6631895236261669 0.663079603776145
60 0.00026661792239359886 0.01893119294436929 0.6641260760436889 0.6606927193972967
61 0.0002693244802944414 0.01810925776266642 0.6655193175356126 0.6638755028408029
62 0.00026329833828303627 0.018874703773608018 0.6639208500678293 0.6624976023837881
63 0.0002830119734683288 0.01920034420742886 0.6632178786809206 0.6622106334127881
64 0.00023431290459013888 0.017848535827657087 0.6670568411332574 0.6670466411416638
65 0.0002654307858773646 0.019425075479447294 0.6635999755778861 0.6607988531392421
66 0.00024719097189653346 0.017930550525925622 0.659289338766808 0.6590976920452177
67 0.00020455520623613712 0.01943815910177678 0.6599721440833418 0.6587806380730408
68 0.00023680755828790217 0.01878398345544345 0.6641043501667656 0.6626440382900437
69 0.00022520350551754774 0.018116381298455376 0.6629307071538967 0.6626029828525073
70 0.00020367804911908122 0.01948786324896161 0.6624467771722757 0.6624547909856067
71 0.0002317265795497094 0.019182566368737008 0.6595014724573817 0.6590855421456949
72 0.0002228536496860146 0.01890156510953173 0.6676417685888831 0.6657039989228866
73 0.00020223037830482827 0.019554472339584933 0.6626764029791413 0.6622552639345998
74 0.00022765198982012554 0.018923444977073982 0.6618170052783854 0.6616597367177841
75 0.00022459090314163693 0.01981440844409318 0.661699239883986 0.6614383447355248
76 0.00022185517671924915 0.01892018511123059 0.6591268403488975 0.6572095522350416
77 0.00020210789270075808 0.019888899351387653 0.6643658405931187 0.6643446176778053
78 0.0001971562221475731 0.01949695699027558 0.6581156957539391 0.6581198092067726
79 0.00018608345157737098 0.019967036435824096 0.6580053951480211 0.6577071424036682
80 0.00019389869223189742 0.01925481296671704 0.661254806432464 0.6609350324203079
81 0.0001835560640446018 0.019745343677909668 0.6614672186599212 0.6613921487168233
82 0.00018857120586694885 0.020324107702717684 0.6589681857399812 0.6569971201376248
83 0.00019933947316851238 0.01920364650167449 0.6597406799330442 0.6597686416696662
84 0.000177904112686141 0.019773208774749335 0.6642393291405734 0.6631945757297929
85 0.00022662693352432748 0.0196673082187461 0.6641441252337481 0.6625925618465569
86 0.00017456189270741908 0.019422474715858076 0.6630943197193416 0.6627701932788493
87 0.00016458041225401998 0.0200006982310674 0.6604614219731286 0.6604912464908428
88 0.00021887137013675616 0.019100232671740536 0.665270361269023 0.6652751188750838
89 0.00017055010745521576 0.01983835232510464 0.6687168095449464 0.6684464840157094
90 0.00014672971135061113 0.019924092845767166 0.6699132925822732 0.669946750752406
91 0.00018900065418652444 0.02051681285108964 0.6664946422873359 0.6658731865007932
92 0.00019086724140131775 0.0198177741322994 0.6607332182641759 0.6606943771698015
93 0.00015997272308523723 0.019791869971582294 0.669961535170518 0.6696088009430154
94 0.00015757210254130469 0.019802286850477167 0.6704613974618827 0.670395850234834
95 0.00017565001522450662 0.0196807658395842 0.6685529184426179 0.6675595593075546
96 0.00014950294490362266 0.020157159478760275 0.6689726735262503 0.6665951712438261
97 0.00013847353859018288 0.02154590340383101 0.6671098745559008 0.6671176460615557
98 0.00015697556913844694 0.02057784552091194 0.6669194667422503 0.6668745655622292
99 0.00017686409365764424 0.020521467324391682 0.664292919636984 0.664298131681264
100 0.00015835775853883242 0.020921879154442748 0.6605690486249637 0.6591723379651571
101 0.00015200904649302307 0.020637112807177272 0.6678252686878193 0.6658447025256686
102 0.00016658208728362797 0.019989929552490397 0.6699681643483485 0.6696078442291479
103 0.0001769383838828037 0.020145660785011153 0.6628625770321606 0.6628870261163534
104 0.000153499553058355 0.020357248302932656 0.6618411265725079 0.6618614082014324
105 0.0001340613240552513 0.020025408528552478 0.6636583569086952 0.6636526982816754
106 0.00014766792544180254 0.020951650983281153 0.6702728279916644 0.668440989936459
107 0.00012327754793066666 0.022846690426480683 0.6713602916927377 0.667766259830262
108 0.00017915728637379994 0.020626470160647423 0.6670562840594901 0.6665829644420921
109 0.00013330568088199045 0.020691224873493615 0.6671557217269466 0.6665439670204738
110 0.00015039981855712503 0.021117328105616527 0.6650181739745832 0.6650462784956842
111 0.00016340698632984744 0.02032494907006783 0.656820610659807 0.6557256572807406
112 0.00013784079047292095 0.021004262420861803 0.6687252770662089 0.6673860812402699
113 0.00016459288474567668 0.021285680504806368 0.6650221291983307 0.6643557230458058
114 0.00013416338137718832 0.020296260846311615 0.6676309056504216 0.66648369004161
115 0.000149314306935687 0.02080306962279153 0.6628113819529491 0.6626036592292632
116 0.000125761350411116 0.021908810356314545 0.6690124485932327 0.6665198444623224
117 0.00013428464641179733 0.020715516456554357 0.6661011253781417 0.6655655458528805
118 0.0001347576256515999 0.021263601623591172 0.6640099818705913 0.6640385070612029
119 0.00012791275466112384 0.02041935238439572 0.6712879278103702 0.6704769125693715
120 0.00014860001651052066 0.0202369569001563 0.6645737405230611 0.6645925339300275
121 0.00013412694759652667 0.022114340140706963 0.6633764218750836 0.6590074995205414
122 0.00011429745853707221 0.02272781155333383 0.6632348137234454 0.6580763225346131
123 0.00012488535525841094 0.021722103008618442 0.6645352467257432 0.6619407135280659
124 0.00011392794941760978 0.02092977579022297 0.6635812021919294 0.6635775468109413
125 0.00010441241234931537 0.021202536510860265 0.6713786194196807 0.6706908911086262
126 0.0001292647288651792 0.021897637106113952 0.669178456575877 0.6675707456894984
127 0.00012746355323343245 0.02036494142957866 0.6661011253781417 0.6655655458528805
128 0.0001188388739277534 0.02202707500225432 0.6627896560760258 0.662798521495243
129 0.00013270284159883926 0.02111100848163087 0.6599310877466946 0.6597266226933747
130 0.00012903006465678075 0.02104180793660363 0.6639123825465668 0.6636059592581331
131 0.00012366036203025586 0.022872093164242508 0.66222957411042 0.6611968549069978
132 0.00013123005780595764 0.021061541002580047 0.6610339266837444 0.6610102381356411
133 0.00011231027881062028 0.02374914471024606 0.6661840736620872 0.6597970004911802
134 0.0001194092767741846 0.021621910793324175 0.6600869569867747 0.6582468857557291
135 0.00015576679658165215 0.021027351925533403 0.6658091630167193 0.6649467493532134
136 0.00013339930801933001 0.020928387806607707 0.6621985451015835 0.6608900276867473
137 0.00010998013653966354 0.021025664953960316 0.6678987467177214 0.667611760775142
138 0.0001197828765684656 0.0214336721443203 0.6612972554535294 0.6613073133303213
139 0.00010291153962559717 0.02233844918916684 0.6650733242775422 0.6650337506049149
140 0.00012034139240554383 0.02140289959795344 0.6668131213600801 0.666434674624339
141 0.00013111761263094655 0.021720912626385192 0.6646331245866514 0.6642671260598018
142 0.00012647155269987623 0.021235406329153217 0.667598038298153 0.6672758142943376
143 0.00011810182469198522 0.02129473513958551 0.668675196134532 0.668699389104406
144 0.00013350895868255894 0.021304139306424715 0.6612577589234305 0.6608730796707118
145 0.00011319400213369453 0.021594741717217144 0.6666810948772389 0.666553154500583
146 0.00011536284483974535 0.022799786016775177 0.6675065110781917 0.6633315953241947
147 0.0001011164772664405 0.02180404854441413 0.6666916792788167 0.6665829644420921
148 9.331665658102395e-05 0.022444798237052522 0.6678719514695161 0.6669029579660679
149 0.00010692481835528963 0.02164423833720059 0.6619339350621339 0.6619643105169181
150 0.0001382667736726282 0.021241133268341365 0.6628424109617856 0.6627416468582062
151 0.00010187553414882131 0.022685460369594502 0.6640826242898423 0.6637725686203249
152 0.0001060031932529452 0.021408764563715956 0.6640582244588362 0.6635771089973491
153 0.00011868509398963162 0.021921932090607783 0.6685821091080224 0.6685402814649652
154 9.73185325461777e-05 0.022890810454884336 0.6622494616439113 0.6611783894074348
155 9.700447074492058e-05 0.022199843277144308 0.6720134606848531 0.6719166187165588
156 0.0001241788207582217 0.022559779823751337 0.6639190117243974 0.6636054347521025
157 0.0001060025275232224 0.02307037204807357 0.6698925694381309 0.6681747622411986
158 0.00012174576892388192 0.021457273594509198 0.6690151225473157 0.668368368410184
159 0.00010829639487999721 0.02185924419592124 0.6692895927924459 0.669226223694045
160 0.00010859205743333698 0.022366338354626623 0.6540126803359199 0.6529573615130202
161 0.0001090698868878661 0.021819877540967748 0.6641073026577321 0.6641388672595699
162 8.288056646192452e-05 0.023219038245476248 0.6667245466310853 0.6660059752991889
163 0.00010438863309401511 0.022080066127290156 0.6609347675531716 0.6608596100218858
164 0.00011595176683591627 0.02310831515355001 0.6676468379601652 0.6675681473747196
165 0.00010379874929602701 0.022550682482090058 0.6600609973492202 0.6599206757585154
166 9.328539534767063e-05 0.02258483851948545 0.6635854359525605 0.6636011652381988
167 0.00011037847393891053 0.022277151287129142 0.6626101112008371 0.6622676770376706
168 0.00010933476378576759 0.02192541796278321 0.6687231601858932 0.6677236703062497
169 9.170837431536356e-05 0.02303052280734104 0.6705780487087476 0.6692045011296981
170 0.0001303404663466046 0.021792345804462404 0.665382500218373 0.664674589355819
171 9.94024376096095e-05 0.022126717259524642 0.6639214071415966 0.6638736484380552
172 8.873282989280471e-05 0.02294314770910988 0.6701161231409334 0.6693106477185351
173 0.00010246039830252772 0.02247126172465314 0.6671626294416606 0.6670736620756883
174 0.0001096346084977156 0.021629818906454656 0.6671072006018178 0.66677419639556
175 8.801577466638935e-05 0.02237176272540106 0.668723438722777 0.6684463732394945
176 9.202650251017128e-05 0.024167419116444926 0.6679361263675047 0.6671472542056841
177 9.207976149785655e-05 0.023006369071831873 0.6643101332163923 0.6634417839700755
178 9.322175429467066e-05 0.022633894365458023 0.6609522596694637 0.6609824089022885
179 0.00010711223771705928 0.022444816994663074 0.6631009488971722 0.6627694796772292
180 0.00010437103919061075 0.021518603601301332 0.6602421020309572 0.6597309258006658
181 9.701952412742309e-05 0.022394471647503498 0.6664593795178683 0.6661041777291301
182 7.537671809052337e-05 0.02345822274376589 0.668614976460291 0.6680648878828177
183 8.0595186021844e-05 0.023268983536364935 0.6623488993113678 0.6610758296122824
184 9.367785931166336e-05 0.02358306866545083 0.6658253738633466 0.665785769975433
185 9.930766178194217e-05 0.023556713108703727 0.6662843469401943 0.6648036839045873
186 8.264516183778159e-05 0.022848557654116163 0.6633929112585946 0.6632564835079161
187 9.639914757518125e-05 0.02260085934890882 0.6662164953553418 0.6662406361817506
188 0.00012249765370430355 0.02238685975742324 0.6655612094829106 0.6633801005053857
189 9.044529367534175e-05 0.022990297539174885 0.6668239842985416 0.665938427613715
190 9.662625646346329e-05 0.023169524439304555 0.6631683548230111 0.6617800748262126
191 9.554223758133754e-05 0.02284286781242927 0.6693778889845571 0.6691139662940097
192 9.664807596078187e-05 0.022507018504309053 0.6709853810473699 0.6709058165777846
193 0.00010041325304032833 0.022743385303165685 0.659688203584168 0.6586713807423458
194 9.958992238393056e-05 0.022703211275301532 0.6598563284471279 0.6584989830486008
195 9.069224226821671e-05 0.022008557103222446 0.6609944301536455 0.6609522502376776
196 6.971043975639479e-05 0.023122645251921613 0.6675808247187445 0.6675796825456672
197 9.602917943736527e-05 0.022818693290384547 0.6642793827444395 0.6639363149969706
198 0.0001022013208653197 0.022370997761001217 0.6604319527708403 0.6589680446508069
199 0.00011403706581845494 0.021194764972230377 0.6657789696185337 0.6657144836705109
200 0.0001088961621622724 0.02105791509479667 0.6657100038861465 0.6655875226042199
