Job is using 1 GPU(s) with ID(s) 0 and 8 CPU core(s)
torch cuda is available: True
Warning: You are sending unauthenticated requests to the HF Hub. Please set a HF_TOKEN to enable higher rate limits and faster downloads.
Config: {'train_csv': 'training_data/AV/train.csv', 'dev_csv': 'training_data/AV/dev.csv', 'model_name': 'microsoft/deberta-v3-large', 'max_length': 512, 'margin': -0.5, 'epochs': 32, 'batch_size': 8, 'lr': 2e-05, 'weight_decay': 0.01, 'warmup_ratio': 0.1, 'max_grad_norm': 1.0, 'fp16': False, 'device': 'cuda', 'num_workers': 0, 'log_steps': 100, 'output_dir': 'checkpoints/av_siamese'}
Loading weights:   0%|          | 0/390 [00:00<?, ?it/s]Loading weights: 100%|██████████| 390/390 [00:00<00:00, 37570.42it/s]
[1mDebertaV2Model LOAD REPORT[0m from: microsoft/deberta-v3-large
Key                                     | Status     |  | 
----------------------------------------+------------+--+-
mask_predictions.dense.bias             | UNEXPECTED |  | 
lm_predictions.lm_head.LayerNorm.bias   | UNEXPECTED |  | 
mask_predictions.dense.weight           | UNEXPECTED |  | 
mask_predictions.classifier.bias        | UNEXPECTED |  | 
lm_predictions.lm_head.dense.bias       | UNEXPECTED |  | 
lm_predictions.lm_head.LayerNorm.weight | UNEXPECTED |  | 
mask_predictions.classifier.weight      | UNEXPECTED |  | 
mask_predictions.LayerNorm.weight       | UNEXPECTED |  | 
lm_predictions.lm_head.dense.weight     | UNEXPECTED |  | 
lm_predictions.lm_head.bias             | UNEXPECTED |  | 
mask_predictions.LayerNorm.bias         | UNEXPECTED |  | 

[3mNotes:
- UNEXPECTED[3m	:can be ignored when loading from different task/architecture; not ok if you expect identical arch.[0m
  Epoch 1 | Step 100/3456 | Loss nan
  Epoch 1 | Step 200/3456 | Loss nan
  Epoch 1 | Step 300/3456 | Loss nan
  Epoch 1 | Step 400/3456 | Loss nan
  Epoch 1 | Step 500/3456 | Loss nan
  Epoch 1 | Step 600/3456 | Loss nan
  Epoch 1 | Step 700/3456 | Loss nan
  Epoch 1 | Step 800/3456 | Loss nan
  Epoch 1 | Step 900/3456 | Loss nan
  Epoch 1 | Step 1000/3456 | Loss nan
  Epoch 1 | Step 1100/3456 | Loss nan
  Epoch 1 | Step 1200/3456 | Loss nan
  Epoch 1 | Step 1300/3456 | Loss nan
  Epoch 1 | Step 1400/3456 | Loss nan
  Epoch 1 | Step 1500/3456 | Loss nan
  Epoch 1 | Step 1600/3456 | Loss nan
  Epoch 1 | Step 1700/3456 | Loss nan
  Epoch 1 | Step 1800/3456 | Loss nan
  Epoch 1 | Step 1900/3456 | Loss nan
  Epoch 1 | Step 2000/3456 | Loss nan
  Epoch 1 | Step 2100/3456 | Loss nan
  Epoch 1 | Step 2200/3456 | Loss nan
  Epoch 1 | Step 2300/3456 | Loss nan
  Epoch 1 | Step 2400/3456 | Loss nan
  Epoch 1 | Step 2500/3456 | Loss nan
  Epoch 1 | Step 2600/3456 | Loss nan
  Epoch 1 | Step 2700/3456 | Loss nan
  Epoch 1 | Step 2800/3456 | Loss nan
  Epoch 1 | Step 2900/3456 | Loss nan
  Epoch 1 | Step 3000/3456 | Loss nan
  Epoch 1 | Step 3100/3456 | Loss nan
  Epoch 1 | Step 3200/3456 | Loss nan
  Epoch 1 | Step 3300/3456 | Loss nan
  Epoch 1 | Step 3400/3456 | Loss nan
Traceback (most recent call last):
  File "/net/scratch/q12628ct/nlu-proj-34812/code/train_av.py", line 272, in <module>
    train(args)
  File "/net/scratch/q12628ct/nlu-proj-34812/code/train_av.py", line 193, in train
    train_metrics = evaluate(model, train_loader, device)
  File "/net/scratch/q12628ct/nlu-proj-34812/code/train_av.py", line 107, in evaluate
    auc = roc_auc_score(all_labels, np.array(all_similarities))
  File "/mnt/iusers01/fse-ugpgt01/compsci01/q12628ct/.conda/envs/nlu-proj-348/lib/python3.10/site-packages/sklearn/utils/_param_validation.py", line 218, in wrapper
    return func(*args, **kwargs)
  File "/mnt/iusers01/fse-ugpgt01/compsci01/q12628ct/.conda/envs/nlu-proj-348/lib/python3.10/site-packages/sklearn/metrics/_ranking.py", line 665, in roc_auc_score
    y_score = check_array(y_score, ensure_2d=False)
  File "/mnt/iusers01/fse-ugpgt01/compsci01/q12628ct/.conda/envs/nlu-proj-348/lib/python3.10/site-packages/sklearn/utils/validation.py", line 1105, in check_array
    _assert_all_finite(
  File "/mnt/iusers01/fse-ugpgt01/compsci01/q12628ct/.conda/envs/nlu-proj-348/lib/python3.10/site-packages/sklearn/utils/validation.py", line 120, in _assert_all_finite
    _assert_all_finite_element_wise(
  File "/mnt/iusers01/fse-ugpgt01/compsci01/q12628ct/.conda/envs/nlu-proj-348/lib/python3.10/site-packages/sklearn/utils/validation.py", line 169, in _assert_all_finite_element_wise
    raise ValueError(msg_err)
ValueError: Input contains NaN.
