Job is using 1 GPU(s) with ID(s) 0 and 8 CPU core(s)
torch cuda is available: True
Warning: You are sending unauthenticated requests to the HF Hub. Please set a HF_TOKEN to enable higher rate limits and faster downloads.
TRAIN_CSV=training_data/AV/train.csv, DEV_CSV=training_data/AV/dev.csv, MODEL_NAME=microsoft/deberta-v3-xsmall, BATCH_SIZE=256, MAX_LEN=50, LR=2e-05, EPOCH=200, DEVICE=cuda
torch.Size([256, 50])
cuda
Loading weights:   0%|          | 0/198 [00:00<?, ?it/s]Loading weights: 100%|██████████| 198/198 [00:00<00:00, 37459.28it/s]
[1mDebertaV2Model LOAD REPORT[0m from: microsoft/deberta-v3-xsmall
Key                                        | Status     |  | 
-------------------------------------------+------------+--+-
lm_predictions.lm_head.bias                | UNEXPECTED |  | 
mask_predictions.dense.bias                | UNEXPECTED |  | 
mask_predictions.LayerNorm.bias            | UNEXPECTED |  | 
mask_predictions.dense.weight              | UNEXPECTED |  | 
mask_predictions.LayerNorm.weight          | UNEXPECTED |  | 
lm_predictions.lm_head.LayerNorm.bias      | UNEXPECTED |  | 
deberta.embeddings.word_embeddings._weight | UNEXPECTED |  | 
lm_predictions.lm_head.dense.weight        | UNEXPECTED |  | 
lm_predictions.lm_head.LayerNorm.weight    | UNEXPECTED |  | 
mask_predictions.classifier.weight         | UNEXPECTED |  | 
mask_predictions.classifier.bias           | UNEXPECTED |  | 
lm_predictions.lm_head.dense.bias          | UNEXPECTED |  | 

[3mNotes:
- UNEXPECTED[3m	:can be ignored when loading from different task/architecture; not ok if you expect identical arch.[0m
CustomBERT(
  (encoder): DebertaV2Model(
    (embeddings): DebertaV2Embeddings(
      (word_embeddings): Embedding(128100, 384, padding_idx=0)
      (LayerNorm): LayerNorm((384,), eps=1e-07, elementwise_affine=True)
      (dropout): Dropout(p=0.1, inplace=False)
    )
    (encoder): DebertaV2Encoder(
      (layer): ModuleList(
        (0-11): 12 x DebertaV2Layer(
          (attention): DebertaV2Attention(
            (self): DisentangledSelfAttention(
              (query_proj): Linear(in_features=384, out_features=384, bias=True)
              (key_proj): Linear(in_features=384, out_features=384, bias=True)
              (value_proj): Linear(in_features=384, out_features=384, bias=True)
              (pos_dropout): Dropout(p=0.1, inplace=False)
              (dropout): Dropout(p=0.1, inplace=False)
            )
            (output): DebertaV2SelfOutput(
              (dense): Linear(in_features=384, out_features=384, bias=True)
              (LayerNorm): LayerNorm((384,), eps=1e-07, elementwise_affine=True)
              (dropout): Dropout(p=0.1, inplace=False)
            )
          )
          (intermediate): DebertaV2Intermediate(
            (dense): Linear(in_features=384, out_features=1536, bias=True)
            (intermediate_act_fn): GELUActivation()
          )
          (output): DebertaV2Output(
            (dense): Linear(in_features=1536, out_features=384, bias=True)
            (LayerNorm): LayerNorm((384,), eps=1e-07, elementwise_affine=True)
            (dropout): Dropout(p=0.1, inplace=False)
          )
        )
      )
      (rel_embeddings): Embedding(512, 384)
      (LayerNorm): LayerNorm((384,), eps=1e-07, elementwise_affine=True)
    )
  )
  (classifier): Sequential(
    (0): Linear(in_features=384, out_features=1, bias=True)
  )
)
1 0.0027171250634741447 0.0027159896514341348 0.5536956162305448 0.5507612354610207
2 0.002632117765631081 0.0026871271887705557 0.5646085799164657 0.5593130765679584
3 0.002581932347370152 0.002640275670355038 0.5786255029261971 0.5779253325679361
4 0.0025195943219476365 0.00259899787745292 0.5957141306886146 0.5945573895863872
5 0.0024470756429367194 0.00259346747545573 0.6049392165671065 0.603596566611892
6 0.0023618710803057553 0.0025763515337627837 0.617146541151262 0.6171597376138722
7 0.002285066059071011 0.002572036845724232 0.6260391654054517 0.6259990028375628
8 0.0021829936558097245 0.0026606095666661 0.6308965144117211 0.6158629616979707
9 0.0021015332601860707 0.0025769883775162055 0.6441311944374625 0.644125105004334
10 0.001986227957353584 0.0025652724893348118 0.6474989281900718 0.6471781674043311
11 0.0018709511145907857 0.0026106271882218707 0.649192042490913 0.6491655582365824
12 0.0017444482998681845 0.0026535874174529557 0.6572573007859642 0.6567193937459367
13 0.0016527065795474368 0.0027605423381486523 0.6554454183579426 0.6542595722806238
14 0.001538366706793152 0.0027843359891986004 0.6537119719163516 0.6527188242298514
15 0.00140915682281068 0.0029325757642510776 0.6610954276276501 0.6603009794898278
16 0.0013015000079193298 0.0029871122737211713 0.6581286755727164 0.6580544665947614
17 0.0012276110662520633 0.003090563927193267 0.6620548200696298 0.6606959008061404
18 0.0011007345602920577 0.003226427955936156 0.662514907294012 0.6618539592699189
19 0.0010078784489525566 0.003323509749637389 0.6668351257738869 0.6662037074168834
20 0.0009246043734503385 0.003500176912234857 0.6606130574525774 0.6582516967744529
21 0.0008334365513296879 0.0036302788735390825 0.6573663201222174 0.6572422205976439
22 0.0007721605097743402 0.003758292613514035 0.6623359194925905 0.6619231055381511
23 0.0007042893473139393 0.003909657609377205 0.6612280111842586 0.6601949727628094
24 0.0006373807390609965 0.004019808942281442 0.6652040694907188 0.6651847449044412
25 0.0005962636582012981 0.004040423178342593 0.6622861170977973 0.6611441702947742
26 0.0005559261259050966 0.004244960191829484 0.6674750364103414 0.6669541921676956
27 0.0005055605007857554 0.004406813496682435 0.665970380164965 0.6644438922146605
28 0.00046829304567954993 0.004475051177556499 0.6604839834607027 0.6599588832907692
29 0.0004353074618558508 0.0046834095022066915 0.666262621063271 0.6659409128471736
30 0.0004407165884902619 0.004627441606039439 0.6626875444544866 0.6624393623872659
31 0.00038409212811230467 0.004805804542164044 0.6685601046942156 0.6685835495697934
32 0.00035965272787036193 0.004749881540935305 0.6663270744981434 0.6663581397930454
33 0.0003385872730406943 0.004990072594885633 0.6679547326313312 0.6676177907844504
34 0.00031428776180908474 0.005075710475812785 0.6667691125324662 0.6667155119178654
35 0.0002804912521088084 0.005253267620394748 0.6676447210798496 0.6676458231765343
36 0.00026987856942290394 0.005385890242533474 0.6708413774785327 0.6702092629278809
37 0.00027313428096982896 0.005396941856691082 0.6713698733615346 0.6709292016671011
38 0.00023714339402573838 0.005477074965717756 0.6688101751083397 0.6687653738700602
39 0.0002483177620293465 0.005460258917042315 0.6705674643071696 0.6704310920890626
40 0.0002435502000440113 0.005636665949574023 0.6672273614134164 0.6668175681042015
41 0.00024884334459021655 0.00541287574071071 0.6698376976720556 0.6694343986241809
42 0.00020981863192539847 0.005725662536818416 0.6728071236810721 0.6726132323853309
43 0.00021236018815313308 0.005487290642883311 0.6720490019912044 0.6720761520384001
44 0.0001773519105046262 0.00577613206612294 0.6750645537081503 0.6749341201052297
45 0.00019200089819616396 0.005820029509519071 0.665707887005831 0.6656836568122546
46 0.00018171355856285164 0.006004496068682353 0.6711893257535648 0.6709300495279652
47 0.0001978050004089163 0.005730085513756069 0.6689894414466449 0.6686922552692172
48 0.00017554482585747388 0.005948934335452417 0.6720269975773976 0.6720561562198195
49 0.0001581103890973623 0.006150020515503001 0.6718432189415777 0.671748615825734
50 0.00015984079449316642 0.006073637357164699 0.6626841463045062 0.6613284376442271
51 0.0001656675508251688 0.0062504316358917966 0.6682551625140161 0.6682570444211219
52 0.00015334595206093867 0.006175329445320637 0.6692471437713805 0.6682040763386705
53 0.00014637331776632239 0.006433183653971677 0.6722346189704563 0.6722019624906814
54 0.00015654259492081784 0.006339182265708308 0.673156353225769 0.6727755862622955
55 0.00013625229651676617 0.006309755533142955 0.6751173085939102 0.6743229538008129
56 0.0001296748662260258 0.006474719906060142 0.6722189651975964 0.6719505999101014
57 0.00011875127620642771 0.006439479229228636 0.6714764972805887 0.6714957653865798
58 0.00011562502291090594 0.006672914549720799 0.6715557688776701 0.671428947329219
59 0.00012405538083214932 0.006644292902552622 0.6714605649708449 0.6711110278291477
60 0.00012161945962233787 0.006605622188766075 0.6789689723281405 0.6786203290388111
61 0.00010933331270324068 0.006824558731631606 0.6760711860055939 0.6756929881707814
62 0.00011712641914139323 0.006838976232909647 0.6741762438788736 0.6740536235150274
63 0.00011706341338190859 0.00662854548071892 0.6763933417652019 0.67626736220169
64 0.0001196643051974392 0.006669128098273822 0.6684567118030116 0.6679128696041936
65 0.00011199675726796984 0.006751543926950013 0.6712640850531315 0.671280741614895
66 0.0001308755596629806 0.006552379874858478 0.6767542698590113 0.6765644274604452
67 0.00010767294040330282 0.0068336078763783885 0.6765012469539207 0.6753121580441396
68 0.00011313284768494223 0.006602325762489812 0.6769793833683622 0.6769850247654132
69 0.00010777146800114287 0.006730190625119922 0.6770125292575143 0.6770064373077131
70 9.115522549683497e-05 0.006749857154291141 0.6731900561886884 0.6731709369072006
71 9.068486370559732e-05 0.007108567693128861 0.6730563584845455 0.6709370319866776
72 0.00012082309674956633 0.006773800637474168 0.677421421402685 0.6772750671820258
73 0.00010917237825543189 0.006617260420837606 0.6761239408913537 0.6761415652948268
74 0.0001020938006358028 0.007044277763239394 0.6731801959830078 0.6711753232530782
75 9.953916669244989e-05 0.006874993411165514 0.6723014678225279 0.6719874702017559
76 8.145820056544615e-05 0.007143608481064874 0.6778475271272641 0.6758689758087959
77 7.840255388907637e-05 0.0070260199644361495 0.6723385689354276 0.6723326286485999
78 9.952130769853302e-05 0.007300979840860887 0.6694296411375358 0.6685851089070393
79 7.754550605014549e-05 0.0071693049554492246 0.6705101971238949 0.6705418432894801
80 8.595536252696586e-05 0.006973528332887698 0.6764288830715532 0.6764486724249631
81 7.598099164145633e-05 0.0069874788631526415 0.6761170331766396 0.67606149656113
82 7.663172807269415e-05 0.007082061259949046 0.6725642395185457 0.6725980036368462
83 7.646478914132488e-05 0.007201647889767269 0.6780318628368514 0.6780647324125246
84 9.499913651849389e-05 0.006989708512489374 0.6724873633386634 0.6717499786024058
85 8.291469840944359e-05 0.007263249374681177 0.6764731704360506 0.6765105925798172
86 9.12770207369477e-05 0.007080795409662307 0.6787255310918467 0.6777530414633972
87 7.90878451993532e-05 0.007321572256032561 0.6738092436810008 0.6736606637218258
88 7.786672113662936e-05 0.007361595308006894 0.6752263279301635 0.6752232533521298
89 6.938446807559402e-05 0.007371943342691667 0.6788631840197372 0.6788967727876573
90 6.55225117736041e-05 0.007446025700078233 0.6697255587227056 0.6696320077081004
91 8.011063109315589e-05 0.007220199166604558 0.6758630075387679 0.6758948280191595
92 7.490483535119394e-05 0.007444788533221417 0.6735064183811168 0.6732347937276895
93 6.122498082573356e-05 0.007558660079138756 0.6766521582374722 0.6766555904244334
94 6.682968726439271e-05 0.0073308712967086985 0.6732584648473082 0.6732942909551998
95 6.573713577349062e-05 0.00734268361850193 0.6722990724053287 0.6722515940592623
96 7.03172741022329e-05 0.00731699305186979 0.6704224580055511 0.669255360694699
97 6.31348657821445e-05 0.007354172645020163 0.6788411796059305 0.6788714810800202
98 6.094873123416313e-05 0.007639913254223383 0.6751751328509521 0.6750839198302583
99 7.221379649335155e-05 0.007379127587099296 0.6816355730372731 0.6815732348109464
100 5.792541704883997e-05 0.00751914004143343 0.6730288390404428 0.6727787457224891
101 6.42474245830068e-05 0.007374427721573199 0.6720938464294691 0.6712546875767762
102 7.568197773974138e-05 0.0074903072070423 0.6756267525540718 0.6753104367998917
103 6.555220795434423e-05 0.007623336021955475 0.6708066717828322 0.670761812186293
104 6.094386542915168e-05 0.007702435254453917 0.6806117271604212 0.680291673107653
105 6.232443456645328e-05 0.0073459527537477805 0.6751178656676774 0.6751551051091849
106 7.185248760448225e-05 0.0072034368645502375 0.6751549667805771 0.6745609405514219
107 6.095403195734974e-05 0.007412358812631002 0.6783590879677415 0.6783929552995742
108 5.338473518618273e-05 0.007731875533077368 0.677328612913059 0.6772473880636083
109 6.027968120681873e-05 0.007707373319753478 0.6770231136590922 0.6761097173380735
110 4.533164930633223e-05 0.007863494085983106 0.6733292689231274 0.6733538666560723
111 6.005327535560515e-05 0.007815970018712424 0.6790641762349656 0.6789373221010575
112 8.214100338503795e-05 0.0075218609293175925 0.6772119616661942 0.6769846629914354
113 5.9777060288970804e-05 0.0075579589264193545 0.6797213004508287 0.6796362055182956
114 5.596945448649028e-05 0.007703375820323499 0.6779920877698689 0.6780292078359267
115 5.1846129232043555e-05 0.007764546178566003 0.6804905636160415 0.6805187708133982
116 7.453945826419547e-05 0.007563403288072484 0.6846535201714182 0.6845826715941867
117 4.627958437221958e-05 0.007736789887802402 0.6762703398773902 0.6754632013159878
118 5.5943348635891935e-05 0.007462594637623339 0.6807891551552943 0.6807447597965508
119 4.265558503729081e-05 0.007794307803105138 0.678973763162539 0.6790125156333949
120 4.707644532973329e-05 0.007922541770954155 0.672589196423319 0.6714323912685556
121 4.362008955619872e-05 0.007923786436876908 0.6824955278117965 0.6822921109953088
122 4.660103984036082e-05 0.007983995840542706 0.6787483711163045 0.6787556255540212
123 5.760691485880864e-05 0.007771005579571125 0.6766054754557754 0.6762869759023209
124 5.05894852976812e-05 0.007880840658763603 0.6776205752744815 0.6776343662187618
125 3.9588603318615296e-05 0.007692438064663036 0.6811115894517861 0.6810623055117104
126 8.823899723376763e-05 0.007348866827118363 0.680390568874818 0.6799385570633203
127 5.319285649467059e-05 0.00774459020931932 0.6837312288423383 0.6830420690396763
128 4.541758273348864e-05 0.00795902102693341 0.6788562763050232 0.6786239798676509
129 3.741373507892137e-05 0.00805507131118558 0.6759937527519445 0.6757136874284624
130 4.668751993901076e-05 0.007886657228697407 0.6831764947848983 0.6829609062985162
131 4.7313985313856126e-05 0.007974810399775233 0.6821004510960538 0.6817687914270818
132 5.649292181385363e-05 0.007573483246068574 0.6786597963873099 0.678697197031288
133 6.369907189396356e-05 0.007594470287153046 0.6799382249758008 0.6793998362206354
134 4.705288225878694e-05 0.007594291900884283 0.6798008505847937 0.6797614988639462
135 4.436905682791088e-05 0.007829947203482289 0.6819627981681631 0.6819041808671847
136 4.077204808823445e-05 0.007962779809412963 0.6817217523490687 0.6816036648322457
137 3.9424267602381715e-05 0.007962740981358032 0.6781490711574834 0.6781869238263308
138 4.4389996991284226e-05 0.007868759305493453 0.6760868397784541 0.6752504827804363
139 3.97158723298393e-05 0.008059742254584695 0.6844456202414759 0.68428631412002
140 5.1765361165729786e-05 0.007994740728979495 0.6843042906267213 0.6843166672279613
141 4.359280714985261e-05 0.007948279360906918 0.6846710122877103 0.6842899006679309
142 3.8870595108365404e-05 0.008206310623101473 0.6794094505559151 0.6794153904165217
143 4.519257875344953e-05 0.007806683847786051 0.6804131303623921 0.6804524702061588
144 5.1377503870739884e-05 0.008074118043551674 0.6829248645642256 0.6829384664370459
145 3.660780447376026e-05 0.008215967291646264 0.6804417639540294 0.6804604137137966
146 4.6677115707596344e-05 0.00823308047837732 0.6836824291803261 0.6824907564362012
147 5.7080452914378e-05 0.007878300544118793 0.6827832564125876 0.6828248008797191
148 3.7246087485125815e-05 0.008135335703594706 0.6828630850834363 0.6827655753742243
149 4.232735582554078e-05 0.008576005284503368 0.6709202034166003 0.6685194069274576
150 4.297864020853325e-05 0.008228873044883948 0.6818970634636262 0.6815233358058088
151 4.5559785076678236e-05 0.0081729177797694 0.679090971483171 0.6791300304062091
152 4.6600553928627645e-05 0.008006030940738998 0.6765267609324612 0.6758644642316716
153 3.075927936517852e-05 0.008318239831375435 0.6846821537630555 0.6844629603472767
154 4.46080255486874e-05 0.00815007807157005 0.685836744853084 0.6858203621917431
155 4.583210987410355e-05 0.008230888006107528 0.6774774073162948 0.6769852676967301
156 4.292718369293545e-05 0.008005572363905809 0.6811513645187686 0.681079357881591
157 4.027158237309754e-05 0.008225442888580379 0.6829529410820958 0.6821748765262228
158 3.341943871041419e-05 0.008212183684672573 0.6787764476341744 0.6780038422294457
159 6.185519187503474e-05 0.007873817435413693 0.6776359505104579 0.6775706681013598
160 4.298876553043255e-05 0.008091287403657284 0.686771458927174 0.6864666725080827
161 3.258392204065533e-05 0.007988328589992055 0.6868534044783383 0.6867632779106237
162 3.305501882600539e-05 0.008143309995484793 0.679025236778634 0.6780926085384678
163 3.4205967840753994e-05 0.008297044845369729 0.6831958252446223 0.681210664354205
164 5.553301437146585e-05 0.008320831544367833 0.6800012857262548 0.6791344785667088
165 3.535666827533103e-05 0.00822387900512405 0.6768247953979467 0.6768507322900628
166 3.9826712005040634e-05 0.008106745703678269 0.6784102830469529 0.6782137154133856
167 3.851783194765866e-05 0.008079883432857744 0.6795348478609258 0.678881456190089
168 3.5678396801267604e-05 0.008119328420229433 0.6797960597503951 0.6797360230393786
169 3.1089419733024216e-05 0.008348303228671416 0.6747728698836116 0.6747890902802354
170 3.0736076009701326e-05 0.008592712049708628 0.6752950151256669 0.6751371353245689
171 3.430621040520321e-05 0.00864162380222325 0.675164548449374 0.6750345560408739
172 3.506686064491731e-05 0.008477296690779339 0.6746198417197448 0.6738199794281049
173 4.3960377264118524e-05 0.00827550794571842 0.678116203805215 0.677952500269245
174 3.851777772607387e-05 0.008429716589374055 0.677106173357791 0.6760042966942132
175 3.795816623869589e-05 0.008449917103757688 0.6830927108903019 0.6831167608286253
176 3.7904872905321615e-05 0.008170983796523089 0.6828007485288796 0.6827400624272323
177 3.6111975030505784e-05 0.00820257960904645 0.6795794137623069 0.6795457067118678
178 3.704838474895893e-05 0.008526090586621078 0.6775150655029618 0.6768380184786122
179 3.577197054771811e-05 0.00841537250733308 0.6825024355265105 0.6825411514300007
180 3.259198279306508e-05 0.008756088271635156 0.6775823600140471 0.6762289570624387
181 3.911717396964948e-05 0.008246367589949608 0.6853745407483863 0.6854138312919658
182 3.81284726600219e-05 0.008504325313558568 0.6751871099369481 0.6739014459623563
183 3.83682312050408e-05 0.00839623139017157 0.6776407413448563 0.6776025884419683
184 3.451959755915105e-05 0.0083952090904507 0.6855845575586442 0.6856272667574206
185 3.3617892711380316e-05 0.008244042640812067 0.6853917543277948 0.6849464162005512
186 3.5192254854828624e-05 0.008085392899133716 0.6824716850545576 0.6824371208055529
187 2.835277706903232e-05 0.00850241752731448 0.6811296386418452 0.6810893076267859
188 3.7596865929471144e-05 0.008439038007899476 0.6781198804920789 0.6775811549839148
189 3.72325212898822e-05 0.008413365502678133 0.6784256582829293 0.6783620844477731
190 3.327227539754117e-05 0.008348536137326739 0.6855670654423522 0.6854967474536795
191 3.3214688511655686e-05 0.008395259853358582 0.6800726468758412 0.680111364307536
192 3.3738883493213424e-05 0.008253746770288756 0.6813680105068569 0.6812639519401675
193 3.8929873242338465e-05 0.008341840545581732 0.6797321633892903 0.6797701720164335
194 3.1885751280459587e-05 0.008378389341970846 0.6842889153907449 0.6843312647651356
195 5.055192134178372e-05 0.007794564700814891 0.6843332027552422 0.6843658188855337
196 3.368405866170096e-05 0.008130347810284077 0.6825512351885227 0.6825510697713029
197 3.583136676682723e-05 0.008146112537654557 0.6833051231177592 0.6833313494026975
198 3.43370099351817e-05 0.008233049785913818 0.6742892184388743 0.6737595133422942
199 3.457006081638455e-05 0.008049009539697916 0.6861636914470904 0.6861684881613062
200 3.3574090704286286e-05 0.008480534516927617 0.6816756266411392 0.6817079877134619
