Job is using 1 GPU(s) with ID(s) 0 and 8 CPU core(s)
torch cuda is available: True
Warning: You are sending unauthenticated requests to the HF Hub. Please set a HF_TOKEN to enable higher rate limits and faster downloads.
TRAIN_CSV=training_data/AV/train.csv, DEV_CSV=training_data/AV/dev.csv, MODEL_NAME=microsoft/deberta-v3-xsmall, MARGIN=1, DIST_LOWER=0, BATCH_SIZE=640, MAX_LEN=50, LR=0.0002, EPOCH=200, DEVICE=cuda
torch.Size([640, 50])
cuda
Loading weights:   0%|          | 0/198 [00:00<?, ?it/s]Loading weights: 100%|██████████| 198/198 [00:00<00:00, 36924.65it/s]
[1mDebertaV2Model LOAD REPORT[0m from: microsoft/deberta-v3-xsmall
Key                                        | Status     |  | 
-------------------------------------------+------------+--+-
lm_predictions.lm_head.LayerNorm.bias      | UNEXPECTED |  | 
mask_predictions.classifier.weight         | UNEXPECTED |  | 
mask_predictions.dense.weight              | UNEXPECTED |  | 
mask_predictions.classifier.bias           | UNEXPECTED |  | 
mask_predictions.dense.bias                | UNEXPECTED |  | 
mask_predictions.LayerNorm.bias            | UNEXPECTED |  | 
mask_predictions.LayerNorm.weight          | UNEXPECTED |  | 
lm_predictions.lm_head.bias                | UNEXPECTED |  | 
lm_predictions.lm_head.dense.weight        | UNEXPECTED |  | 
lm_predictions.lm_head.dense.bias          | UNEXPECTED |  | 
deberta.embeddings.word_embeddings._weight | UNEXPECTED |  | 
lm_predictions.lm_head.LayerNorm.weight    | UNEXPECTED |  | 

[3mNotes:
- UNEXPECTED[3m	:can be ignored when loading from different task/architecture; not ok if you expect identical arch.[0m
CustomBERT(
  (encoder): DebertaV2Model(
    (embeddings): DebertaV2Embeddings(
      (word_embeddings): Embedding(128100, 384, padding_idx=0)
      (LayerNorm): LayerNorm((384,), eps=1e-07, elementwise_affine=True)
      (dropout): Dropout(p=0.1, inplace=False)
    )
    (encoder): DebertaV2Encoder(
      (layer): ModuleList(
        (0-11): 12 x DebertaV2Layer(
          (attention): DebertaV2Attention(
            (self): DisentangledSelfAttention(
              (query_proj): Linear(in_features=384, out_features=384, bias=True)
              (key_proj): Linear(in_features=384, out_features=384, bias=True)
              (value_proj): Linear(in_features=384, out_features=384, bias=True)
              (pos_dropout): Dropout(p=0.1, inplace=False)
              (dropout): Dropout(p=0.1, inplace=False)
            )
            (output): DebertaV2SelfOutput(
              (dense): Linear(in_features=384, out_features=384, bias=True)
              (LayerNorm): LayerNorm((384,), eps=1e-07, elementwise_affine=True)
              (dropout): Dropout(p=0.1, inplace=False)
            )
          )
          (intermediate): DebertaV2Intermediate(
            (dense): Linear(in_features=384, out_features=1536, bias=True)
            (intermediate_act_fn): GELUActivation()
          )
          (output): DebertaV2Output(
            (dense): Linear(in_features=1536, out_features=384, bias=True)
            (LayerNorm): LayerNorm((384,), eps=1e-07, elementwise_affine=True)
            (dropout): Dropout(p=0.1, inplace=False)
          )
        )
      )
      (rel_embeddings): Embedding(512, 384)
      (LayerNorm): LayerNorm((384,), eps=1e-07, elementwise_affine=True)
    )
  )
)
1 0.24195500673883943 0.23045181587584604 0.5134623560744215 0.3674413125080325
2 0.2173537446255148 0.21707959161583695 0.5228654270215539 0.38850974654814113
3 0.19679258018327778 0.20996379358987666 0.5468451129923864 0.44015538066139737
4 0.17237685272931078 0.19523818692201447 0.5662593009036183 0.4754933877172018
5 0.14815899660190307 0.1868798650407083 0.6063498944679455 0.5504671197301829
6 0.12497737608386143 0.1799415207736663 0.6151672023488013 0.5601775717643668
7 0.09819988941691768 0.1938607024764569 0.641280202311366 0.6066245103584218
8 0.08264183060579439 0.1827218157410045 0.6477472716755175 0.6132802543807248
9 0.06392699678645475 0.1945112054303833 0.6654852803284329 0.6427776853820192
10 0.05221089805142388 0.19014736043776334 0.6703493699272862 0.6482773961254696
11 0.043857652880635485 0.20357905272826435 0.6794360786819902 0.6630810810570015
12 0.03577581628576502 0.19022487396591597 0.6741654923551652 0.6521925664565935
13 0.03154271698522442 0.20270913052634487 0.6927944847914406 0.6797709427788834
14 0.02699439898114411 0.20978517435278496 0.6863451860804647 0.6721943131396604
15 0.023718287552101234 0.1982665409652733 0.6879858240324297 0.6724775166088709
16 0.021725140574250713 0.21996780566096644 0.7002848429586768 0.6916026409505602
17 0.019754990548821533 0.20141859928196665 0.6961529154121365 0.6834554159671085
18 0.017139790385279085 0.19687756850765997 0.6869577443949466 0.6711779309322662
19 0.01544854403602979 0.20369502894571662 0.7003890714605316 0.6883451978833959
20 0.014070978671127974 0.2095685513612724 0.7002739800202151 0.6896037017949656
21 0.013526177076839207 0.2048114615570379 0.6980388329438274 0.68577872828271
22 0.012447156544916408 0.1984369541157392 0.6971213324491459 0.684254284118862
23 0.01166652339380134 0.20660171623363652 0.7034754272532966 0.6931418351905995
24 0.010712376634632072 0.22049326190919843 0.7100681724593424 0.7031306560169714
25 0.010365470727980493 0.20842414409116136 0.7053281988958352 0.6951825213241891
26 0.009981167162050754 0.21618316321943473 0.7035703526232381 0.6947369185269854
27 0.00907628547350508 0.21281060228836313 0.7054674116302743 0.6961290192632168
28 0.008721905770136392 0.21132622548063074 0.6994559171929899 0.6888463228694612
29 0.007916363569950395 0.20687563861329428 0.7066370994193953 0.6963987008776975
30 0.007794529774235311 0.21630138191619064 0.7069399247192795 0.6975002974501423
31 0.007684991584648527 0.21828116587679114 0.7089650549854092 0.7006424733465979
32 0.0071857641787129315 0.2203672330446719 0.7120559230756889 0.7043015310887742
33 0.0067593041340185175 0.21634064662760852 0.7013418347246808 0.6911223591867859
34 0.006531475279691125 0.218127358403326 0.7070459915645662 0.6981990193058879
35 0.006269830747998425 0.21886323979436784 0.7113683269247568 0.7034860344724102
36 0.00581865398556849 0.2106270251440401 0.7046008276779204 0.6940645509424906
37 0.005547304192772004 0.21441008900235495 0.7044968777129492 0.6943306496223033
38 0.005488151325458634 0.2244188680128444 0.7155689416668004 0.7095451373024286
39 0.00550998767455623 0.21951097959113922 0.7143751325835567 0.7074361439999579
40 0.005801360539786616 0.21692673001925097 0.7041452527510531 0.6948221301364395
41 0.005686426048008331 0.2183782512907311 0.7051733323885362 0.696044073904754
42 0.005065381863318783 0.22587927136102146 0.717085742120303 0.7104298504664135
43 0.004902579238824189 0.21655803408623536 0.6928674057475752 0.6803444310689264
44 0.0056227240415642876 0.22136174429045802 0.7118923105102439 0.7041481221154589
45 0.0047287060978728045 0.2260980795445435 0.7095818470605223 0.7018804251924522
46 0.004574771383342309 0.2146661466575914 0.7064801160317808 0.6962926891361609
47 0.004345937437256144 0.21486650196713875 0.7100883385297174 0.7006628195785128
48 0.004124961812559233 0.2227310563852408 0.7104110513630926 0.701851403578448
49 0.004109653451786594 0.2187888465141705 0.708348262910296 0.6993771408592904
50 0.004111682838681715 0.227035488088561 0.7126859735064629 0.7055904637826289
51 0.0035155454239287932 0.2252177055940671 0.711971860644209 0.7046251311190996
52 0.0036684330854014663 0.22815416699833888 0.7094845262733814 0.7021253330152293
53 0.0035275987992647033 0.22515191750197822 0.7114213603474001 0.7038080925438899
54 0.003408345173328368 0.22142252483651173 0.7083217461989743 0.6992035995272766
55 0.003339378629705217 0.22978767790938387 0.7131789280831138 0.7068404472435676
56 0.003227466572962427 0.22549878315676558 0.7148792286355526 0.7079742255280155
57 0.0027393951316139085 0.22400174585702362 0.7090313467637134 0.7010555921320201
58 0.0028839448670188996 0.21819359906503877 0.715732832769129 0.7072964677393051
59 0.0031043771629166517 0.22127233855656306 0.7025534144611003 0.6926448474571378
60 0.0033315374330885566 0.23189675165459964 0.7104927183773734 0.7032036775923443
61 0.0030274804728302757 0.23077562275820815 0.7179700967258325 0.7115714259365569
62 0.002942126038251908 0.21960037259452433 0.7004243342299992 0.6896602682068327
63 0.00435908218801994 0.23340395808558065 0.7140036200881691 0.7076481649016373
64 0.004241561896548371 0.23591410081374234 0.7133313991732134 0.7076651253356095
65 0.0040986807925593415 0.23598166035627177 0.716192362919744 0.7107109509291825
66 0.0036688901812028975 0.21869474385867985 0.7148020739187866 0.7058118490515937
67 0.003810595026565815 0.22360199320879243 0.7028408645250077 0.6926734210969723
68 0.005069920413207677 0.2224156051729948 0.7076163793948663 0.699167746633417
69 0.004571838330477342 0.23658533858552752 0.7157192958765846 0.7096277720297892
70 0.004480868976859562 0.22778097146662968 0.714171744951129 0.707051863849508
71 0.0037380342045935347 0.23596582423858922 0.7089692887460404 0.702320555045014
72 0.0037270547947516014 0.22256511228024492 0.7105083721502335 0.7015782703712943
73 0.002872440672488296 0.24157140443147213 0.7187282184157 0.7141083145452491
74 0.0027223052478874184 0.23146476153636764 0.7157569540632516 0.7090843239975734
75 0.0023389575836588873 0.23287324031764273 0.7169109880795128 0.7109597672484163
76 0.002199507052243862 0.23193274335194444 0.7152395996555947 0.7084717084608023
77 0.002458123522759933 0.22730586820386317 0.713260873634278 0.7057354828410962
78 0.0029096339492658474 0.23438148110254606 0.7127456361069368 0.7059350302348475
79 0.0030489944214543655 0.22596657719732266 0.7105150013280639 0.70162124686063
80 0.002928001451642383 0.23421815629994433 0.7167606338697285 0.710876174866505
81 0.002620448134412332 0.23395670600075089 0.7183392138040205 0.7128270124691773
82 0.002823948433235068 0.23251077851528282 0.7124316693317075 0.7057028639826318
83 0.0034210796152308134 0.2313578087042712 0.7122659398859469 0.7047348094453463
84 0.004341099773091379 0.25314943774124826 0.7072201885315892 0.7023315856603987
85 0.005107139418112474 0.2497344428383407 0.7185070601300967 0.7142978098442481
86 0.005591181614152025 0.24988610076522383 0.7137137746070625 0.7089338793050188
87 0.004443342177778104 0.22305275063949934 0.71557796626183 0.7080448230330092
88 0.003355418100968735 0.2220851198651845 0.7149611741867168 0.7068189715745323
89 0.0022320760140365358 0.22807064403302876 0.718701980241262 0.711859133615379
90 0.001886886575285581 0.22757505292429384 0.7175633214609772 0.7108175068795695
91 0.0016598706417511018 0.22932288444998983 0.716838067123378 0.7105638429902903
92 0.0016956024605825177 0.23256750439396093 0.7181668551804294 0.7119083027602038
93 0.0014721463731115533 0.22873780804167362 0.7144923409041887 0.7073208213928706
94 0.0017502915441776432 0.2382231906004189 0.7159802292291704 0.7095726064882331
95 0.0027001884693183976 0.2351122556495762 0.7129402776812184 0.7054678983197471
96 0.002676680604309179 0.23220094464049204 0.7146182952829667 0.7080428127504281
97 0.0027222373967439296 0.22589683373583472 0.7152639994866009 0.7078163161975528
98 0.0024245643099952622 0.22882201399883523 0.7097322012703065 0.7019530691848106
99 0.0019383125460769282 0.23201510147560664 0.7169507631464951 0.7111718831836998
100 0.0016869208170200436 0.24548472113746964 0.7136893747760563 0.7094453772323597
101 0.0018252407905485603 0.22713171610266503 0.7063451370579732 0.6972858514043985
102 0.0014325182340348918 0.23784545409585922 0.7202847939361852 0.7152729923988698
103 0.0018278594986124476 0.23364014532457464 0.7047729077646276 0.6978694982156679
104 0.00239909730534415 0.2353834530636084 0.7186929556462324 0.7132737760417496
105 0.0031932437811893833 0.23369414305499972 0.698423325257992 0.6885752828175424
106 0.0034282095666965484 0.24736795818469529 0.7194444481582697 0.7156190292000253
107 0.003299400482604495 0.2443452093849074 0.7221728283481916 0.7180312218073018
108 0.002437198936812022 0.24187954196583025 0.7168799590706763 0.711501448997292
109 0.0021805227119791625 0.2553350002085767 0.723275945822125 0.7200552241697858
110 0.0014485091890624811 0.24446995310446823 0.7215714115090548 0.7176476694695317
111 0.001824015013039925 0.2519313507360149 0.7182150977686745 0.7147178281849011
112 0.0025079263510253995 0.24911624737221907 0.7263845845655805 0.7230317865554949
113 0.002847470374647798 0.25779039219665784 0.7225440623066954 0.7196216557737964
114 0.002521556160649476 0.2379109907603793 0.7210630816964279 0.7158499551950983
115 0.0020410764779290047 0.23749366809902894 0.7243949956058021 0.7192548666760472
116 0.002459785303296554 0.22634571151185987 0.7083063709629978 0.6981495734216554
117 0.004174832173385319 0.2586508530836839 0.697509779987058 0.6915211071110829
118 0.004199926472734845 0.25141679753291274 0.7273530016025898 0.7239158471082991
119 0.003431416006788255 0.2515182927954521 0.7208262696379646 0.7171892146758461
120 0.002867045348146754 0.2496367240815375 0.7258253382106256 0.7217051742419518
121 0.00202386496185036 0.23508321099143661 0.7217551901448748 0.715975549968125
122 0.0013736638050195265 0.24188940110915536 0.7205855023557536 0.7154510929738233
123 0.0014206631595550302 0.2392733640907882 0.7195574227182705 0.7142860339195418
124 0.0012653829795434585 0.2365740262545072 0.7157214127569003 0.7103491678788509
125 0.0010243690362547765 0.232188181031353 0.7144149076505393 0.7076638072469883
126 0.001139801710647823 0.24100898451147107 0.7192943724853691 0.7136178869789996
127 0.0008446786238531971 0.2502918507566282 0.7304194698618636 0.727732871098242
128 0.0010013528968971079 0.2622848859558156 0.7159356633277894 0.7120172964084267
129 0.0010642863504686443 0.24176332959742095 0.7215560362730784 0.7169746534317576
130 0.0014028694265438948 0.24125331864022023 0.7170435716361213 0.7116563466706167
131 0.0016152258288975464 0.24849986854984787 0.7236628335534889 0.7206130692002259
132 0.0012098827939347801 0.2411400845745818 0.7238134663001567 0.718992657118768
133 0.0013235745427232703 0.2319237021438749 0.7148792286355526 0.7079742255280155
134 0.0010837439143208758 0.24383316090961102 0.7206783108453795 0.7159095124836663
135 0.0008993794010837633 0.24325442875086037 0.7094468680867145 0.7027063501596138
136 0.0009280729404006556 0.2402891499280492 0.7163493463073586 0.7108313320811783
137 0.0006836853419820596 0.2510062201321871 0.7288541482832323 0.7259566139888791
138 0.0006212843751500252 0.2431886686658931 0.722637149333205 0.7183767391659008
139 0.0005783865254776517 0.24267931842215168 0.7221728283481916 0.7180312218073018
140 0.0007606593576831884 0.24354953851800082 0.7169218510179743 0.7123666416039405
141 0.0025289508852061517 0.2552198502012113 0.7138376121055248 0.7088923790219639
142 0.0028973243907172166 0.24785389574783862 0.7170037965691387 0.7114505092335592
143 0.002124084604117234 0.2499906392561341 0.7192344313480116 0.7152548531091041
144 0.0018310409350699318 0.2718695461222908 0.726472602220808 0.7250858560413687
145 0.0018196769463805944 0.25441254364833515 0.7131587620127388 0.7087919535898226
146 0.0012955464940467335 0.26143802698199986 0.7283609151696979 0.7263695066678861
147 0.001573044221437353 0.25223961048326726 0.7220577369078751 0.7186538678211348
148 0.0018433808096625657 0.24592727885189786 0.724719825319493 0.7207917777531344
149 0.0018467385631409205 0.25178234521085147 0.7150446795444294 0.7109056617391053
150 0.00270344409731144 0.2558910816077416 0.7160462424705909 0.711931425210167
151 0.001722661828665279 0.2318779372341462 0.7138378906424085 0.7067055894568952
152 0.0015254251321197068 0.24059399344299306 0.713992478612824 0.7083184390976967
153 0.001887424331310279 0.24347470921784237 0.7119031734487056 0.7057891011884594
154 0.0029388240232993083 0.2688550231414189 0.7163864474202581 0.7138871106290554
155 0.0037886701847422515 0.2444351969031008 0.705310149705776 0.6985980710789035
156 0.0034386828001081197 0.2701666030107228 0.7006756859137881 0.6961385608215154
157 0.0029849319861998923 0.2477750563370889 0.7294025316997256 0.7261564313459046
158 0.0017155260553806066 0.24942243586552476 0.7165946258870842 0.7120557886580672
159 0.0010742975148708151 0.25172804958649675 0.7252061507183132 0.7217960373128558
160 0.0010752716001879352 0.25764175012754953 0.7289403275950279 0.7262913260885451
161 0.0008983134808853602 0.2496940667534161 0.7247397128529843 0.7208803604945977
162 0.0005773119249741654 0.2555369862964311 0.7275916520044852 0.7248802733573918
163 0.0006868290800056931 0.26402179470409165 0.7231741127374693 0.7206340484661062
164 0.0009183676636642077 0.2521115434641196 0.7262917760759546 0.7226361827185634
165 0.0008676837774924362 0.2550480672478895 0.717755289081176 0.7138216779300324
166 0.0012322149267073492 0.24585115103973842 0.7220092157827467 0.7178753070519205
167 0.0013249207246115104 0.265163243403722 0.7234416752678857 0.7207198176914149
168 0.0013373920035871976 0.2727478341787342 0.7128291414646495 0.7096161387981539
169 0.001832693614971533 0.2668353417630628 0.7208814199409235 0.7179469143548655
170 0.001965919240338324 0.2545900756998888 0.7094842477364978 0.7043651180500878
171 0.0018709771149419726 0.25921674143108364 0.7228580290819244 0.7198823358363993
172 0.0014282059550686397 0.2619557870005241 0.7192696941174794 0.7159659517291741
173 0.0016559959091339115 0.2526982379202331 0.7215979282203766 0.7177660231711303
174 0.0029669284682557967 0.24345592789671447 0.7047066159863237 0.6974802394342697
175 0.002797941804186625 0.2533440076706108 0.7166808051988798 0.7124622087352211
176 0.0028556018676408677 0.2430126617294151 0.7047927952981192 0.6979847230665754
177 0.0019338650440456457 0.2601298105133887 0.7272047642731212 0.7243332145332281
178 0.003767887732574073 0.27702994929835134 0.7197713947522761 0.7174531413709759
179 0.0022372803999667567 0.26006564874392846 0.7172777097405016 0.7134134942128999
180 0.0009943601719028927 0.2523893410109646 0.7242687626901405 0.7204995241573663
181 0.0009468397141706106 0.26565435910173196 0.720383953066758 0.7174498548344451
182 0.0010259238046168143 0.2558445535039496 0.7248060046312884 0.7211710999052305
183 0.0009598896218438106 0.2632731261524676 0.7337423591762082 0.7319244330712846
184 0.0010881197039411645 0.2648907570255712 0.7221351701615246 0.7184391572221218
185 0.00123056862061937 0.25580211189380775 0.7196589772660424 0.7154187158936292
186 0.0011719557876564144 0.24549072229979574 0.7219694407157641 0.7176919409632647
187 0.0010312989786592332 0.25757001625085224 0.7252459257852958 0.7219627903497203
188 0.0009779913622287723 0.2604722879614433 0.724401346246749 0.7210688553856419
189 0.0006028432519648573 0.25290566757408384 0.7293118400904153 0.7262959593321722
190 0.0006037486152914056 0.2636812561126816 0.735208243087383 0.7333272835008062
191 0.000599183227760559 0.2581419057605781 0.7361302558795794 0.7340735448197421
192 0.0004782122063407357 0.25553270184335336 0.728507035618851 0.7255636210008833
193 0.0010630159933248443 0.2683573264063608 0.7342331968725433 0.7323994658920624
194 0.0006510104420864905 0.26191121621261587 0.7320974874636121 0.7299096880912296
195 0.0010655798551375876 0.25114666375297545 0.7261811969331529 0.7227073393415249
196 0.0009796442415815779 0.2410487304361599 0.7137914863975956 0.7064329722285775
197 0.0015142636849155035 0.25595459730382875 0.7290641650934903 0.7262954945386046
198 0.0010910884410523472 0.26376022219200396 0.7331984880572298 0.7312717741466706
199 0.0011109177493365116 0.2610503804120758 0.7323297872245604 0.7294141321183607
200 0.0009796419284866648 0.270063362395288 0.7262472101745735 0.7243601913515707
