Job is using 1 GPU(s) with ID(s) 0 and 8 CPU core(s)
torch cuda is available: True
TRAIN_CSV=training_data/AV/train.csv, DEV_CSV=training_data/AV/dev.csv, MODEL_NAME=microsoft/deberta-v3-xsmall, MARGIN=1.75, DIST_LOWER=0, BATCH_SIZE=64, MAX_LEN=50, LR=2e-05, EPOCH=300, DEVICE=cuda
torch.Size([64, 50])
cuda
Loading weights:   0%|          | 0/198 [00:00<?, ?it/s]Loading weights: 100%|██████████| 198/198 [00:00<00:00, 43125.73it/s]
[1mDebertaV2Model LOAD REPORT[0m from: microsoft/deberta-v3-xsmall
Key                                        | Status     |  | 
-------------------------------------------+------------+--+-
deberta.embeddings.word_embeddings._weight | UNEXPECTED |  | 
lm_predictions.lm_head.dense.weight        | UNEXPECTED |  | 
mask_predictions.dense.bias                | UNEXPECTED |  | 
lm_predictions.lm_head.dense.bias          | UNEXPECTED |  | 
lm_predictions.lm_head.LayerNorm.bias      | UNEXPECTED |  | 
mask_predictions.LayerNorm.weight          | UNEXPECTED |  | 
lm_predictions.lm_head.LayerNorm.weight    | UNEXPECTED |  | 
mask_predictions.LayerNorm.bias            | UNEXPECTED |  | 
lm_predictions.lm_head.bias                | UNEXPECTED |  | 
mask_predictions.classifier.bias           | UNEXPECTED |  | 
mask_predictions.classifier.weight         | UNEXPECTED |  | 
mask_predictions.dense.weight              | UNEXPECTED |  | 

[3mNotes:
- UNEXPECTED[3m	:can be ignored when loading from different task/architecture; not ok if you expect identical arch.[0m
Warning: You are sending unauthenticated requests to the HF Hub. Please set a HF_TOKEN to enable higher rate limits and faster downloads.
CustomBERT(
  (encoder): DebertaV2Model(
    (embeddings): DebertaV2Embeddings(
      (word_embeddings): Embedding(128100, 384, padding_idx=0)
      (LayerNorm): LayerNorm((384,), eps=1e-07, elementwise_affine=True)
      (dropout): Dropout(p=0.1, inplace=False)
    )
    (encoder): DebertaV2Encoder(
      (layer): ModuleList(
        (0-11): 12 x DebertaV2Layer(
          (attention): DebertaV2Attention(
            (self): DisentangledSelfAttention(
              (query_proj): Linear(in_features=384, out_features=384, bias=True)
              (key_proj): Linear(in_features=384, out_features=384, bias=True)
              (value_proj): Linear(in_features=384, out_features=384, bias=True)
              (pos_dropout): Dropout(p=0.1, inplace=False)
              (dropout): Dropout(p=0.1, inplace=False)
            )
            (output): DebertaV2SelfOutput(
              (dense): Linear(in_features=384, out_features=384, bias=True)
              (LayerNorm): LayerNorm((384,), eps=1e-07, elementwise_affine=True)
              (dropout): Dropout(p=0.1, inplace=False)
            )
          )
          (intermediate): DebertaV2Intermediate(
            (dense): Linear(in_features=384, out_features=1536, bias=True)
            (intermediate_act_fn): GELUActivation()
          )
          (output): DebertaV2Output(
            (dense): Linear(in_features=1536, out_features=384, bias=True)
            (LayerNorm): LayerNorm((384,), eps=1e-07, elementwise_affine=True)
            (dropout): Dropout(p=0.1, inplace=False)
          )
        )
      )
      (rel_embeddings): Embedding(512, 384)
      (LayerNorm): LayerNorm((384,), eps=1e-07, elementwise_affine=True)
    )
  )
)
1 0.7488740692563708 0.718752478311998 0.5 0.3377168747927948
2 0.700508615022992 0.6803147863231794 0.5 0.3377168747927948
3 0.6585793804467744 0.6532893964569179 0.5 0.3377168747927948
4 0.6234237732445845 0.6313214606799566 0.5 0.3377168747927948
5 0.5862406233270145 0.6162893408907886 0.5001702417432754 0.33809456742017013
6 0.5510701737467522 0.6129847309654232 0.5001702417432754 0.33809456742017013
7 0.5168190809733633 0.6007756131848647 0.5005107252298264 0.3388492828039905
8 0.48012523784291766 0.591951135043089 0.5010280796374832 0.3402820090104521
9 0.4506903823186281 0.5964344845139561 0.5049502689106489 0.34916885506947615
10 0.41626644648566535 0.5922336256923768 0.503110755623771 0.3465594141943553
11 0.3812456773365259 0.607028097098287 0.506528848844941 0.3545223892258481
12 0.35293297259976547 0.6088440037521599 0.5137519230186446 0.3727274882104318
13 0.3283215836609591 0.6097256287934882 0.5120561347637206 0.369445269247988
14 0.2991643390283611 0.6316280893306392 0.5183617084427425 0.3827501115113485
15 0.277871544754497 0.6227118308966255 0.5259782995256406 0.4025596563747016
16 0.26040548557733717 0.6418634704610212 0.5273423503521597 0.4110079542436042
17 0.23757977039403536 0.6373133481931312 0.5359849041922252 0.42616143585648286
18 0.2188124610792688 0.6453929358803329 0.5345919412371851 0.4278581340906622
19 0.20271029377649485 0.6379047847641502 0.5427569157365764 0.44266554354833576
20 0.19046479939888308 0.6601613848511333 0.5459915088588099 0.44851441947797893
21 0.17676020914017107 0.6523553360369813 0.5478861724486468 0.45717738697327615
22 0.1651868402399453 0.6564849266002597 0.5507206194838555 0.46055252407590386
23 0.15393458974519686 0.6616840547141221 0.5616757536539583 0.4809184309348958
24 0.14673687820647088 0.6612569524751329 0.5632211876990982 0.483843805513062
25 0.1396776616424554 0.6722543921073609 0.5610743368148216 0.4818313141218275
26 0.13087108070277764 0.6814937995746421 0.5583703564559056 0.4777604712820861
27 0.12085344900690051 0.6885545177768432 0.560716082675095 0.48484281785453875
28 0.11681263401009552 0.6799850066038756 0.5666546561562444 0.49415623233033407
29 0.11013070887475328 0.6878077288849931 0.5663605769145066 0.49471461077847867
30 0.10598359496782447 0.7021697490099533 0.5640479965844694 0.4886627589931024
31 0.10191047748358262 0.6855570116684391 0.5727390715496633 0.5066953956804405
32 0.0974986548793431 0.6961885357109947 0.5665175603021212 0.49467467038834434
33 0.09213330894218091 0.7038865826990416 0.5679213861956229 0.501536730025835
34 0.08798194462011982 0.6912111364778684 0.5728430215146345 0.5054635624425299
35 0.08351963126046592 0.7012308685007387 0.5782862450019342 0.517436907615431
36 0.0826639717077073 0.704903637768131 0.5793076954615869 0.519023109970377
37 0.07559179799565272 0.7138458533933917 0.5762300857269679 0.5139667723308107
38 0.07190105314171616 0.7098932372853372 0.5767872152016073 0.5157591432998518
39 0.07199778606158255 0.7205633153586003 0.5781292616143195 0.5174537615092987
40 0.06754658494142117 0.7162885909364555 0.5770038611896957 0.517006532555536
41 0.06591389689652322 0.7244453735708016 0.5838201600985442 0.5276005246441293
42 0.06269122390900939 0.7135677894606288 0.5887815704845383 0.5324544212954015
43 0.061258501523190415 0.7243525134130688 0.5839328561216613 0.5298369835923914
44 0.058609825154701145 0.719422190332182 0.5865307696352905 0.5314736331587551
45 0.05763657143158863 0.7128404569251896 0.5850052231236418 0.5292806109345056
46 0.054926116003450424 0.7225065898083693 0.5920315388427483 0.5406807803009339
47 0.05101783369270846 0.7293549510128964 0.5855379527672752 0.5335460920715192
48 0.05200415349656109 0.7216697662954396 0.5882618206596824 0.537600461350088
49 0.05024621391617234 0.7386238162433606 0.5876914328293821 0.5357131015521086
50 0.04765140504433045 0.7507108793062935 0.5843727772756686 0.5322729543143586
51 0.0461197362097732 0.7319892547215322 0.5934862812785779 0.5444210790820924
52 0.044538732774824404 0.7347195448828483 0.5933292978909632 0.5444126745139808
53 0.04226171480687772 0.7392713972270221 0.5938089941119531 0.5474100044747436
54 0.04296943702854037 0.7335378515408072 0.5960796824946921 0.5488835072036112
55 0.038698893727042875 0.7419502876367032 0.5947044901928278 0.5466536948655574
56 0.040075549473704036 0.7546160946341084 0.5910010637880659 0.5447260327817303
57 0.03929708357878145 0.7434455789470243 0.5944833319072245 0.5482826370365187
58 0.03781692959640183 0.7360426200842511 0.5950537197375246 0.5500631930008564
59 0.037169386331171624 0.7449484850117903 0.595564444967351 0.5508000713902459
60 0.03609884039682853 0.7480827763107252 0.5954650072998946 0.5490663146095894
61 0.035165499100027725 0.7413579516551659 0.5996104717389793 0.5559961346690345
62 0.03238462398716593 0.7437763427347367 0.599132892398305 0.5558238857608083
63 0.0368876372733294 0.7573746089722067 0.5981114419386524 0.554359874306945
64 0.03293318108160287 0.7420232945643819 0.6011095015393062 0.5576327804397958
65 0.030130142782728315 0.747393324680287 0.6018944184773792 0.5577318555186079
66 0.030423503242818766 0.7568168143646836 0.5966919622722906 0.5540656651961962
67 0.028465848788982905 0.7654419164913794 0.5974238457877201 0.5532689897185862
68 0.029083486626333917 0.7508662052113166 0.598222021081454 0.5535861805383818
69 0.029786281245354138 0.7567243393048726 0.6023011937422345 0.559338414919121
70 0.026982304497297813 0.753807547493051 0.6001676012136186 0.55750615668375
71 0.025067878656542922 0.7634820185418959 0.5948503321050971 0.5492410965662293
72 0.026232557902567098 0.7769212164227203 0.59855799227049 0.5566221937844607
73 0.026861819512453464 0.7694598639844834 0.5994866342405168 0.5565336869167615
74 0.025707221749644547 0.7730822019737749 0.596605782960495 0.5526110988469434
75 0.02315435507158396 0.7735853247703782 0.6033380194378635 0.5635760891972073
76 0.024039488049538087 0.7601494676935917 0.5997695720069095 0.5586393207496249
77 0.023315795737600047 0.7611332458465541 0.6014454727283423 0.5606163171935414
78 0.02185310110020162 0.7754529844475333 0.59415822365665 0.550750525488082
79 0.025096821973858825 0.7689273107952931 0.5980671545741549 0.5562248205172537
80 0.02057720990997404 0.7574633874102306 0.603251840126068 0.5621888503237218
81 0.02261669203427181 0.7637586595219243 0.6075874338419194 0.5694305111435631
82 0.020933183428994768 0.7730081365042053 0.6070965961455843 0.5690266594791107
83 0.021084574713736468 0.7649833466599705 0.6039990988774742 0.5642165474872717
84 0.018383464913540207 0.764255358185013 0.6103953641658066 0.5721318925657856
85 0.023313172213598164 0.7689377705004187 0.6032916151930505 0.5628324982118791
86 0.020347751978099793 0.7666143881703744 0.6055113870334619 0.5660531862534526
87 0.018858928853435757 0.7665221648563949 0.6082153673923778 0.5695563418012473
88 0.018209121690896814 0.7675159109985412 0.6080650131825936 0.5696284343212463
89 0.017675842896162617 0.7584571010895769 0.6064532873591495 0.5662230847325433
90 0.022711943513607145 0.7782359044459951 0.6001962348052559 0.5605102071617675
91 0.018893476832608593 0.773497446697661 0.6020667771009702 0.5606084418545814
92 0.01753457202966749 0.7807654503806891 0.6008506850670359 0.5610438570324767
93 0.01561750493100336 0.7785142678640014 0.598978025891006 0.5584056854189121
94 0.016163337112305387 0.7710337197265421 0.5995927010858035 0.5582898970760409
95 0.019064503711077995 0.7773026533682199 0.6039659529883219 0.5636863199755658
96 0.01890761025867987 0.786122242039439 0.5981069296411375 0.55687847216754
97 0.014119506172276015 0.7704288438745757 0.6033115027265419 0.5631521433039353
98 0.014733049652663817 0.7622812265707697 0.6073310127868484 0.5678427501462756
99 0.016628623351568474 0.7635467067179369 0.6070369335451105 0.5680966469428008
100 0.017074646631249885 0.7650069961280511 0.6066898208807292 0.5675154177940368
101 0.015766448714438757 0.783634280315051 0.6019495687803382 0.561230672597595
102 0.012982942822941804 0.7674759492917111 0.6099620721896297 0.5702004033111023
103 0.01252621354705901 0.7789586457230702 0.6055312745669532 0.5663674718491377
104 0.016201674955451738 0.7773948792283013 0.6025265857884688 0.5630132021857448
105 0.013375319018962694 0.7769189538928636 0.6091461262427202 0.5719686645632004
106 0.014199997508348607 0.7753330649546664 0.6010784725304696 0.5597023660933895
107 0.012068873011992144 0.7743144243005797 0.6076006921975803 0.5696356630086399
108 0.016268583716796958 0.781020451403611 0.6060419997967795 0.5670829232436433
109 0.014646809540458005 0.7781482590233446 0.6051642743690806 0.5654697211464838
110 0.012858934522869661 0.7945965881958721 0.5973795584232227 0.5551465450818016
111 0.013622162846564487 0.779947799652064 0.6072867254223511 0.5695706844681103
112 0.010669760638620532 0.7807613225128821 0.6030041651291431 0.5632030773076322
113 0.013718642171771354 0.7940588925172426 0.6039084072681637 0.5652349193166644
114 0.011601980046654465 0.789330429492163 0.6052769703921977 0.5672387942784117
115 0.011328258729445038 0.783358051167015 0.6015316520401378 0.5620006346067467
116 0.011958282796004804 0.7803046915381178 0.607370787853831 0.5684692986710641
117 0.0129948948581989 0.78274320796239 0.6045562283521134 0.5656672894776138
118 0.010582795943907855 0.7667273981790401 0.6101787181777181 0.5711709058566878
119 0.009423219629993996 0.7791057528109576 0.6071430003903973 0.5697412681949257
120 0.010144610349962854 0.7785912377993849 0.6003731057263617 0.5608549650772106
121 0.012377058716757495 0.7898530060990753 0.6041117949005913 0.5659895934088283
122 0.010653326603012018 0.7809193125953464 0.6009037184896795 0.561886279414097
123 0.00956088879693802 0.790222916522727 0.6057876956220241 0.567949953583125
124 0.008945251728738177 0.7765565627448332 0.6084519009139575 0.5708201886876683
125 0.009094231290215759 0.7871461649003101 0.605133245360244 0.567411723885822
126 0.010924332853776865 0.7849328970244746 0.6034706029944721 0.5656577081864219
127 0.00871823698652035 0.7838412682202112 0.6044125033201597 0.5658448723885814
128 0.01097616663004742 0.7841297460282642 0.6061944708868792 0.5694370868952527
129 0.009101178322286702 0.791637786656454 0.6055267622694384 0.5686960147556577
130 0.007985073970251066 0.7900668083278759 0.6007533642798952 0.56196152274926
131 0.00905237561513256 0.7842262662075685 0.6081975967392022 0.5716603033140379
132 0.0083945073669538 0.8052144094359271 0.598790013494555 0.5603566361208696
133 0.008498861458032188 0.7902210483204118 0.6052260538498699 0.5688277263636758
134 0.014222649012901191 0.7760243574168235 0.6113128646604881 0.5743314334914558
135 0.010668389754970163 0.80486649001319 0.5985932550399579 0.5597016566261931
136 0.010258570137181934 0.7884296536266595 0.6078173381856686 0.5705850258742627
137 0.007020908244498899 0.7871595029737045 0.6106783019321992 0.5740904748281106
138 0.006800955028507284 0.7874916833488965 0.6086751760798763 0.571865435950417
139 0.007861672446831941 0.7893776603200967 0.6074126798011291 0.5714817039151099
140 0.008944253412390723 0.78100191896395 0.6073397588449945 0.570382076698621
141 0.00734113329617275 0.7839952287780568 0.610410739401783 0.5747122860424587
142 0.006701512181568701 0.8066220709184723 0.6050889579957466 0.5690916192772364
143 0.012874498240480167 0.8010621566556042 0.6034329448078051 0.5674424131422451
144 0.008120268001654893 0.7967179363803873 0.6094622098982649 0.5743876663771813
145 0.011300581373395345 0.7941501791839625 0.6023982359924915 0.565832855737995
146 0.006126158829687197 0.7912180248294234 0.6012131729673938 0.5642852924810908
147 0.006331821600299269 0.7918408774342975 0.6023717192811698 0.5654293610699155
148 0.005821770817624657 0.7965953014697771 0.6024292650013281 0.5639245610269605
149 0.011001137856144604 0.7928398395845772 0.6018787647045192 0.5625836280632034
150 0.008806804532024625 0.7918123295843035 0.6072225505243625 0.5709487289597147
151 0.005918429221982045 0.7889151656725123 0.6089448554906082 0.573589029893004
152 0.006210299698022152 0.7958305215031958 0.605062441284425 0.5686927094292181
153 0.006613073486663479 0.7942167785277893 0.6070920838480696 0.5713099378395158
154 0.00600288764008331 0.7932939301861083 0.6085248218700923 0.5719307951647005
155 0.005197201480869532 0.7981919505531315 0.6110010147655744 0.5765817462450975
156 0.005117218823127039 0.7967694844424615 0.607799567532493 0.5726391034221566
157 0.006235537677976358 0.7985797747136674 0.6115051108175704 0.5771830942146452
158 0.006361582626045576 0.8028202123719942 0.6036275863820866 0.5656894522593472
159 0.013736024236957661 0.8048025965392241 0.610255872894484 0.5769499758638732
160 0.010594231362003098 0.7967182530518189 0.6028360402661832 0.5654267108974149
161 0.008670077574187102 0.7928858651514943 0.6065681002625822 0.5704077928139852
162 0.006188923739174731 0.7942189828155635 0.6061104084553992 0.5704975960922709
163 0.004815047777774377 0.7925249742940453 0.6054692165492801 0.5701529839584867
164 0.004742504731284245 0.8050696463531591 0.6049120870746407 0.568757390168823
165 0.004832533720112725 0.7873516588801437 0.6130041406178973 0.5787947336340603
166 0.0043679835392127905 0.790360773622184 0.6111115939083761 0.575942049620441
167 0.009345056518825527 0.7907287891094501 0.6090111472689124 0.5745621988960146
168 0.005808155961450333 0.7826677914674665 0.6087348386803502 0.5727633917083075
169 0.0060472292884539034 0.788413253865655 0.6081334218412134 0.5730083136999777
170 0.0046474442304526185 0.781720558470763 0.6090156595664273 0.5723365717139073
171 0.004643231628303853 0.7903669437820279 0.607870371608312 0.5713898318914254
172 0.006370934377409022 0.7905741672016197 0.6102338684806772 0.574379300702341
173 0.005000911301576474 0.79464844274497 0.6067184544723665 0.5703435073534806
174 0.005724215436459571 0.7934528992447772 0.6064442627641198 0.57086706052574
175 0.00929843821406399 0.7904032620169494 0.6041515699675739 0.5666045285764632
176 0.004860128287875661 0.794101026049047 0.6092853389771591 0.5740564421080663
177 0.004160023221987113 0.7868092640520793 0.61003711002608 0.573748021923555
178 0.004351621448618499 0.7878387835633271 0.6094356931869432 0.5739962145304977
179 0.00425714159222181 0.7807393464703164 0.6087480970360111 0.5729612664393564
180 0.003860793447562859 0.789398534537038 0.6098159517404768 0.5750487249610383
181 0.004022802643981127 0.7874658677845711 0.6086507762488702 0.573805723954235
182 0.006806294769841105 0.7771570274751493 0.6046071448944412 0.5640070898533088
183 0.008305919620411634 0.7908779372163235 0.6030240526626344 0.5635196282361593
184 0.005339883332701127 0.7941158023517876 0.6067980046063316 0.5715314725886935
185 0.0036534558129542186 0.7927338020761363 0.6107400814129886 0.5772649250478542
186 0.0036350854151661117 0.7907682842430956 0.6099861934837523 0.5752817214470342
187 0.004030305512732734 0.7947861964090348 0.6054426998379583 0.5697586672253329
188 0.005802281591365411 0.7879066613686019 0.6068356627929985 0.56977532873891
189 0.005627437687104955 0.8097052702258469 0.6066343920408865 0.5713959146964974
190 0.008715940453873543 0.8017857320993348 0.6056659750038773 0.5707780796833929
191 0.0075197076191207595 0.772921097053822 0.6132385572591614 0.57771024530554
192 0.004427138827432535 0.7927842600883078 0.6117991900593083 0.5769727304425694
193 0.003485749396921882 0.7957822674605358 0.6120754986478706 0.5787365876238408
194 0.0038792495635489635 0.8031956239671992 0.6079963259870902 0.573262265161653
195 0.0032944681149649773 0.8049444398795665 0.6081930844416873 0.5738820266513998
196 0.004002866562863824 0.7912498931146396 0.6118389651262909 0.5775518834913878
197 0.007815369575767249 0.8018603468904029 0.603517007239285 0.5663714548421641
198 0.008344311477908935 0.7971552020218861 0.6042642659906912 0.5683166020975408
199 0.0068277916378953005 0.8024162745686618 0.6037999450056777 0.5683073548642766
200 0.004564730648547157 0.8061332514861699 0.6011667687225808 0.5635727292886155
201 0.004013638312197653 0.80488593236604 0.6065370712537458 0.5722331064167988
202 0.0031897177701359853 0.7985585239918984 0.6046511537220549 0.5694759175235292
203 0.003332281632160427 0.7867207259024281 0.6103333061481335 0.5758440837821098
204 0.004121839469585432 0.7965986744183522 0.6101696935826885 0.5757079371076749
205 0.004974043678200004 0.7958603446320105 0.6110142731212354 0.5767741805308706
206 0.005142342681414579 0.8027084031686667 0.6053652665843089 0.5708956691582558
207 0.0033138594541443855 0.800295377044194 0.6068642963846358 0.5725048754825348
208 0.003290940356826841 0.7908271357986498 0.6094820974317563 0.5746796834716428
209 0.009034179341345427 0.8063566117817386 0.5991304969811058 0.5608316827218266
210 0.00824650051592767 0.8025678993962194 0.6024313818816436 0.5663337649059587
211 0.0036202254138278604 0.801479772436943 0.6046776704333767 0.5698671562205945
212 0.0031568728260946864 0.8009778759066974 0.605562025038906 0.571514159940923
213 0.003102796902264941 0.8012051196442848 0.6064508919419502 0.5709656120426497
214 0.002781712744311288 0.7968464200054686 0.6059865709569369 0.5709515784746053
215 0.004548283096615677 0.7980552236046832 0.606758229539349 0.5709402180791359
216 0.003274776041103428 0.8033414077185916 0.6061037792775689 0.5703988084390089
217 0.004581033520192178 0.8020743932267292 0.6049253454303016 0.5689564729705756
218 0.003403137072147791 0.8079236137355764 0.6075187466464159 0.5730484669581621
219 0.003924613363224989 0.7905974229786843 0.6046291493082481 0.5668035451565014
220 0.0036790798091521438 0.8045598043934762 0.6074458256902813 0.571975453826147
221 0.003627293093528019 0.7934433364040681 0.6064575211197807 0.5710640125788253
222 0.0029692552868941626 0.8044523757585754 0.6086839221380224 0.5742901160538018
223 0.0030957643979408977 0.7931450449642625 0.609415805653452 0.5737010477014797
224 0.0047709370496957166 0.790861432428613 0.6077133882206975 0.571354482691459
225 0.0054026828853804484 0.7907962461713756 0.6118522234819518 0.577743751151943
226 0.0036457918666687773 0.789288886656014 0.6146601538058388 0.5804477126718313
227 0.002735877248803527 0.7943608092879804 0.61149848163974 0.5770868549938943
228 0.002512036650069469 0.7834766037213908 0.6104306269352743 0.5750071354433147
229 0.002913002272714682 0.7989657185779039 0.6081466801968742 0.5732035175140606
230 0.004822253807071959 0.7996367001481791 0.6075320050020767 0.5732416184804107
231 0.002681021499806503 0.7910524378152278 0.6118124484149692 0.5771663745164848
232 0.004832476826926214 0.7921159627460268 0.6127100613761594 0.5789989269080571
233 0.0029433824931750898 0.7903613735474591 0.6099331600611086 0.5745016298363057
234 0.0033434753892468555 0.7952547908803964 0.6096788558863533 0.5752995261076332
235 0.0025129250342362792 0.7900374094433007 0.6097120017755056 0.5757796963724404
236 0.007467464822605352 0.7938625568661689 0.6094091764756215 0.5736023572544008
237 0.008502257536194222 0.791706397739094 0.6091349847673749 0.5741159445334407
238 0.005625594083211815 0.8020559400344918 0.6062032169450253 0.5718648180882726
239 0.0035951613320769965 0.8026001480054163 0.6062939085543356 0.5709285300063758
240 0.0028094563470677726 0.791118664155117 0.6069152129269636 0.5709764773549182
241 0.002867824745908969 0.7939928997822084 0.6126636571313464 0.5783298832299861
242 0.0034003745918394805 0.807510955214759 0.6106692773371696 0.5784412777862173
243 0.004507348680041898 0.7921330776434201 0.6108705480892815 0.57692533346979
244 0.002436881849893793 0.7990749635382922 0.6100790019733782 0.5766240144673275
245 0.0022305657765249766 0.7973474639098195 0.6103929687486073 0.5767068933156055
246 0.002127340592402705 0.8001879608215403 0.6098225809183071 0.5751456813358433
247 0.0022327651297394282 0.8049586149839811 0.6103929687486073 0.5767068933156055
248 0.0026288115919187237 0.7865315187003246 0.6138553493342745 0.5799554818311996
249 0.002685132631155058 0.8048272749507605 0.6083500678293019 0.5739215360677011
250 0.002306313116782758 0.8027611988207026 0.6115382567067225 0.5776620764676659
251 0.005186411025640641 0.8026149984633766 0.6082771468731674 0.5728500160799935
252 0.00606731089361712 0.813416494544233 0.6115448858845529 0.577757431344692
253 0.0036740160762112274 0.7991954396727008 0.6143925912754227 0.5810295808842321
254 0.0026641225891931484 0.8020254736966688 0.6093118556884808 0.5744465654590433
255 0.002194703185759495 0.8001614988655792 0.6095086141430779 0.5750669528332936
256 0.005153746039076367 0.8087210092683 0.6056858625373684 0.5710700798800545
257 0.0028541704148374323 0.8024064303836858 0.608513680394747 0.5740575333531822
258 0.0025750825757249254 0.8072427688845605 0.6108639189114511 0.5768296650316754
259 0.0021614383858149923 0.7987283238500541 0.608840905525637 0.5743295419054555
260 0.003187407670090531 0.8027481802831046 0.6089912597354212 0.5742718156145268
261 0.0029694504846331203 0.8115220759719755 0.610583098025374 0.5772231078803622
262 0.006773985458477764 0.8207116384011327 0.60074222280455 0.564184653889271
263 0.002775814338671688 0.7948200875722604 0.6084937928612557 0.5737669960274269
264 0.0023887540273295855 0.7938629667885849 0.6135877868038584 0.5805332357873451
265 0.00188591068021831 0.793251517856139 0.613567899270367 0.5802508533983125
266 0.002918122713002102 0.797795115101224 0.6101365476935363 0.5752235753669038
267 0.002453214242001611 0.7969659547186765 0.613534753381215 0.5797773034119511
268 0.0018884225860030539 0.8050443998426223 0.6102293561831622 0.5765704575491087
269 0.007006093201753101 0.7914693044060641 0.6099663059502609 0.5749903081216339
270 0.0033910970477790186 0.7914100979875488 0.6102160978275015 0.5763798182830421
271 0.002673267309128369 0.7956170022099758 0.605716891546205 0.5692328055198403
272 0.0021753626344708983 0.7999844582117044 0.6091880181900182 0.5748911580804834
273 0.001889738719219716 0.801299500143152 0.6090708098693862 0.5754253468278709
274 0.0018328181155802471 0.8031600103659958 0.6103995979264377 0.5768020246841896
275 0.004738491040810841 0.8055040559047811 0.6038330908948298 0.5687989599466696
276 0.0028193405363186523 0.7999461642016598 0.6103929687486073 0.5767068933156055
277 0.0023635768733892525 0.8043037833384554 0.6101564352270277 0.5755146386251739
278 0.006194785851635503 0.7916227197798269 0.6108108854888077 0.5760589970599588
279 0.0033432511962553754 0.7996799752884509 0.609260939146153 0.5759416070268699
280 0.005297560093256174 0.7963836933443428 0.6132605616729683 0.5802593632756291
281 0.0024386732354401697 0.7974054908466005 0.61361430351518 0.5809077161325276
282 0.0018792499565104218 0.795776540958959 0.6127697239766332 0.5798485909039721
283 0.0016516247122145137 0.7991695448609518 0.6133003367399509 0.5808198413545316
284 0.001944717897583817 0.7943349393007255 0.614038849433211 0.5803774424198491
285 0.0026366207232504132 0.8024170438097173 0.6102160978275015 0.5763798182830421
286 0.0019004279717620262 0.8060773804612258 0.6117747902283022 0.5788397574580187
287 0.004109335504937192 0.8032947255756309 0.6029354779336396 0.5669379055759104
288 0.0039161409332621085 0.8013668556792617 0.6122457403911461 0.5789677559904429
289 0.0019171993217404696 0.8055750870573367 0.6082461178643306 0.5746485639527089
290 0.004424486536839499 0.8138913902996896 0.6063092837903121 0.5733916610966757
291 0.0024966827631444123 0.8051507568868596 0.6083898428962844 0.5744984075416
292 0.001971605578844773 0.8064907538001692 0.6104460021712508 0.5774638475150868
293 0.002121871881068639 0.804201678284496 0.6084428763189278 0.5752593110673394
294 0.0016685484600281468 0.797328257071401 0.6112309191093237 0.57767457630387
295 0.006251427617100723 0.7988182127067964 0.6072445549381692 0.5735451879837147
296 0.0021298506881677693 0.7999196570523888 0.6058362167471527 0.571011192730184
297 0.0018642540487846184 0.7995692118965045 0.6063204252656573 0.5713204937123744
298 0.0018002719416941092 0.79964552589237 0.6055752833945669 0.5717062280353908
299 0.003654381151992704 0.8008546961302672 0.6081090220102073 0.5748918883260483
300 0.0033490072041793078 0.7963406919100319 0.6058163292136614 0.5707181938638765
Saved outputs to checkpoints/av_siamese/ with prefix deberta-v3-xsmall_ep300_bs64_lr2e-05_ml50_m1.75_dl0
