Job is using 1 GPU(s) with ID(s) 0 and 8 CPU core(s)
torch cuda is available: True
Warning: You are sending unauthenticated requests to the HF Hub. Please set a HF_TOKEN to enable higher rate limits and faster downloads.
TRAIN_CSV=training_data/AV/train.csv, DEV_CSV=training_data/AV/dev.csv, MODEL_NAME=microsoft/deberta-v3-xsmall, BATCH_SIZE=32, MAX_LEN=50, LR=2e-05, EPOCH=200, DEVICE=cuda
torch.Size([32, 50])
cuda
Loading weights:   0%|          | 0/198 [00:00<?, ?it/s]Loading weights: 100%|██████████| 198/198 [00:00<00:00, 45326.50it/s]
[1mDebertaV2Model LOAD REPORT[0m from: microsoft/deberta-v3-xsmall
Key                                        | Status     |  | 
-------------------------------------------+------------+--+-
lm_predictions.lm_head.dense.bias          | UNEXPECTED |  | 
lm_predictions.lm_head.LayerNorm.weight    | UNEXPECTED |  | 
mask_predictions.classifier.weight         | UNEXPECTED |  | 
deberta.embeddings.word_embeddings._weight | UNEXPECTED |  | 
mask_predictions.classifier.bias           | UNEXPECTED |  | 
lm_predictions.lm_head.dense.weight        | UNEXPECTED |  | 
lm_predictions.lm_head.LayerNorm.bias      | UNEXPECTED |  | 
mask_predictions.dense.bias                | UNEXPECTED |  | 
lm_predictions.lm_head.bias                | UNEXPECTED |  | 
mask_predictions.LayerNorm.bias            | UNEXPECTED |  | 
mask_predictions.LayerNorm.weight          | UNEXPECTED |  | 
mask_predictions.dense.weight              | UNEXPECTED |  | 

[3mNotes:
- UNEXPECTED[3m	:can be ignored when loading from different task/architecture; not ok if you expect identical arch.[0m
CustomBERT(
  (encoder): DebertaV2Model(
    (embeddings): DebertaV2Embeddings(
      (word_embeddings): Embedding(128100, 384, padding_idx=0)
      (LayerNorm): LayerNorm((384,), eps=1e-07, elementwise_affine=True)
      (dropout): Dropout(p=0.1, inplace=False)
    )
    (encoder): DebertaV2Encoder(
      (layer): ModuleList(
        (0-11): 12 x DebertaV2Layer(
          (attention): DebertaV2Attention(
            (self): DisentangledSelfAttention(
              (query_proj): Linear(in_features=384, out_features=384, bias=True)
              (key_proj): Linear(in_features=384, out_features=384, bias=True)
              (value_proj): Linear(in_features=384, out_features=384, bias=True)
              (pos_dropout): Dropout(p=0.1, inplace=False)
              (dropout): Dropout(p=0.1, inplace=False)
            )
            (output): DebertaV2SelfOutput(
              (dense): Linear(in_features=384, out_features=384, bias=True)
              (LayerNorm): LayerNorm((384,), eps=1e-07, elementwise_affine=True)
              (dropout): Dropout(p=0.1, inplace=False)
            )
          )
          (intermediate): DebertaV2Intermediate(
            (dense): Linear(in_features=384, out_features=1536, bias=True)
            (intermediate_act_fn): GELUActivation()
          )
          (output): DebertaV2Output(
            (dense): Linear(in_features=1536, out_features=384, bias=True)
            (LayerNorm): LayerNorm((384,), eps=1e-07, elementwise_affine=True)
            (dropout): Dropout(p=0.1, inplace=False)
          )
        )
      )
      (rel_embeddings): Embedding(512, 384)
      (LayerNorm): LayerNorm((384,), eps=1e-07, elementwise_affine=True)
    )
  )
  (classifier): Sequential(
    (0): Linear(in_features=384, out_features=1, bias=True)
  )
)
1 0.02146243974035488 0.020690123435751974 0.5687620662177988 0.5687351018641746
2 0.02033207700121693 0.02023187326943359 0.5816655658889025 0.555642107626987
3 0.019244276139971032 0.019671653748433816 0.6250529777152667 0.6250655403822807
4 0.017864608715702033 0.020800015081174583 0.6392537350681947 0.6216713472957469
5 0.016182019734647415 0.020505892604853023 0.6518858841072648 0.6458618287940195
6 0.014260599629620164 0.02143273998754919 0.6509647069257194 0.6497544009714433
7 0.01223853256782376 0.022682853902140147 0.658411613339109 0.6582563233499348
8 0.010416656107791782 0.023602464091950857 0.6647344005975396 0.6629683032168554
9 0.008640174699283321 0.026895770862457372 0.6704629572684311 0.668572785421152
10 0.007083337023992793 0.028600649787282457 0.6683495308101902 0.6674228596262495
11 0.006076686323342394 0.03144262878520449 0.66965180215592 0.6687839778753124
12 0.005050509494186543 0.03243367266778295 0.6736784984678243 0.6737115723047533
13 0.0043134029620591095 0.036792331315352006 0.654351325479039 0.6515974410810802
14 0.003857989335049985 0.036287108663424175 0.666835682847654 0.6668576675992761
15 0.0033809180217562436 0.038640260044967074 0.6684850668577652 0.6685044377051824
16 0.003061829496461964 0.03982240444239762 0.6819362814568414 0.6818921331682899
17 0.0027369624136342374 0.040681114364660945 0.6667853233790936 0.6659700094006977
18 0.0024905055213014925 0.04281091173445962 0.6759157624245278 0.6757724955404235
19 0.0021321397085540318 0.044160516420091785 0.6764318355625197 0.6753117223503404
20 0.0021682869351561935 0.04678151235245473 0.6743604681737072 0.6701920909352677
21 0.0019685396190376736 0.04518574279938599 0.6809230199815676 0.679189272595866
22 0.0017811291629264378 0.04720395569727334 0.6789695294019077 0.6789303750901831
23 0.0018012269490950293 0.04644885454336192 0.6771429959338072 0.6771497183431594
24 0.0015518667560663177 0.047208532332956306 0.6795110051036871 0.6795472298042718
25 0.0014755087402866598 0.05011423911054565 0.6769963184108869 0.6750587052303292
26 0.0014854981594833745 0.04877915317539219 0.6790249582417506 0.6787814649337642
27 0.0013108872748630127 0.04842334880308498 0.6753589114867719 0.6753898429104033
28 0.001367785762048678 0.0488782938356573 0.6758783827747444 0.6759081389331811
29 0.0012940773558331564 0.04904663096196501 0.6756924872586088 0.6755901165296785
30 0.0012673669489125271 0.04728994592986958 0.6761146377594404 0.6757854950721446
31 0.0011167748878923305 0.0495333426209139 0.6655819326270529 0.665599428141707
32 0.001090540856645258 0.05536823174341998 0.672600783557678 0.6698715296337054
33 0.0009930083397717603 0.05203144039710694 0.6767075870773146 0.6767413697638986
34 0.00098840081789815 0.05402599948685415 0.6754225293109934 0.6749204340080655
35 0.000987216925774135 0.05374959364580666 0.6731370227660451 0.6730927311042648
36 0.000991449425654723 0.053581684608998925 0.6732130633352764 0.6695704172394824
37 0.0009745101885915346 0.05273734018437834 0.6824621033857607 0.6816677974875193
38 0.0008090225104634685 0.05472617010958462 0.6745978373059377 0.674082637610937
39 0.0009342917447139164 0.053482592409209655 0.6733072645093205 0.6732649703028066
40 0.0008052207652367775 0.054498976886262485 0.6796014181761137 0.6794464814523229
41 0.0009130100936668667 0.056337625636156144 0.675009681942075 0.6749860736915965
42 0.0007943938439927551 0.05843462846861167 0.6744357845470411 0.6711853016081525
43 0.0008426317146338754 0.053700490704407064 0.6835148613911335 0.6834256463486698
44 0.0007718885462990275 0.05215852771649949 0.676692490378222 0.6762607212130037
45 0.00071661199327385 0.058652234210726135 0.6766624641021665 0.6747242314323161
46 0.0006929559352580681 0.05601084776360703 0.6799575554355247 0.6799715587992576
47 0.000760084237228023 0.05583511509999556 0.6763493329375881 0.6763833301569151
48 0.0007326598050131428 0.052603331950676374 0.6788583931853389 0.6784438764464965
49 0.0006032217881788148 0.0605722561456237 0.6742151833352051 0.6732476635286191
50 0.0007167189533649163 0.05696677613612429 0.679128629669838 0.6791495383725837
51 0.0006328932788670976 0.05496431714840371 0.6754031988512693 0.6754039041652165
52 0.0006232225716642565 0.05705858345085843 0.6781684016172074 0.6772956992450825
53 0.0007240795425744321 0.05697676131895582 0.6823075154153453 0.6819576049574112
54 0.000589662593102349 0.058817108505340686 0.6845317995532714 0.6842972844805792
55 0.000618377449429999 0.05859781394672378 0.6799069174300805 0.6799124071997009
56 0.0005937399535106964 0.05552391551500884 0.6816021486112374 0.6810938509623679
57 0.0005559170019005736 0.058236020595586184 0.6860549506477209 0.6853856479071825
58 0.0006825037498997692 0.05766137551230977 0.6767810651072166 0.6759937043462595
59 0.0005211495986846707 0.05865993175326773 0.6823565936142411 0.6823916184811967
60 0.0005789963756430392 0.059182147629249476 0.6753064351378957 0.6742611701543314
61 0.0005916714443534406 0.058434732694687914 0.6872463643137654 0.6855690103962918
62 0.0004939444380591308 0.05735257454434042 0.682973664226238 0.6828361006903956
63 0.0005546886842333473 0.059909055905530674 0.6870188553872154 0.686141421831028
64 0.000539531128519472 0.05956743942782216 0.681774785771712 0.681616430941331
65 0.0005472808271403992 0.0623870822029919 0.680261940541957 0.6785112060412741
66 0.0005896443292232244 0.05733562973849308 0.676853428989584 0.6768872107273918
67 0.000547703247857223 0.05757969403016275 0.6720182515192517 0.6719959379521181
68 0.0004202728351069954 0.060543386566804046 0.675558343895452 0.6749405272691099
69 0.000555791590657978 0.054370614099080866 0.6767160545985771 0.6764558291426576
70 0.0004513451878120977 0.05635463109343433 0.6746405648638868 0.6744915138110481
71 0.0004902777198072145 0.05597237973221749 0.6811980473004651 0.6812334283613455
72 0.0005222224967477868 0.05935093122721713 0.6751974158016426 0.6752289600606947
73 0.00043194985407510577 0.05985877099596915 0.6827588565815814 0.6827828480370853
74 0.00043497223955075564 0.061756682884766746 0.6860395754117443 0.6856185245971751
75 0.0004643499814900977 0.062773617578432 0.6812770403606628 0.6805097560013664
76 0.00046758069465308147 0.06129101682351783 0.6835848298563016 0.6809907878043087
77 0.00040308196932076256 0.061150293713337626 0.689243418062025 0.6891156872299087
78 0.0004669667412250449 0.0598739204145365 0.6788409010690468 0.6787529621619343
79 0.00044034856739441316 0.06293674145281146 0.6863800588982952 0.6859507938364212
80 0.0004825999252072811 0.056708579476759266 0.6762480569266998 0.6758821526517991
81 0.0004061876508377798 0.05946204065779265 0.6837317859161055 0.6837722223221054
82 0.0004257347935049858 0.05790573592757256 0.686249870758886 0.6862184821526047
83 0.00043840963852818737 0.06146117732309249 0.6797101589754834 0.6797046582984658
84 0.00041539777772733996 0.06186148444718676 0.678699849991176 0.6785994028076365
85 0.00038002597340317293 0.060449149395574935 0.6799596723158403 0.6799014789628858
86 0.0003866571783062338 0.06224745723603664 0.6814101809910388 0.6814369022054669
87 0.000404826198586205 0.060985248178447526 0.6816509482732496 0.6814565967152932
88 0.0004375827160348931 0.061631400052979575 0.6798421854583246 0.6792279802869623
89 0.00042718533000237846 0.06535033972418887 0.6826389743068666 0.6818282651252392
90 0.0003521723447303475 0.06243102924067489 0.6706436162911544 0.6692395178430359
91 0.00039342341485225834 0.06169904345525598 0.682104684856685 0.6820520982545493
92 0.0003891248567272637 0.06243241122702655 0.6785977383696368 0.6785541702424588
93 0.00033445973715406896 0.0596842152555578 0.6863715913770327 0.6864080841394603
94 0.00034417524931987264 0.06508900981285169 0.6818251452402726 0.6803234149906914
95 0.0003513238248813562 0.060592811925769666 0.6835811531694378 0.683445391514207
96 0.0003789617905148833 0.060194361648475234 0.6856457799656663 0.6845330042075448
97 0.00036355224630800964 0.06280093041481567 0.6845034444985177 0.684536805875718
98 0.00033010764117359295 0.06707595148270344 0.6856699012597889 0.6837650134883335
99 0.0003806256963027121 0.05919510144513457 0.6824120224540837 0.6823449026013583
100 0.0003432428183627554 0.061566553309985 0.6735907593494805 0.6724418155657337
101 0.0003494653406525862 0.06336278429955129 0.6777061975125097 0.6764435100832878
102 0.00033542075328731085 0.06274986657458992 0.6764978488039404 0.676222902897998
103 0.0003446600952014531 0.06213746767260486 0.6832358788484885 0.6822584772578567
104 0.00033425773726268246 0.06442163035027396 0.6798180641642022 0.6796215118143911
105 0.0003614229940231272 0.06183071729636801 0.6828826940800441 0.6829154685372638
106 0.0003359374195370696 0.062462844783786775 0.6826151315496277 0.6826331588674025
107 0.00033001135897620185 0.0611010341220202 0.6888745795207205 0.6888764193670365
108 0.0003245413427642957 0.06590712677153446 0.6836158588651382 0.6814046185512665
109 0.00030832069583319787 0.0641184609719634 0.684389634327866 0.6818846424710473
110 0.00028793315375072703 0.0696987093101653 0.6865378778965607 0.6861450454714835
111 0.00038833945087042316 0.05781296312799045 0.6786380705103866 0.6783397975333391
112 0.00032696115344007777 0.06005853546813476 0.682586776494874 0.6824054296287835
113 0.00031978364843146604 0.06397974869056394 0.6953121796825837 0.6945233075207633
114 0.000310704222963564 0.06534673655230036 0.6854935874124501 0.6852948808760113
115 0.00032927404961264386 0.06408150665910817 0.6838017543812738 0.6823607314459501
116 0.0002963124604876583 0.06403809935028558 0.6845736915005696 0.6841077042531126
117 0.0002657952897629185 0.0680627314550698 0.6800488041186022 0.679430759062598
118 0.0003120062475188204 0.06510547016809923 0.6812335886068163 0.6811579857982515
119 0.0003026683663793351 0.06597210545184197 0.6838420865220236 0.683757049462671
120 0.0002782095286758895 0.06679427948973522 0.6853522577976958 0.6853484927954925
121 0.000296718113589994 0.06436083307056181 0.6805701137500068 0.680608961065488
122 0.00034067350684473014 0.06391225166677256 0.6878570842848153 0.6876336179840952
123 0.0002664280870370481 0.06414122152225056 0.681262779272221 0.6801612336266311
124 0.00026270281809860044 0.06674009784322618 0.6862763874702078 0.6862314849718705
125 0.0002475808881336152 0.06632494624600314 0.6835920161078994 0.6831006370033319
126 0.00026153616225347355 0.06746627857087154 0.6873288669386969 0.687334858597219
127 0.0003515561519250641 0.061718313777146386 0.6879793619767295 0.6877082838983477
128 0.0002645340334690507 0.06775688407975287 0.6829848057015832 0.6827090237804523
129 0.0002772146842263304 0.06717295429751528 0.683271977228607 0.6832898433504472
130 0.00021629904981074302 0.06845752146712293 0.6851416839136705 0.6840350531068837
131 0.0003221017174452162 0.06479735278872403 0.6854649538208131 0.6854074812043947
132 0.0002611910950529483 0.06593835021664578 0.6754962858777789 0.6752179041485866
133 0.00023719845624958142 0.06645789229768397 0.681932326233094 0.6817602181731739
134 0.0002932074944795294 0.07082677663277649 0.6809914286401874 0.6786459481868202
135 0.00028208208648676535 0.06502841973710534 0.6834865063363799 0.6834601227521091
136 0.00027628433687126863 0.06577946632309825 0.6819513781559343 0.6811733267673769
137 0.0002558387393457054 0.06496667550637729 0.68471134442846 0.684710644947994
138 0.00027667764307927366 0.06455131769975955 0.6848860984692504 0.684806123645378
139 0.00026283926165570796 0.06654128736115329 0.6935434704715251 0.6929074108235327
140 0.0002187041874038215 0.06749542027428415 0.6838513896539368 0.6837472316501543
141 0.00023284533266863838 0.07024296843188048 0.6823075154153453 0.6819576049574112
142 0.00029886103100898285 0.06621586699607514 0.6883015177363374 0.6881272670699797
143 0.00023766660170192224 0.06789625458818395 0.6768709211058761 0.6767613643593879
144 0.0002641214772164506 0.06377900292235664 0.6849430871156414 0.6847862589606653
145 0.00021156142191335327 0.06938871430491399 0.6823104679063119 0.6820254873532696
146 0.00026581159569212764 0.06358680940621209 0.6844851167715749 0.683657931119162
147 0.000285054350761194 0.06224041776388173 0.685078066089449 0.6850484362904765
148 0.00021402974906478366 0.06456115950771073 0.6867470590961678 0.6862761477382715
149 0.00026440573981391656 0.06370234789801384 0.6857675005838133 0.6850265412308825
150 0.00024261653669640354 0.06695445922983323 0.6811139848689851 0.6811545786621294
151 0.00029954514350660424 0.0646592935625866 0.6816069394456359 0.6816266148109014
152 0.00023086122373617155 0.06703009228266361 0.6901078851340632 0.6899571224530527
153 0.0002801448881022867 0.06571782877503701 0.6822149854626031 0.6822475706300226
154 0.00020010314334670807 0.06816034202243099 0.6888939099804444 0.6884515265983261
155 0.0002287713402163296 0.06688619157258684 0.6839951146858907 0.6838749567766371
156 0.00028537572956547594 0.061235943392364205 0.682853781951523 0.6827604168450543
157 0.00022992825681217822 0.06719870891949778 0.6812579884378225 0.6810783694477913
158 0.0002448684083427676 0.06814874163378902 0.6811208925836993 0.6809654186658944
159 0.00023344543491034687 0.06456711990256829 0.684439269600529 0.6844817978977618
160 0.00019284735085796075 0.07199944626125333 0.6894616238566617 0.6872556064266503
161 0.00025387624388281416 0.06709314193268878 0.6903401848950116 0.690343892739971
162 0.00023593845289476993 0.0651146995689084 0.6831282521966533 0.683151970232359
163 0.00018410142445573905 0.07207614492737509 0.6846227696994654 0.6846653057548022
164 0.0003073432234469962 0.06713688236314864 0.6859353469098896 0.6845747970368031
165 0.00021106027930240044 0.06827000863122837 0.6874527044371594 0.6874722541652181
166 0.00024545171099767777 0.06460394302155247 0.6832075237937347 0.6831006370033319
167 0.0002516786578574644 0.06579157764279502 0.6828853680341267 0.68250027971715
168 0.00021752980133297198 0.06875143352701413 0.6829818532106167 0.6826242118149572
169 0.00023680020992861378 0.07026806648279219 0.68131792957518 0.680606368658605
170 0.0002247601526467472 0.06657922784096208 0.6848086652156009 0.6847782900044588
171 0.00019012850645102477 0.07288296616437458 0.685468630507677 0.6832169838545988
172 0.00023851805612566942 0.06528697468572878 0.6893982845693241 0.6893775066158183
173 0.00025195002108996297 0.06501114614097778 0.6800835098143029 0.6800481006420632
174 0.0002143454555760843 0.06902609841862963 0.6861498760176624 0.6850309473840966
175 0.00023535864833954648 0.06820042537524985 0.6810823987863813 0.6800741124614811
176 0.00022513113079910806 0.06793131850984326 0.6839059828831285 0.6834402086466744
177 0.0002127631717439172 0.0664122318974843 0.6763135130943532 0.6757334906898406
178 0.00019355544556905202 0.07171734890515312 0.6828429190130614 0.6828811163674589
179 0.0002009341795613633 0.07291879862094391 0.6830571695839506 0.6829386599482531
180 0.00024635923792499853 0.06393876353031046 0.6870878211196024 0.6870546895628473
181 0.00017136851770493977 0.07429324329426507 0.6936224635317229 0.6904898032174733
182 0.00021234368798062387 0.0739054975357673 0.6822176594166858 0.6818297417651271
183 0.00022775853991494156 0.06816989159556197 0.6913411907474057 0.6901927393170075
184 0.00022303922367428256 0.06463669060705979 0.6846450526501558 0.6846159830312943
185 0.00018561171200362175 0.07082684526812666 0.6798607917221512 0.6794387430242929
186 0.00021586514415604228 0.06787040032509788 0.6898617699436865 0.6874757850896065
187 0.0002259735061730929 0.06708098005894407 0.6866563674868575 0.6860833388818848
188 0.0002064585179416389 0.06622867638532097 0.6805372463977382 0.680308124452359
189 0.0001673037433279186 0.066650390625 0.6799970519656237 0.6796176581831012
190 0.0002340154258287523 0.06711128769305996 0.6785953429524375 0.6782902560668904
191 0.00021079493217148975 0.07457638394548163 0.6811508074450012 0.6796631670169011
192 0.00020851990638860114 0.07111599876787952 0.6864264631431082 0.6859385511572476
193 0.00018224038987386452 0.07482848591305627 0.6821743747849696 0.6802379718678122
194 0.00019616964904218967 0.07309255371423153 0.678741741938474 0.6787468093746374
195 0.00021245421369291094 0.06884475566301325 0.6805894442097307 0.6798540492568996
196 0.00020427403021531593 0.07491944601236232 0.6743541175327603 0.6718769553946544
197 0.00020307432560161037 0.07018150258657034 0.6874747088509664 0.6874130125861158
198 0.00020320614218712036 0.06894245367306373 0.6803152525014841 0.6794822941109617
199 0.00021932004163123617 0.06612927217863844 0.6850765062829007 0.6845140130745835
200 0.00021857634856394686 0.0659436291065356 0.6861552239258281 0.6860333903765298
