Job is using 1 GPU(s) with ID(s) 0 and 8 CPU core(s)
torch cuda is available: True
Warning: You are sending unauthenticated requests to the HF Hub. Please set a HF_TOKEN to enable higher rate limits and faster downloads.
TRAIN_CSV=training_data/AV/train.csv, DEV_CSV=training_data/AV/dev.csv, MODEL_NAME=microsoft/deberta-v3-xsmall, MARGIN=0.25, DIST_LOWER=0, BATCH_SIZE=16, MAX_LEN=512, LR=1e-05, EPOCH=300, DEVICE=cuda
torch.Size([16, 512])
cuda
Loading weights:   0%|          | 0/198 [00:00<?, ?it/s]Loading weights: 100%|██████████| 198/198 [00:00<00:00, 44921.96it/s]
[1mDebertaV2Model LOAD REPORT[0m from: microsoft/deberta-v3-xsmall
Key                                        | Status     |  | 
-------------------------------------------+------------+--+-
lm_predictions.lm_head.dense.bias          | UNEXPECTED |  | 
mask_predictions.classifier.weight         | UNEXPECTED |  | 
lm_predictions.lm_head.dense.weight        | UNEXPECTED |  | 
mask_predictions.LayerNorm.bias            | UNEXPECTED |  | 
lm_predictions.lm_head.LayerNorm.weight    | UNEXPECTED |  | 
lm_predictions.lm_head.bias                | UNEXPECTED |  | 
mask_predictions.LayerNorm.weight          | UNEXPECTED |  | 
mask_predictions.dense.weight              | UNEXPECTED |  | 
deberta.embeddings.word_embeddings._weight | UNEXPECTED |  | 
lm_predictions.lm_head.LayerNorm.bias      | UNEXPECTED |  | 
mask_predictions.classifier.bias           | UNEXPECTED |  | 
mask_predictions.dense.bias                | UNEXPECTED |  | 

[3mNotes:
- UNEXPECTED[3m	:can be ignored when loading from different task/architecture; not ok if you expect identical arch.[0m
CustomBERT(
  (encoder): DebertaV2Model(
    (embeddings): DebertaV2Embeddings(
      (word_embeddings): Embedding(128100, 384, padding_idx=0)
      (LayerNorm): LayerNorm((384,), eps=1e-07, elementwise_affine=True)
      (dropout): Dropout(p=0.1, inplace=False)
    )
    (encoder): DebertaV2Encoder(
      (layer): ModuleList(
        (0-11): 12 x DebertaV2Layer(
          (attention): DebertaV2Attention(
            (self): DisentangledSelfAttention(
              (query_proj): Linear(in_features=384, out_features=384, bias=True)
              (key_proj): Linear(in_features=384, out_features=384, bias=True)
              (value_proj): Linear(in_features=384, out_features=384, bias=True)
              (pos_dropout): Dropout(p=0.1, inplace=False)
              (dropout): Dropout(p=0.1, inplace=False)
            )
            (output): DebertaV2SelfOutput(
              (dense): Linear(in_features=384, out_features=384, bias=True)
              (LayerNorm): LayerNorm((384,), eps=1e-07, elementwise_affine=True)
              (dropout): Dropout(p=0.1, inplace=False)
            )
          )
          (intermediate): DebertaV2Intermediate(
            (dense): Linear(in_features=384, out_features=1536, bias=True)
            (intermediate_act_fn): GELUActivation()
          )
          (output): DebertaV2Output(
            (dense): Linear(in_features=1536, out_features=384, bias=True)
            (LayerNorm): LayerNorm((384,), eps=1e-07, elementwise_affine=True)
            (dropout): Dropout(p=0.1, inplace=False)
          )
        )
      )
      (rel_embeddings): Embedding(512, 384)
      (LayerNorm): LayerNorm((384,), eps=1e-07, elementwise_affine=True)
    )
  )
)
1 0.01712749620414878 0.016829120232379438 0.5203051716945917 0.383011838323082
2 0.014308270110505426 0.015356603821519816 0.5221380558036391 0.3852889284558405
3 0.01309063202466581 0.013520818077501462 0.5647602711032913 0.47373562067782715
4 0.011963186054010578 0.01297144271680753 0.5574709051512834 0.4568024461843351
5 0.01103222888801695 0.012233969422755647 0.5682226516889585 0.47683656993423573
6 0.009925589379007674 0.011230455808143832 0.6148312311597651 0.5566401542540371
7 0.008774885869833045 0.010674812067495888 0.6428259148933895 0.6020378688930029
8 0.007765307691854808 0.009986863437845455 0.6587093135603342 0.622663751909002
9 0.006860903252644032 0.010131326686027113 0.6642432286569442 0.6313377870533763
10 0.0060626857736849156 0.011079090056717445 0.7173671200801474 0.704899129504906
11 0.005443052930379187 0.010038920858930551 0.6933036502147185 0.6708799227492979
12 0.004853134711777336 0.010184100386636117 0.7100292330030109 0.6935667006268504
13 0.004395866479726128 0.010228566334942 0.7110772001739853 0.6950465331149167
14 0.003906213581911486 0.01143835358049403 0.7411500475963826 0.7332248672199044
15 0.0034739139532583524 0.010132094084018065 0.713597680433965 0.697875814244411
16 0.0031397635275116987 0.010665536459535982 0.7241813021086803 0.7119365293107277
17 0.002822685335946651 0.01152656069710719 0.7463877665709392 0.7389987951468988
18 0.002555768369784193 0.011627815888525447 0.744351494829464 0.7367155726683619
19 0.002288321682818977 0.010836888545707314 0.7368985163120112 0.727509698298087
20 0.0020942386554340707 0.011698250204881681 0.7406326931887259 0.7326026680097419
21 0.0018828682518588658 0.012358921261909269 0.7489567679560473 0.7427045522084195
22 0.0017178958862328173 0.01190974179486858 0.7503961351559004 0.7439331955226525
23 0.0015574080426820967 0.012923170262150467 0.7590031476896144 0.7545137784487588
24 0.0014522394080587816 0.012345001897772306 0.7475550589428612 0.7409620212212227
25 0.0013434193671740587 0.012297703564725225 0.7662882798809911 0.7618297381939023
26 0.0012141350133508472 0.01319557467117177 0.7616164364392202 0.7575786907545778
27 0.001123234155991286 0.013194031754283903 0.7675483807425393 0.7639675647759964
28 0.0010422597709904451 0.01203401227264567 0.7576634966941014 0.7518606222425508
29 0.0009624376258328805 0.012873431205054554 0.7831178126342546 0.7805407577675721
30 0.0009136236329454376 0.011703411937561822 0.7519858565655377 0.7452439942782518
31 0.0008005948778480507 0.012979295346702545 0.7631353537730383 0.7591969742114664
32 0.0007684775474033867 0.012841046120969576 0.7625827365959139 0.7578843772202037
33 0.0007382724932217875 0.01216296453930869 0.7565248379138165 0.7507972928363014
34 0.0007250064573808737 0.013364382626495953 0.7734604375123671 0.7702497087002664
35 0.0006447069111416727 0.013079634075992129 0.766805634288648 0.7624207921054127
36 0.0005987269497016955 0.013563054018541574 0.7713777615260791 0.7678757110807006
37 0.0005714231490374886 0.013472861116175489 0.7763876930372019 0.7735029944781076
38 0.0005411953557740481 0.013745814701394627 0.7805795617210995 0.7782687065050073
39 0.0005295169472335873 0.014036181492082328 0.7781696606039215 0.7756233887598931
40 0.0004897197613840839 0.014183913024529957 0.7851429429003844 0.7830643057257325
41 0.0004472417639362697 0.012724416224550453 0.7722533700734624 0.7683894660074309
42 0.00043723240022556 0.011523023414309467 0.7674513384922821 0.7624230376393566
43 0.00041073168046373897 0.011694853797482863 0.7623904904388316 0.756976017066811
44 0.0003851863453750458 0.013504657241996473 0.7840552006624275 0.7817522953033904
45 0.00037539033885954234 0.012918013641410273 0.772293145140445 0.7685548551680701
46 0.00034593869800405875 0.013548214167720753 0.7819725246761395 0.779425761801495
47 0.0003597905106558679 0.01361855054508858 0.7844532298691367 0.7819091708134485
48 0.0003506297117613469 0.014027419471536712 0.7838207840211635 0.781743606552153
49 0.00029780653280285567 0.013737996904486838 0.7713777615260791 0.7678757110807006
50 0.0003006104029663025 0.01493023419384415 0.7857531057976672 0.7839267868276636
51 0.0002815065974993326 0.012809644191375603 0.7717161281323144 0.7677194050659137
52 0.00027704879227671646 0.013208282945639409 0.7818531994751919 0.7789949160914966
53 0.0002819017673246588 0.013663352636507581 0.781278299347377 0.7786473312689199
54 0.0002519339419463488 0.012551169073553848 0.7725673368486917 0.7686502345152386
55 0.0002606986580259185 0.01389979415282734 0.7866552310563721 0.7846315702316378
56 0.0002378967660613275 0.01371146396831879 0.7790452691513048 0.7761932906140973
57 0.00022488438815152507 0.013374236305196869 0.7770798014856488 0.7738169362385474
58 0.00021568476478744613 0.013436223200467817 0.776365688623395 0.7729477174366841
59 0.0002092566342845229 0.012608705595105851 0.7722202241843104 0.7682499962651448
60 0.00020916119314945577 0.014552341946990451 0.7844155716824697 0.7821835163465445
61 0.0002170533464533266 0.012719964364569354 0.7746876710216465 0.7706792267112367
62 0.00019110796261977896 0.013167635947944534 0.7726071119156741 0.7688164524917425
63 0.0001861737131864697 0.013311928339382105 0.7762153344136108 0.7728416213917866
64 0.00018381661093624157 0.014377125410523764 0.7891955988498431 0.787305555966325
65 0.0001704527877966294 0.013050456950308912 0.7806084738496203 0.7775093786632217
66 0.00016994035689856446 0.013392078319908522 0.7779177518463651 0.7746878489090878
67 0.00017664892007567058 0.014992708126454427 0.788306731946799 0.786633698785083
68 0.00015407411606140712 0.01362263897022684 0.7794897026028269 0.7764971475821372
69 0.0001587204953938035 0.013289607585085024 0.7868676432838295 0.7841584110870474
70 0.00014954092154921444 0.014002809317258195 0.7871593271083682 0.7851538626997757
71 0.0001480914055502154 0.012536904775849442 0.7744842833892189 0.7703515929494991
72 0.0001564115262741327 0.013739159732128341 0.7822931206291992 0.7797208273176648
73 0.000136882025710951 0.013380985219937875 0.7824235873054921 0.7797618083915218
74 0.00013631638340701034 0.014350290624830413 0.7801396405670922 0.7775567071995272
75 0.00013455002128336574 0.012712710587677357 0.7760761216791718 0.7722787905994486
76 0.00011957806361815893 0.016262092982172835 0.7928589716507388 0.7916640056382097
77 0.00013862317217321564 0.01333911966155775 0.7802170738207417 0.7774041291192622
78 0.000124672173879852 0.013786214702801048 0.7799495112903254 0.777302694668201
79 0.00011379201972556813 0.013279244554987907 0.7770466555964968 0.7736870666437454
80 0.00011591015530399023 0.013149801495780426 0.7782516061550859 0.775031050967109
81 0.00013040100060347415 0.013558195401794293 0.780798603126387 0.7777687743778499
82 0.00011296340376136455 0.013716833314448272 0.7807012823392463 0.7778569133057287
83 0.00010607244895921037 0.012753896443827531 0.7770135097073446 0.7735557494805307
84 0.00011321757555951592 0.013215933672787897 0.771789049088449 0.7680252732882318
85 0.00010018517727781301 0.014315202088313899 0.7831509585234069 0.7806575777713022
86 0.00010432594116564153 0.014115466116165319 0.7899937741435771 0.7880419966729421
87 9.367427550232517e-05 0.013717038272431684 0.7882316941103487 0.7860326706095215
88 0.00010240675353399148 0.01402700483213427 0.7812584118138857 0.7785758876789166
89 9.644893457778222e-05 0.014495415906842201 0.7828767668151602 0.780522794307527
90 0.00010307763069805897 0.013191096512711114 0.7791293315827847 0.7760540272665678
91 8.849264824254622e-05 0.012804649684944307 0.7798413275647231 0.7764373359761707
92 8.968379465113666e-05 0.014029889535121576 0.7828369917481777 0.7803851968710971
93 9.374873945454452e-05 0.01357010528370651 0.787621531213066 0.7851476414789518
94 0.00010555857532268871 0.013863842864283861 0.7817094744432381 0.778908849229202
95 7.70343899832006e-05 0.014399744418194686 0.7882979858886532 0.7862509558139348
96 8.181507361758803e-05 0.01429990602894342 0.7827640707920429 0.7801277907528279
97 8.574936816452623e-05 0.013562432234497962 0.7802481028295782 0.7770648061879646
98 7.428243338350064e-05 0.014228828740644198 0.7847030217463773 0.7823676661399079
99 7.90017522587101e-05 0.013416927976693213 0.7734583206320514 0.7697448783787564
100 7.459117312909539e-05 0.013928178052713042 0.7846367299680729 0.7821383935654046
101 7.490092726137672e-05 0.013254826026117833 0.7723970951054162 0.768464140211617
102 6.987867757859361e-05 0.014558339367475968 0.7896466614791957 0.7876584194518063
103 7.42393367422395e-05 0.013955108495281527 0.7863457765786579 0.783985585868384
104 7.630852149741501e-05 0.013961268713299653 0.7873075644378369 0.7848744890936256
105 7.023969163614792e-05 0.015179862614776073 0.7923925337854096 0.7909511567948425
106 6.973289800642106e-05 0.013347265149278502 0.7813933907876933 0.7781770848493086
107 7.044883560989747e-05 0.013984016788635143 0.785678067961217 0.7833019959502459
108 6.617464785809696e-05 0.013628545535944966 0.7920875916052103 0.7900143025425299
109 6.208225763656057e-05 0.013857846690392181 0.7875573563150774 0.785327422514543
110 5.940430425598526e-05 0.013644628632277866 0.7845174047671254 0.7817119023744916
111 6.901031141415456e-05 0.013389786194103023 0.7836595668729176 0.780769862307443
112 5.867186086980938e-05 0.0136254045629932 0.7874976937146035 0.7851252816251248
113 5.721277625057522e-05 0.013228169164625624 0.7785833435834906 0.7748742096459948
114 6.261972329664399e-05 0.01359385916352957 0.7840464546042816 0.7813064294854306
115 5.6839950784284036e-05 0.014821088463832585 0.792253321050971 0.7905370016374247
116 6.253909633545728e-05 0.013620424331706649 0.7876546771022181 0.7852621378456308
117 6.114221219653701e-05 0.013481197721995731 0.7852779218741922 0.7827294721570031
118 5.643700747306361e-05 0.013151044705899763 0.7843272754903587 0.7814554921360358
119 5.4281151762780136e-05 0.013482032328593564 0.7806925362811004 0.7773614864307061
120 5.934364857862832e-05 0.013141077942990827 0.7822578578597315 0.7791494756633635
121 5.148524140954407e-05 0.014711987467452538 0.7864208144151081 0.7846078686658743
122 7.733615944046314e-05 0.015310768403306209 0.7913644541479268 0.7898538833926834
123 5.32760781494195e-05 0.014291049466413536 0.7898169032224712 0.7878396197506379
124 5.208877392760012e-05 0.014031980567823567 0.7897129532575 0.7878689921432644
125 5.6447935968342324e-05 0.013046437483756427 0.7820014368046606 0.7786323413686222
126 4.9806225092738675e-05 0.013620596851618335 0.7920610748938887 0.7899276507043307
127 4.6306669221760866e-05 0.013005487545072192 0.7835999042724439 0.7805472930853524
128 4.9119387310069e-05 0.015932339229837778 0.7979861114824937 0.7970642837680009
129 5.612454185270909e-05 0.013327591587168838 0.783633050161596 0.7806715004864542
130 5.3316094944783585e-05 0.014685737872929818 0.7876899398716859 0.7857611313148549
131 4.297113895954331e-05 0.013106766577680133 0.7841636629249135 0.7812962885849747
132 4.481682103966988e-05 0.013977060784692534 0.7901573867090221 0.788201929647802
133 4.851599133854579e-05 0.013618784502161682 0.7795162193141486 0.7765964113048927
134 4.669587606434268e-05 0.015910409780635053 0.7921581171441459 0.7908937521340043
135 4.44921207753535e-05 0.01380033478023969 0.7806416197387726 0.7776347679884301
136 5.722080478342038e-05 0.01473863467557375 0.7895427115142246 0.7876881933213691
137 4.024331079445076e-05 0.013784529108708905 0.7872500187176785 0.7850744468567226
138 4.57708255124246e-05 0.015422920009484007 0.7921493710859997 0.790557016451223
139 4.196311026681725e-05 0.014918163780234263 0.7917049376344777 0.7902133517970589
140 4.6141795949412565e-05 0.013689096222480738 0.7860185514477678 0.7836664928502606
141 4.5678512147584574e-05 0.013709129284661411 0.7903143700966366 0.7883406413973426
142 3.767878853057769e-05 0.014267050892229014 0.7878137773701482 0.785793056597107
143 4.492303772132189e-05 0.014324103648813643 0.7876899398716859 0.7857611313148549
144 3.625812116760777e-05 0.013390545049427712 0.7857422428592057 0.7831137873183596
145 4.630997352881502e-05 0.013827191773928228 0.7859787763807853 0.7835294685586766
146 3.472838390840065e-05 0.014105810128318961 0.7922268043396492 0.7904555461785275
147 5.021799756859623e-05 0.014484667856834894 0.7834649252986361 0.7809296811269292
148 4.086745373696879e-05 0.014410370148896448 0.7907277745393222 0.7889325959991058
149 3.617282902321042e-05 0.0144271579257623 0.7897771281554886 0.7877110135369861
150 3.308375429186056e-05 0.014099170259827393 0.7871704685837134 0.7848061076930181
151 4.797810493306262e-05 0.013021918673838456 0.7798943609873663 0.7766447338926258
152 3.90646282484874e-05 0.014112719784627673 0.7895803697008915 0.7874425841276869
153 3.800633300864683e-05 0.01431135178742386 0.7891425654271997 0.7871360607644047
154 4.58533490413534e-05 0.013417233515805264 0.7858992262468202 0.7832495486804603
155 3.54600353328423e-05 0.013600501894637577 0.7869737101291163 0.7845324771525979
156 3.562110927556486e-05 0.013058522107844512 0.7821340203612691 0.7791405720668754
157 3.922949815070757e-05 0.012791255674386003 0.7760761216791718 0.7722787905994486
158 3.0427736051481936e-05 0.01434264743148015 0.7895095656250724 0.7875833477461404
159 3.788204246198529e-05 0.015383667219185451 0.7905463913207016 0.78905252206637
160 4.435412101736618e-05 0.014480715504133086 0.7888750028967835 0.7870066144877297
161 3.695177468644322e-05 0.017014649496063336 0.7933386678717286 0.7923896588523494
162 3.3954091545440974e-05 0.013432526028170081 0.7812318951025639 0.7784798490852335
163 3.7011358430146635e-05 0.013727861038076147 0.7876281603908963 0.7851706486200157
164 3.1737176122470006e-05 0.012872296970943074 0.7774645723366972 0.7738719305960156
165 3.284773695057893e-05 0.014548784388773467 0.784481863460774 0.7824039148394487
166 3.626243276674778e-05 0.013076995992249827 0.7855322260489477 0.7827879883002984
167 3.439095377797888e-05 0.013010749560975853 0.7782052019102728 0.7748499976315302
168 3.6659422625843524e-05 0.0131317567929996 0.7790829273379718 0.7758762661058747
169 3.1423673104979354e-05 0.014821464870057921 0.7926203212488435 0.7909780881853066
170 3.856027340439868e-05 0.013835005507974308 0.7916696748650098 0.7897681940937002
171 3.0430923581265443e-05 0.013463688384822042 0.7818797161865136 0.7790922189411198
172 2.8876406333254894e-05 0.01459957479576826 0.787546214839732 0.7856644691040682
173 3.364186888281197e-05 0.013305424443597927 0.7842697297702006 0.7816795139721584
174 3.067657689990372e-05 0.014552620984007829 0.7903872910527713 0.788571239808771
175 2.943368681121085e-05 0.013983454977227607 0.7887689360514968 0.7866653885812522
176 2.8444205087880646e-05 0.01369625622219809 0.7841657798052292 0.7817294674535219
177 3.35050948738599e-05 0.014356962362021188 0.7915922416113603 0.7898761219128219
178 2.7405275889045437e-05 0.014112528414311173 0.793949109305895 0.7923199281928341
179 3.291848530536073e-05 0.013499908961682652 0.7871770977615438 0.7848287648721488
180 3.5341133759347835e-05 0.012942540254690195 0.7860031762117914 0.7831937503569399
181 2.6526634943557157e-05 0.012981567640857852 0.7813093283562134 0.7783205512791366
182 2.8543355796601302e-05 0.013703928406129799 0.7803276529635432 0.7773665468092212
183 2.579179226598217e-05 0.013479828757765237 0.7892067403251886 0.7869688742681045
184 2.6994379533360895e-05 0.014300414956248297 0.7911345498041775 0.78949630028299
185 3.5808019951811884e-05 0.013846345011822584 0.7917160791098229 0.7899136283635704
186 3.0730185129684436e-05 0.013394714483137954 0.7895803697008915 0.7874425841276869
187 2.380543992427845e-05 0.014484553375565312 0.7898633074672842 0.7879872689279714
188 3.520718484420461e-05 0.013604960853855385 0.790489124137427 0.7881573867949379
189 2.9279960717360075e-05 0.015844901492160286 0.7940241471423453 0.7928425633852747
190 2.4422699085071093e-05 0.013765621696830843 0.7917802540078116 0.7897588172649251
191 2.5828903428776014e-05 0.01479576993910414 0.7923395003627665 0.7907960466149067
192 4.216350794353361e-05 0.013462463242504401 0.7830117457889679 0.7801576485063724
193 2.397180793456211e-05 0.014152947032378778 0.7861423889462305 0.7836889586039488
194 3.0181258009440023e-05 0.014099580746740177 0.7848136008891788 0.7823441108877772
195 2.9052728063799115e-05 0.0140691681917469 0.7881078566118863 0.7860045104303702
196 2.352038659371697e-05 0.014182365806704927 0.7938496716384386 0.7920157979536848
197 2.266169526762357e-05 0.013975587825157369 0.7885655484190692 0.7863741986692031
198 2.6032862881920017e-05 0.013084642694027274 0.7848313715423545 0.7819818801568086
199 3.279566274684711e-05 0.01436794954098776 0.7856714387833865 0.7832792039269771
200 3.677540721697763e-05 0.013484056592757237 0.7870776600940875 0.7844832345965387
201 2.517632067390029e-05 0.013418316900858028 0.7888132234159941 0.7864249085346497
202 2.5914367332541652e-05 0.01653336102174632 0.7980855491499499 0.7973110939465595
203 2.6669136045947543e-05 0.017006231736001413 0.7919170713250512 0.7908081025461382
204 2.0369110475801363e-05 0.014062782655476756 0.7849904718102847 0.7825496509656351
205 3.3898841007796634e-05 0.013636534402031006 0.7856117761829128 0.7830716304685668
206 2.6976629113762896e-05 0.015099493287794787 0.7885809236550458 0.7867905089837851
207 2.155702181074849e-05 0.013712590863719494 0.7869803393069468 0.7845553952479719
208 2.349950409375703e-05 0.013436765161363277 0.7857687595705274 0.7832077127500645
209 3.2535871066179404e-05 0.013443435348518908 0.787294306082176 0.784828563665589
210 2.4113275045696025e-05 0.013397824845348103 0.7866199682869046 0.7841212767089467
211 2.0594700119453788e-05 0.013133062594060501 0.7800977486197941 0.7769567706842255
212 2.2693964140555487e-05 0.013963018814572683 0.7913490789119503 0.7894690656541414
213 2.247427432363978e-05 0.013798858372107006 0.78946979055809 0.7874557991694604
214 2.5411593998242467e-05 0.014645058452431439 0.7857398474420064 0.7838850337217991
215 2.2865194605101424e-05 0.014170333809879292 0.7881940359236818 0.7862829865238554
216 2.970014963776364e-05 0.013100462662828124 0.7816431826649339 0.7786634429244899
217 2.511775308647956e-05 0.01445179201291752 0.7904734703645669 0.7888356361167346
218 2.2185772555345832e-05 0.013474051770769699 0.7804072030975084 0.7776601566439323
219 3.57303576661089e-05 0.013484101660065409 0.7883489024309808 0.7860363556227979
220 2.3822789388978842e-05 0.014109974116538868 0.7867923269104955 0.7847047818799588
221 3.633668004712893e-05 0.01598839622644228 0.7927131297384695 0.7912526648641841
222 2.6978674537737937e-05 0.015647948690578676 0.7880855736611958 0.7866295394749673
223 8.870566334057634e-05 0.01576704953101117 0.784515009349926 0.7825120912759655
224 3.402485254109447e-05 0.013476424980361619 0.7816431826649339 0.7786634429244899
225 1.5457081228819357e-05 0.013925219871863367 0.7841591506273987 0.7817064316907594
226 1.9559805709468893e-05 0.01413186491791382 0.7887424193401751 0.7865779655299732
227 2.1210598952409014e-05 0.013842249839510237 0.7875440979594165 0.7852828779136426
228 2.7306286603100948e-05 0.014063687866558948 0.7873871145718019 0.7851455159236163
229 1.9630934582733177e-05 0.013783474356561076 0.7861887931910434 0.7838486941286575
230 2.2567752562906018e-05 0.013186708099294087 0.7841504045692527 0.7812473896955421
231 2.0612202161384524e-05 0.01338912018941872 0.7848202300670093 0.782367183556405
232 1.963430246609252e-05 0.013593048262106056 0.7825209080926329 0.7796802031733835
233 2.5036541426068227e-05 0.013589670250018079 0.7817028452654078 0.7788845605841912
234 2.2600967982372738e-05 0.013663188920278787 0.7863325182229972 0.7839400915402506
235 1.95719016187337e-05 0.013002652926780761 0.7829918582554767 0.7800842324788502
236 2.760749998951053e-05 0.014134881850252768 0.780307765430052 0.777291876343077
237 1.6466503931441424e-05 0.01304530901232964 0.7817227327988989 0.7789572589517667
238 2.166363180980089e-05 0.013726682138049454 0.7863656641121493 0.7840534220873538
239 3.840769230082418e-05 0.013331778095547161 0.7824501040168137 0.7798565512446339
240 2.4771673080885553e-05 0.014260127359439274 0.7911014039150253 0.7893957139553196
241 1.5427620377779028e-05 0.012845248911991633 0.7832859374972148 0.7802789389381568
242 3.8144947686411624e-05 0.015137708581326383 0.7893679574734342 0.7878332763717418
243 2.6755957155277296e-05 0.013552397430883576 0.7873937437496323 0.785167752340896
244 1.488378481332473e-05 0.015696071405139334 0.7971349027661163 0.7961749328306297
245 1.6170309645633555e-05 0.0134845372113349 0.7836815712867246 0.7812741791850976
246 2.437278705789654e-05 0.013462079270633198 0.7879752730552778 0.7855585129756808
247 2.9911330000399215e-05 0.01424407389271916 0.7903475159857889 0.7884462433010441
248 1.4924549636941854e-05 0.013113829343699835 0.7867570641410279 0.7841877218275686
249 2.31352974148298e-05 0.01387778981148994 0.7898235324003016 0.7878608699531928
250 2.501541991812746e-05 0.013859472257807296 0.7928878837792597 0.7911165652794814
251 1.7248171138667567e-05 0.013775260985323725 0.7868188436218173 0.7847913327017118
252 2.303576018852074e-05 0.014849121722478363 0.790951049705241 0.7892759553529394
253 1.8641596135348987e-05 0.015339943793695994 0.7912870208942773 0.7899424313460275
254 2.5313527812052456e-05 0.012846092475595594 0.7830316333224592 0.780230563264902
255 4.3679193168073096e-05 0.01295088871243714 0.7813292158897047 0.778394876847054
256 1.7908203499761803e-05 0.01287487437633119 0.7779044934907045 0.7746363284116138
257 1.6689228138186557e-05 0.013850276990774686 0.7866067099312437 0.7840748798063197
258 1.9501649862338298e-05 0.014756925939663873 0.7904734703645669 0.7888356361167346
259 1.9148461054796304e-05 0.014875710093415963 0.7946189348036514 0.7933201440627666
260 2.0203355662612425e-05 0.013606882857629026 0.7834185210538231 0.7807648466781247
261 2.6752138734327785e-05 0.01363106009454199 0.7894101279576161 0.7872609160402773
262 1.5403215795735042e-05 0.014384461783902057 0.7857509889173516 0.7835491369337135
263 1.5307187271861017e-05 0.013397250014033878 0.7856449220720648 0.7831874929955781
264 1.9890214439950044e-05 0.015998160356605055 0.7995448038832944 0.798728980581042
265 2.5154399569757052e-05 0.014858112024359658 0.7913246790809441 0.7897360591933738
266 3.201104311202375e-05 0.015290962074980485 0.7942585637836095 0.79290574746622
267 1.7665458367016734e-05 0.014313416068970766 0.7852402636875253 0.7830036340773414
268 2.1320891878300782e-05 0.013894178467137117 0.7850633927664195 0.7827993621339518
269 1.4080326085626917e-05 0.013842289782086958 0.7862285682580258 0.7839835022514324
270 1.8561745870624436e-05 0.014150362643780771 0.7875308396037557 0.7852381189003288
271 1.7897952734373312e-05 0.01887549015994224 0.8019634510586183 0.8015002210382444
272 2.925580313462041e-05 0.01512062098910504 0.7833299463248284 0.7812647599339022
273 1.7041247472815134e-05 0.01336545592576269 0.7832283917770564 0.7805102064836889
274 1.2604715817552768e-05 0.01375843181285554 0.7848997802009744 0.7826398102751735
275 2.4079757723015582e-05 0.013751909425663974 0.7834649252986361 0.7809296811269292
276 1.5623978043955116e-05 0.013554523747626319 0.7846367299680729 0.7821383935654046
277 1.671041727158893e-05 0.01507791396591846 0.794448693060376 0.7931410256410256
278 2.4085333229624962e-05 0.01427083305256799 0.7885080026989111 0.7865604746213224
279 1.7908969025502044e-05 0.013944574769028589 0.7849506967433022 0.7824106687589384
280 1.2804927286131659e-05 0.013812360462859887 0.7832615376662085 0.7806292797560828
281 1.9602297652495502e-05 0.01994133932092237 0.8006964424823562 0.8004642952100254
282 2.332049657958022e-05 0.013280626234265742 0.7802547320074087 0.7770902633152363
283 1.5341419995782497e-05 0.013860681346873585 0.788545660885578 0.786307780644365
284 1.7205833416998773e-05 0.015759185519804174 0.7914440042818919 0.7900839964633068
285 1.8896004803331293e-05 0.015547222490693603 0.7876501648047032 0.785633252440715
286 1.995116140107897e-05 0.013776648599743325 0.7837921504295261 0.7812483652589375
287 1.9520162258093635e-05 0.014380671347799294 0.7888551153632922 0.786943663083822
288 2.087949190085823e-05 0.01485458129248306 0.7907940663176266 0.7891359084881625
289 1.9776720611477494e-05 0.01442794419224294 0.7890518738178895 0.787208282450568
290 1.3793892984450995e-05 0.014770832773720407 0.7909046454604282 0.7891337519053561
291 1.3190880050842697e-05 0.014530298068441746 0.7891491946050303 0.7871574320327942
292 1.9197201819342098e-05 0.014293204164951443 0.7876878229913702 0.7853752883253771
293 1.786450558481634e-05 0.013220310140007649 0.7825917121684521 0.7794926777213846
294 1.2454879632183673e-05 0.01460545574545353 0.7888750028967835 0.7870066144877297
295 3.1142508059768356e-05 0.01652688339470169 0.7938804221103916 0.7927358671054523
296 2.8317577737346394e-05 0.013706757736022618 0.7841458922717378 0.78166019607517
297 1.7235826625854728e-05 0.01574307354454597 0.7899383453037344 0.7885459719801382
298 1.5010413146660163e-05 0.013301570314463945 0.7860251806255983 0.7836891406910189
299 1.7256423935224123e-05 0.014336046418025139 0.7861113599373939 0.7839786541650846
300 1.9197766220491887e-05 0.0151008247818124 0.7879463609267567 0.7862121162546785
Saved outputs to checkpoints/av_siamese/ with prefix deberta-v3-xsmall_ep300_bs16_lr1e-05_ml512_m0.25_dl0
