Job is using 1 GPU(s) with ID(s) 0 and 8 CPU core(s)
torch cuda is available: True
TRAIN_CSV=training_data/AV/train.csv, DEV_CSV=training_data/AV/dev.csv, MODEL_NAME=microsoft/deberta-v3-xsmall, BATCH_SIZE=128, MAX_LEN=50, LR=2e-05, EPOCH=200, DEVICE=cuda
torch.Size([128, 50])
cuda
Loading weights:   0%|          | 0/198 [00:00<?, ?it/s]Loading weights: 100%|██████████| 198/198 [00:00<00:00, 37520.20it/s]
[1mDebertaV2Model LOAD REPORT[0m from: microsoft/deberta-v3-xsmall
Key                                        | Status     |  | 
-------------------------------------------+------------+--+-
mask_predictions.dense.bias                | UNEXPECTED |  | 
deberta.embeddings.word_embeddings._weight | UNEXPECTED |  | 
lm_predictions.lm_head.dense.weight        | UNEXPECTED |  | 
lm_predictions.lm_head.LayerNorm.weight    | UNEXPECTED |  | 
mask_predictions.LayerNorm.bias            | UNEXPECTED |  | 
lm_predictions.lm_head.LayerNorm.bias      | UNEXPECTED |  | 
mask_predictions.classifier.bias           | UNEXPECTED |  | 
lm_predictions.lm_head.dense.bias          | UNEXPECTED |  | 
mask_predictions.dense.weight              | UNEXPECTED |  | 
mask_predictions.classifier.weight         | UNEXPECTED |  | 
mask_predictions.LayerNorm.weight          | UNEXPECTED |  | 
lm_predictions.lm_head.bias                | UNEXPECTED |  | 

[3mNotes:
- UNEXPECTED[3m	:can be ignored when loading from different task/architecture; not ok if you expect identical arch.[0m
Warning: You are sending unauthenticated requests to the HF Hub. Please set a HF_TOKEN to enable higher rate limits and faster downloads.
CustomBERT(
  (encoder): DebertaV2Model(
    (embeddings): DebertaV2Embeddings(
      (word_embeddings): Embedding(128100, 384, padding_idx=0)
      (LayerNorm): LayerNorm((384,), eps=1e-07, elementwise_affine=True)
      (dropout): Dropout(p=0.1, inplace=False)
    )
    (encoder): DebertaV2Encoder(
      (layer): ModuleList(
        (0-11): 12 x DebertaV2Layer(
          (attention): DebertaV2Attention(
            (self): DisentangledSelfAttention(
              (query_proj): Linear(in_features=384, out_features=384, bias=True)
              (key_proj): Linear(in_features=384, out_features=384, bias=True)
              (value_proj): Linear(in_features=384, out_features=384, bias=True)
              (pos_dropout): Dropout(p=0.1, inplace=False)
              (dropout): Dropout(p=0.1, inplace=False)
            )
            (output): DebertaV2SelfOutput(
              (dense): Linear(in_features=384, out_features=384, bias=True)
              (LayerNorm): LayerNorm((384,), eps=1e-07, elementwise_affine=True)
              (dropout): Dropout(p=0.1, inplace=False)
            )
          )
          (intermediate): DebertaV2Intermediate(
            (dense): Linear(in_features=384, out_features=1536, bias=True)
            (intermediate_act_fn): GELUActivation()
          )
          (output): DebertaV2Output(
            (dense): Linear(in_features=1536, out_features=384, bias=True)
            (LayerNorm): LayerNorm((384,), eps=1e-07, elementwise_affine=True)
            (dropout): Dropout(p=0.1, inplace=False)
          )
        )
      )
      (rel_embeddings): Embedding(512, 384)
      (LayerNorm): LayerNorm((384,), eps=1e-07, elementwise_affine=True)
    )
  )
  (classifier): Sequential(
    (0): Linear(in_features=384, out_features=1, bias=True)
  )
)
1 0.005424531275131628 0.005296014205812314 0.5473440282583467 0.5348226016881281
2 0.0052205735840259405 0.005169604977522274 0.5803517631161905 0.5803506510435525
3 0.005101079363875204 0.005159863501901562 0.5950852501127517 0.5718851017223723
4 0.004917664463292439 0.005033190016075782 0.6131850224701275 0.6037696945318615
5 0.004715818956128311 0.004972544284131836 0.6187643390787694 0.6174990178254096
6 0.004491765691536888 0.005044349471575506 0.6322987804986746 0.6236899466237467
7 0.004220984062987903 0.004919724175593062 0.64080111887152 0.6401639890287807
8 0.003910378353151464 0.005134123823349531 0.6511211332395667 0.6469452050771025
9 0.0036424177236246166 0.005155780618544435 0.6462409442088394 0.6458085355734628
10 0.003312619603870876 0.005309766632436851 0.6590766480024672 0.6576564036085026
11 0.0029750967378947184 0.005598961759962225 0.6656081708014909 0.6652720455129146
12 0.002712766986737974 0.005855907766086598 0.6668327303566877 0.6656110278590541
13 0.0023358094749585923 0.006126616030170626 0.6644128019116989 0.6640201841245216
14 0.002083289224034655 0.0064627612629697415 0.6709649364401115 0.6694740651763916
15 0.0018670197157302116 0.006845139540158785 0.6733591837844294 0.6708598457793586
16 0.0016572832213820172 0.00726764910849271 0.6655517392288672 0.6642840903050691
17 0.0015059770370786374 0.007662756264398716 0.6762710640732876 0.6740421202404765
18 0.0012900809965723438 0.008244739984324236 0.6744821887918541 0.6710757869739017
19 0.0011686397663777538 0.008684880224667426 0.6706127544044481 0.6653768543545904
20 0.0010751206857036958 0.008663409046273031 0.6772225460677723 0.6771984886695894
21 0.0009481660522811903 0.009061291443372676 0.6733218041346462 0.6717882223293001
22 0.0008900755181441244 0.009532323697960757 0.6742332325252645 0.6741006060238515
23 0.000784382156229108 0.009713960543272393 0.6791253986419877 0.6768578953107398
24 0.0007584165557758062 0.009884688127384985 0.6745912081281074 0.6740849246098923
25 0.0006917569867438321 0.009438196944012857 0.6779297512153121 0.6774225085872616
26 0.0006304349641390803 0.01017278767021952 0.6701124464540694 0.6700520209479016
27 0.000597090249420187 0.010287004730129766 0.6784675502302275 0.6784893477532992
28 0.0005160866538576481 0.010742553482265717 0.6723608518861182 0.6723902813790454
29 0.0005456081003670849 0.010410647240700316 0.675743125264053 0.6752584593793856
30 0.000457500575454437 0.011049097037446652 0.6753920573759241 0.6754269401293325
31 0.0004961102216728593 0.011259612169047736 0.679447108742582 0.679396665531161
32 0.00042598076668471497 0.011327579744308118 0.6802757559713851 0.6801152718494263
33 0.0004624649807185477 0.011433915226244278 0.6731521194651379 0.6730740361440398
34 0.00040110147627253086 0.01159840586506503 0.6750054481814438 0.6747355047432517
35 0.0003778115775027423 0.011394454743455174 0.6710188054734059 0.6710461146117264
36 0.0003591700554504795 0.012217466190305672 0.6697942459182091 0.6694676302753755
37 0.000340385901226311 0.012200188561192383 0.6740605953647898 0.6735936941362015
38 0.000368138519699444 0.012332442227297865 0.6706231716838958 0.6705691869414899
39 0.0003198185675757179 0.012805988747628408 0.6733160105674665 0.6733378379678234
40 0.00031390668902411 0.012657592854753631 0.6739041690509423 0.6739040805780241
41 0.0002986200922860301 0.013041743149288743 0.6720164131758196 0.6713237584337768
42 0.00027410071856298694 0.01298453965768698 0.6747240702215995 0.6745986372645854
43 0.00030204683726676567 0.012680106880707392 0.6737487454698761 0.6730084760314249
44 0.00027116932316448034 0.012691500965470406 0.6780074630058452 0.6780038422294457
45 0.00024115621591778522 0.013201135855454665 0.6768504764986175 0.6752676335777936
46 0.0002897142921605578 0.012858672908246369 0.6803770319822734 0.6791161501652018
47 0.0002491296303549781 0.013255578755894786 0.675018428000221 0.6750480644518757
48 0.0002451984387703621 0.013057609123995085 0.6719450520262333 0.6719583270947007
49 0.0002345346957338681 0.013745096715248905 0.6753830327808945 0.6753606570777381
50 0.000250005157811244 0.013303651925858286 0.6779164928596513 0.6774268200776411
51 0.00024186831448065854 0.013674973665762879 0.6664641703522668 0.6664967757556735
52 0.00022083363194383545 0.013923916597110132 0.6666349691693094 0.6658467828793516
53 0.0002631760506730311 0.013173798478029615 0.6839147289412747 0.6831999332461106
54 0.0002348493722994536 0.013862820354304448 0.677240316720948 0.6772654918480658
55 0.00020165409486247186 0.013542984873827204 0.6780562626678575 0.6780924841070772
56 0.00018043259079185861 0.013785466236004382 0.6763291668672132 0.6761192207591522
57 0.00019012067928171478 0.015049505925986119 0.6741417053053032 0.6707562076998979
58 0.00019522842569179996 0.014136892237886849 0.6804984740635368 0.6785757657950282
59 0.0001928678870099229 0.014380669426723093 0.6765126669661494 0.6762874806353067
60 0.00015243090617437122 0.014439834868909918 0.673362136275396 0.6732559421710365
61 0.00017564910109491217 0.013846797316933283 0.6799153849513428 0.6797758307437525
62 0.00019733565611361776 0.014334114230814907 0.6740171436109432 0.6737571917054082
63 0.00017510716326575717 0.014488614522493802 0.6729792037677796 0.6718214192765066
64 0.00016171807509887448 0.014505686732896397 0.6776006877409901 0.6776198181436028
65 0.000153824594623143 0.01490431229339783 0.6775458159749147 0.6773195674362344
66 0.00018497897578608936 0.014512295578151877 0.675511104039988 0.6752863078950035
67 0.00017752059875276825 0.014164208808884922 0.6790355426433284 0.6790214064382387
68 0.00016917597983376518 0.014861490776995159 0.6844251756342175 0.6827045620950651
69 0.00019018433754901506 0.014060196585315467 0.6735308182121229 0.6730978253572263
70 0.00014225736308878746 0.014700532436927809 0.6819426320977883 0.6814253738859594
71 0.00015566896495470257 0.014837764368895874 0.6824594294316778 0.6797337656834814
72 0.00015735348543439328 0.014887532864829524 0.6718745264872978 0.6718617583242534
73 0.00014037475511761698 0.014990453566530998 0.6789936506960302 0.6790311916289684
74 0.00013367445210069504 0.014608479214494343 0.6808304900288251 0.6802352626136023
75 0.00014018388657844097 0.01485925454359788 0.6807578476095741 0.6807190180013498
76 0.00013229423890546144 0.01534290558783017 0.6740502895000954 0.6738224558721303
77 0.0001368995309664072 0.015450789477696666 0.6782418796471094 0.6782672544186358
78 0.00015322566187936124 0.014693163779150678 0.6729315182533019 0.6727451311463206
79 0.0001315955624863472 0.014695050420813621 0.6794091720190314 0.6793770979467891
80 0.0001412171446059278 0.015435589348436416 0.6746689199186404 0.6746653646994243
81 0.0001502365883700481 0.015424057754275996 0.6749955879757632 0.6738123280257703
82 0.0001147168497597156 0.015936089719692455 0.6752151864548183 0.6752489488454861
83 0.00012779871227746765 0.015670428346875473 0.6754941689974634 0.6750189877625465
84 0.00012781134352623965 0.016065541360805135 0.6772490627790939 0.6772124408896216
85 0.00011694989925388477 0.0155105509265484 0.6788345504281 0.6788636740268954
86 0.00013957622045664657 0.014938630266856335 0.6722322235532572 0.6719503806991554
87 0.00012063861580682345 0.015228810382768545 0.6777441342360603 0.6774567099081961
88 0.0001153906579795976 0.01578915224595677 0.6767073085404312 0.6765954880324196
89 0.00012414501381909332 0.015930877669952 0.6737387181420653 0.6731356940148235
90 0.00011852881072832604 0.015299607234269296 0.6795462678731548 0.6795278566030203
91 0.00013281669518451644 0.01587243717062479 0.6805894442097307 0.6798540492568996
92 0.00011969359198731574 0.015721513814049334 0.6733380149812734 0.6733716323499483
93 9.334218324007526e-05 0.016032694696126906 0.676901671577829 0.6764295947112161
94 0.0001247529316974966 0.01590826253590233 0.6819887578057175 0.6804946116966257
95 0.00010200570526456047 0.01614819616502023 0.6770894054373966 0.6760552093879408
96 0.00010978150887327839 0.015902694389932685 0.6830354437070273 0.6830297137396616
97 0.0001345941491674486 0.015496222419490524 0.6778724840320375 0.6777626198131017
98 0.00010468278511336074 0.015434694393596526 0.6814560281620845 0.6803732264570872
99 9.177977925443799e-05 0.015175019662367886 0.6771939124761349 0.67722696921401
100 9.704801230837087e-05 0.015983157855689017 0.6751292856799063 0.6748147394602916
101 0.00011311092419786233 0.016045358470221024 0.6802736390910694 0.6802262863813784
102 0.0001017523468553259 0.016270398198513957 0.6803234414858628 0.6763647573228412
103 0.00011406161462675801 0.015330970217703023 0.6820025732351458 0.6819201249478994
104 9.826090705588556e-05 0.016245845321739293 0.6795064928061723 0.6795040771693003
105 0.00011500234871979799 0.014384819553030883 0.6784187505682153 0.6784419817470665
106 0.00010140242352432813 0.015631062228990363 0.6810768837560854 0.6805026357960229
107 0.00010524798160190375 0.015201553346795271 0.684458600060253 0.6836751306503446
108 0.00010787205845549152 0.015898934314510726 0.6824310743769241 0.6813986286145315
109 7.794040262816406e-05 0.0158268322277085 0.6706963711769142 0.6702554449233467
110 8.2404610228649e-05 0.01634773632411107 0.6780915254373252 0.6781131623854668
111 0.00012541996998402058 0.015645872605736102 0.6849581838147343 0.6838830717659818
112 0.00011761393655730628 0.015544767911259527 0.6748996598730407 0.6737076947877337
113 9.009031038552437e-05 0.016476547560905865 0.6770737516645364 0.6753582705718271
114 9.120239161530194e-05 0.01610826495173935 0.67549728861056 0.6735483896893145
115 0.00010391421298429481 0.0161990106911407 0.6821900285578297 0.6809775540513453
116 0.00010057749252404056 0.015687005559251958 0.6785510555879402 0.6781038290492958
117 7.732199637065813e-05 0.016839765237285958 0.680114817360023 0.6800656344085085
118 8.680826190771432e-05 0.016154253142675296 0.6766693718168805 0.6757907665935405
119 8.814070372840753e-05 0.016089150230494283 0.6790843423053405 0.6791231262096236
120 9.21633168368445e-05 0.01671847570286596 0.6770984300324261 0.6765869868857499
121 9.390741304383395e-05 0.01675230860411773 0.6763331220909607 0.6747877851328793
122 9.033563865806694e-05 0.016715161931270074 0.6789186128595801 0.678927144979212
123 9.59647871932653e-05 0.016306090331049728 0.6780249551221372 0.6777898587616327
124 8.320717802796659e-05 0.016390614531065256 0.6804083395279936 0.6801266721188278
125 8.910626927371153e-05 0.016639035909338584 0.6789559925093633 0.678969904836188
126 7.64556131946294e-05 0.01699275384059876 0.6768136539226015 0.67685090690397
127 7.877462623157074e-05 0.01636115873713297 0.6785245388766185 0.6781101389025904
128 9.242528410080049e-05 0.016331955723386166 0.6809105972365577 0.6809500953808041
129 8.436599161511407e-05 0.016652990756042013 0.6716085237634299 0.6708196516016094
130 0.00010070982503059492 0.0163184339924963 0.6801383815803782 0.6793220840177565
131 8.499918753528428e-05 0.016221380424722296 0.6811381061631077 0.6810739581617526
132 9.44556199589361e-05 0.016272159444655238 0.6767603419630744 0.6766090313090012
133 8.114732237085335e-05 0.016707353931664427 0.674316737882977 0.6727993729862078
134 7.427054585009342e-05 0.016337688470869416 0.6817684351307652 0.6818093303309879
135 9.09086144705698e-05 0.017087968406664517 0.6831255782425704 0.6827937344993036
136 7.956054009379516e-05 0.01641657932083535 0.6752366337948578 0.6742327957431288
137 7.383542500729216e-05 0.0168359677461 0.6724677543420557 0.6706587379289112
138 8.484440797908007e-05 0.01666820405342335 0.6722394098048549 0.6721574107070291
139 6.991721160273104e-05 0.016914733598372703 0.6835814317063214 0.6836227647388706
140 8.65906552226677e-05 0.01710113366338818 0.6774792456597268 0.6775030458304354
141 9.474697128365962e-05 0.01644717306321359 0.6725488642825692 0.6725396481616577
142 7.066304301330606e-05 0.016977240103185822 0.6792585392723636 0.6787597247962678
143 6.995155270027462e-05 0.01736839898098456 0.6781578172156294 0.6781601434684679
144 7.82153650306336e-05 0.01708664131069072 0.6819492612756187 0.6814230674114974
145 6.327226828009092e-05 0.01701083709217761 0.6787080389755547 0.6782732004634179
146 8.889379309503058e-05 0.017031216748704024 0.6805658799893755 0.6804888525050685
147 7.49307021814652e-05 0.016981399797267396 0.6799617891961559 0.6797850678553499
148 8.054076812450988e-05 0.016585355307847813 0.6721001970704159 0.6719143478328875
149 6.548501901064745e-05 0.017065927836327287 0.6772774178338475 0.6764994278927625
150 7.463188934917935e-05 0.016597295054087708 0.6742579108931541 0.674264857356212
151 7.156425182596318e-05 0.016912327532017945 0.6809495366928893 0.6791514672168251
152 7.425291429256214e-05 0.017184892879112443 0.6848608630275935 0.6836499933891351
153 8.17265808010105e-05 0.016351569341375972 0.6770077384231158 0.6763892257389883
154 6.467894245361423e-05 0.016899368449878997 0.6797167881533139 0.6797138067799682
155 7.999036091671115e-05 0.017026319062990278 0.676552442033132 0.6762889948248203
156 7.121766531419316e-05 0.017479379030294815 0.6756036339927304 0.6745375460596799
157 8.517304514087353e-05 0.015681571839509377 0.6752239325129642 0.6752512547588982
158 5.39300815265555e-05 0.017419707550342903 0.6786977331108606 0.6784595244226972
159 4.8500130077033115e-05 0.01786585958497703 0.6753926144496913 0.6745057662416027
160 9.842711118791898e-05 0.016802783802477402 0.6732985184511745 0.6731407224520793
161 6.207823680184115e-05 0.01639215140197107 0.6821128738410637 0.6815911104933017
162 7.134596510880311e-05 0.017242691939767844 0.6754644212582914 0.6746479655130699
163 6.269437574745563e-05 0.017544051074392903 0.6816000317309218 0.6812937702737348
164 6.748733712509666e-05 0.017116934990974376 0.6763310052106453 0.6751484782437908
165 5.738637122437711e-05 0.01787696763109767 0.6855137534828252 0.685552997430187
166 6.203675562676452e-05 0.018197272628689976 0.6811399445065396 0.6803236808401893
167 6.718690910181403e-05 0.017567049854290657 0.6705797199300494 0.6681551650798984
168 7.898446912187732e-05 0.016781958617890357 0.6745541070152077 0.6745880659772334
169 6.302630934708318e-05 0.017283556756920754 0.6727031737161009 0.6724510471409801
170 6.110963320429548e-05 0.01721407210271903 0.6777640217695515 0.6774557400126768
171 5.4933606494464965e-05 0.017580380647424742 0.6800874650380504 0.6790666056519047
172 6.942257121501049e-05 0.017253463224121073 0.6739786498136253 0.6731340527955224
173 5.231795255583414e-05 0.01845499756299214 0.6833970959967341 0.6817377423531745
174 7.15626558933678e-05 0.017073503285323203 0.6725512596997684 0.6723219298536034
175 6.30904093550027e-05 0.01774973609143936 0.6787390679843913 0.6784580579932088
176 8.221426825107566e-05 0.01680881935707142 0.6741115119071175 0.6737831409500992
177 6.714522265487224e-05 0.01735958411740119 0.6815154122256746 0.6791060953491033
178 6.550331265742221e-05 0.01705084329611786 0.6787191804509 0.6784581654243946
179 4.919186957215269e-05 0.017519263996020513 0.6714505376430342 0.670344263969762
180 7.630090136697527e-05 0.017187374572652063 0.6720956847729012 0.6720275008264006
181 5.410968393721756e-05 0.018546507132982306 0.6817142875605873 0.6787097975831462
182 5.543205985339279e-05 0.017731135981162084 0.6865433929268567 0.685306866450383
183 4.745511221481478e-05 0.017808862665788412 0.6742931736626219 0.6743298574674267
184 8.089427211894108e-05 0.017559541916779598 0.6761278961151013 0.6757840507312081
185 7.17477793566263e-05 0.017095191379669968 0.6733940008948832 0.6721830523978582
186 6.189475485165837e-05 0.01763608016853199 0.680609331743222 0.6798420647913379
187 5.356663866956913e-05 0.017849298444869183 0.6769233974547523 0.6751675888394153
188 4.568958011045241e-05 0.018524549549655923 0.6776781209946395 0.6777133182185072
189 4.580907401515565e-05 0.018102583892353783 0.6744763952246746 0.6742818703446309
190 6.331335807363484e-05 0.017977675829867815 0.6710896095492248 0.6710937928763514
191 5.551939271570054e-05 0.01863245478301778 0.6699795843605774 0.6700133374915931
192 8.20829792999858e-05 0.01652748511546883 0.6698403716261385 0.6698649704995835
193 5.76121013102685e-05 0.018487587946594688 0.6749316916146584 0.6744163983507108
194 4.75316045325116e-05 0.018867051126004935 0.6785715001951986 0.6785752266553655
195 6.722998704465635e-05 0.018646189451575697 0.675340583759829 0.6744502647554356
196 7.243799941922636e-05 0.018025083910259244 0.6717488506454032 0.6711549336782401
197 8.292698939539803e-05 0.01734731622237943 0.6790840637684569 0.6789422568232064
198 6.458659411919151e-05 0.01683112814333728 0.6755466453463393 0.6755257142093232
199 6.109332261762328e-05 0.017267084352444593 0.6806114486235376 0.6795472298042718
200 5.8307007054301746e-05 0.0178783220379933 0.6861010763556501 0.6843671411078487
