Job is using 1 GPU(s) with ID(s) 0 and 8 CPU core(s)
torch cuda is available: True
Warning: You are sending unauthenticated requests to the HF Hub. Please set a HF_TOKEN to enable higher rate limits and faster downloads.
TRAIN_CSV=training_data/AV/train.csv, DEV_CSV=training_data/AV/dev.csv, MODEL_NAME=microsoft/deberta-v3-xsmall, BATCH_SIZE=64, MAX_LEN=50, LR=2e-05, EPOCH=200, DEVICE=cuda
torch.Size([64, 50])
cuda
Loading weights:   0%|          | 0/198 [00:00<?, ?it/s]Loading weights: 100%|██████████| 198/198 [00:00<00:00, 42332.15it/s]
[1mDebertaV2Model LOAD REPORT[0m from: microsoft/deberta-v3-xsmall
Key                                        | Status     |  | 
-------------------------------------------+------------+--+-
mask_predictions.classifier.weight         | UNEXPECTED |  | 
mask_predictions.dense.weight              | UNEXPECTED |  | 
lm_predictions.lm_head.LayerNorm.weight    | UNEXPECTED |  | 
mask_predictions.LayerNorm.weight          | UNEXPECTED |  | 
lm_predictions.lm_head.LayerNorm.bias      | UNEXPECTED |  | 
lm_predictions.lm_head.dense.bias          | UNEXPECTED |  | 
mask_predictions.LayerNorm.bias            | UNEXPECTED |  | 
mask_predictions.classifier.bias           | UNEXPECTED |  | 
deberta.embeddings.word_embeddings._weight | UNEXPECTED |  | 
lm_predictions.lm_head.bias                | UNEXPECTED |  | 
mask_predictions.dense.bias                | UNEXPECTED |  | 
lm_predictions.lm_head.dense.weight        | UNEXPECTED |  | 

[3mNotes:
- UNEXPECTED[3m	:can be ignored when loading from different task/architecture; not ok if you expect identical arch.[0m
CustomBERT(
  (encoder): DebertaV2Model(
    (embeddings): DebertaV2Embeddings(
      (word_embeddings): Embedding(128100, 384, padding_idx=0)
      (LayerNorm): LayerNorm((384,), eps=1e-07, elementwise_affine=True)
      (dropout): Dropout(p=0.1, inplace=False)
    )
    (encoder): DebertaV2Encoder(
      (layer): ModuleList(
        (0-11): 12 x DebertaV2Layer(
          (attention): DebertaV2Attention(
            (self): DisentangledSelfAttention(
              (query_proj): Linear(in_features=384, out_features=384, bias=True)
              (key_proj): Linear(in_features=384, out_features=384, bias=True)
              (value_proj): Linear(in_features=384, out_features=384, bias=True)
              (pos_dropout): Dropout(p=0.1, inplace=False)
              (dropout): Dropout(p=0.1, inplace=False)
            )
            (output): DebertaV2SelfOutput(
              (dense): Linear(in_features=384, out_features=384, bias=True)
              (LayerNorm): LayerNorm((384,), eps=1e-07, elementwise_affine=True)
              (dropout): Dropout(p=0.1, inplace=False)
            )
          )
          (intermediate): DebertaV2Intermediate(
            (dense): Linear(in_features=384, out_features=1536, bias=True)
            (intermediate_act_fn): GELUActivation()
          )
          (output): DebertaV2Output(
            (dense): Linear(in_features=1536, out_features=384, bias=True)
            (LayerNorm): LayerNorm((384,), eps=1e-07, elementwise_affine=True)
            (dropout): Dropout(p=0.1, inplace=False)
          )
        )
      )
      (rel_embeddings): Embedding(512, 384)
      (LayerNorm): LayerNorm((384,), eps=1e-07, elementwise_affine=True)
    )
  )
  (classifier): Sequential(
    (0): Linear(in_features=384, out_features=1, bias=True)
  )
)
1 0.01075895688504717 0.010387172856912496 0.5735243227319968 0.5735203290040902
2 0.01031570711775143 0.010196201922239892 0.5959938374271571 0.5951989559031119
3 0.009886479658487629 0.009945798423480017 0.6230583193842062 0.6227194132161735
4 0.009460060195105554 0.0099777850576818 0.6278953351979706 0.6254492151720008
5 0.008872535046700375 0.009846159135004365 0.6467189692085273 0.6413752550951606
6 0.008176484669625783 0.010147626314858611 0.6542631964090578 0.6519047079699476
7 0.00740092109914532 0.010163999456168216 0.6613831562284411 0.6612523843053622
8 0.006710025165419379 0.011040955781936646 0.6601105212071298 0.6531481250829221
9 0.005859526336566112 0.01104521610672001 0.6666672794478106 0.6664428475350962
10 0.005218149450314923 0.011862289939363512 0.6722216391516791 0.6722145135478779
11 0.004404480102476825 0.012863886962047547 0.6742151833352051 0.6732476635286191
12 0.003752979160959398 0.013910151703537117 0.6743236455976912 0.6737250004003138
13 0.0033432489590327786 0.014865169317480043 0.6726694707531815 0.6706895202076404
14 0.0028774103914087574 0.01518845699395597 0.6781105773601654 0.6758769982067532
15 0.0025107286784499944 0.01604697367354504 0.6761104039988093 0.6760585015569777
16 0.0022280057050937017 0.016313442379489836 0.6759449530899323 0.6758897434517888
17 0.0019251592057718235 0.01775717356358946 0.6729773654243476 0.6727805061677298
18 0.001749405354108845 0.018119765714435014 0.6786682639085723 0.6782815851667383
19 0.0015854249163805517 0.020081346319053162 0.6807379600760829 0.680708881093631
20 0.0014730094855978939 0.019387684500159753 0.6779833417117228 0.6780083674528151
21 0.0012991038659382727 0.019993056941466043 0.6798867513597057 0.6798653908711326
22 0.0012550905016158764 0.020477921988994712 0.672847455821822 0.6727265113037885
23 0.0010708384562512988 0.021918745256118737 0.6848327865097233 0.6848730851589868
24 0.0010938951496820672 0.02039118489816514 0.6798713761237292 0.6799043272166333
25 0.0010180964006742195 0.022611472924126023 0.6828399665220949 0.6813095668357524
26 0.0009040434876326741 0.021354525848718393 0.6864044587293013 0.6861338227932589
27 0.0008475934961344491 0.022359834814557007 0.6842663539031707 0.6837660667474947
28 0.0008065693664426474 0.022930335475390768 0.6857054425661402 0.6844750793531124
29 0.0008358987915746293 0.022943570849375514 0.6818697111416536 0.6814460596946312
30 0.0007866790362141235 0.02389011647811462 0.6810625112528901 0.6800905841678078
31 0.0006981010051607979 0.024610930753832326 0.6839078212265605 0.6822257781835996
32 0.0007154829849654827 0.02361063126349676 0.6752926197084677 0.6753101909706813
33 0.0006568672985784666 0.02386960462320036 0.6788186181183564 0.678451182247994
34 0.0006445065820088002 0.02461259192623162 0.6791609399483391 0.6776413900699134
35 0.0006189463771284689 0.025052029333030284 0.6800310334654265 0.6796137950481875
36 0.0005718777467125856 0.024958350504059316 0.6792612132264465 0.6793004865610421
37 0.0005733160076750697 0.02495972554830484 0.6771984247736498 0.6772313441922764
38 0.0005012548555808786 0.025134731399263064 0.6821176646754622 0.6821347165778071
39 0.000575755118697548 0.02549336578379325 0.6866632752015716 0.6865879046702489
40 0.0005733100346505569 0.024284176116950044 0.686606008018297 0.686649850410685
41 0.00048699648660436386 0.02529324632683163 0.6814366977023604 0.6814572069075489
42 0.0004785175510220328 0.02600395015100396 0.6830089269957057 0.6829922188810482
43 0.000497181119425381 0.02703607754696993 0.682099615485403 0.6815955791003023
44 0.00045431841359005895 0.025780063697497316 0.6854469046307538 0.6846848372476848
45 0.00042836143556477315 0.026127027019164646 0.6775786833271833 0.6776163035065699
46 0.0005012607712463246 0.02557561392778549 0.6760751412293415 0.6760993947239038
47 0.00043086831700690857 0.02519812738877514 0.6822168238060349 0.6817766798195006
48 0.000439596682306692 0.025800672294340448 0.6824162562147149 0.6824569502675943
49 0.0003838434432499232 0.02673260321824793 0.6855471779088609 0.6854645074304796
50 0.0003858792242996571 0.027604574743821785 0.6832780493326702 0.6827604168450543
51 0.00035044986206788313 0.027222521084687278 0.6828118900042248 0.6828210202139726
52 0.0004188502386887653 0.027086314127836287 0.6845230534951254 0.6844292205439231
53 0.00037254632925650766 0.027970332196692524 0.684542662491733 0.6838885020914909
54 0.0003637423986462482 0.027820129277569692 0.6834458956587464 0.6823889799231093
55 0.0003980066789187573 0.027198696611879587 0.684489350532206 0.6830052310021186
56 0.0003167826665675255 0.028832184896432515 0.6853676330336722 0.6852669089010326
57 0.00036325444915431864 0.02725371044584771 0.6855665083685849 0.6852995073400058
58 0.0002947804303457072 0.027334027132804178 0.6865773744266597 0.6865896037237484
59 0.0003199590033217683 0.02936903430447641 0.6838481586260867 0.6823039360488169
60 0.0003123108442150662 0.029507080531569845 0.6858088354573442 0.6819667370721065
61 0.00029964932418396757 0.029324262324784647 0.684533916433587 0.6841174146928998
62 0.00038781549048914633 0.02788695456805421 0.6781231115199291 0.6773549748466956
63 0.00023886899747271238 0.029159667653829012 0.6829182353863953 0.6829298005415232
64 0.00030901767106153883 0.029865357586602706 0.681886924721062 0.6798304435290736
65 0.00032629681230390015 0.027326048425018498 0.6788037999561471 0.6786577944117662
66 0.0002553219914088261 0.02973410901413842 0.6876687933514805 0.6865184753089074
67 0.0002895814990500634 0.028534831028837564 0.6889095637533046 0.6887819413224797
68 0.000281229289731421 0.02897953885675332 0.682785373292903 0.6828025007866771
69 0.0003117839628461466 0.028699662716027075 0.6814783111127749 0.680911147136553
70 0.0002594190601714249 0.02846490972809495 0.6875871263372 0.686872009889201
71 0.0002871852998815536 0.029134635294337075 0.6800602241308312 0.6781173309996352
72 0.00027181652617613063 0.028225112494454845 0.6833889070123556 0.6833686889039267
73 0.00021498299827731903 0.02927361751227313 0.6839279872969354 0.6831923803386838
74 0.000292548753708374 0.029575395639802427 0.6844456202414759 0.68428631412002
75 0.0002857247200776729 0.028847808553841125 0.6789819521469177 0.6778402794643295
76 0.000248814442085557 0.030608170163386773 0.6857539636912688 0.6840510460251046
77 0.00024935474445747665 0.030224746104653682 0.6842907537341769 0.6839620823838894
78 0.0002551891600199985 0.029604387874100416 0.6825774733629606 0.6825465707735394
79 0.00024270460150200413 0.028485600914120494 0.687647346011441 0.6876906838277375
80 0.00019338714145333263 0.031009383558053397 0.6876955885996859 0.6872899326960451
81 0.0002370732723918148 0.029624636595344256 0.6883015177363374 0.6881272670699797
82 0.0002756698766950783 0.02979303182076477 0.6813743611478038 0.6807157102390542
83 0.00022747412013258882 0.03034534618251017 0.684321225669246 0.6824470095439952
84 0.00022724012303998532 0.03127001080989599 0.6853251840126068 0.6841866088476137
85 0.0001875219108266115 0.029952086044555314 0.6855535285498077 0.6855870601662284
86 0.00022463692743249157 0.03226966906047397 0.682419932901579 0.6810775355189178
87 0.0002086951819424925 0.030728393060107193 0.683010486802254 0.6824004783425701
88 0.0002119258409775948 0.03071777096141584 0.6792500717511012 0.6792741993919931
89 0.00019863392890922995 0.03134623372294201 0.6822722526458777 0.682116370206494
90 0.00022811708434447366 0.0290842954769927 0.6796770130863313 0.6796578356222778
91 0.00021485411628923402 0.03030812819891614 0.6799153849513428 0.6797758307437525
92 0.00019174323565252318 0.03206265316808361 0.6823457306757795 0.6822356322119898
93 0.00019700624990208202 0.03164632294943033 0.6841822914716909 0.6835672479833926
94 0.0002710970097072191 0.029569995258082418 0.6849048718552072 0.6828201240277534
95 0.00020223905290611658 0.029955380710440765 0.6837755162068356 0.6832621780748984
96 0.0001468741106960894 0.03188090385667434 0.6823247289947536 0.6804304043493478
97 0.00022343788202849483 0.02988013587848543 0.6804600916809722 0.679706370136725
98 0.00019261240924318268 0.03132238383884325 0.6857306780077973 0.6856587102709544
99 0.00018264856847134017 0.0306880431522934 0.680116655703455 0.6800639605794571
100 0.00020004969351937742 0.030375742840683364 0.6876804919005931 0.687720968377614
101 0.00020714588959676084 0.031684824944179006 0.6900630406957985 0.6880322503167631
102 0.0001983006470275153 0.03044524024528632 0.685274267470279 0.6838990507010182
103 0.00016196980456088561 0.030182889023826494 0.6789939292329139 0.6788660285351162
104 0.0001855746414893484 0.030719671407725364 0.6820797279519116 0.6816017498275835
105 0.0001873255024394268 0.031301088878552666 0.6816735097608236 0.6816546333067066
106 0.00018029319284694123 0.030477993002563254 0.690187713804912 0.6902287892899611
107 0.00017219005689781105 0.03150566956365564 0.6861772283396349 0.686164265310506
108 0.00014484105745821846 0.03205916821091358 0.6797695430390737 0.6797240359855471
109 0.00020467593660249012 0.03121841012506598 0.6879254929434352 0.6874414225323353
110 0.00015677460569647032 0.03118508426609609 0.6853917543277948 0.6849464162005512
111 0.00016630990018297009 0.03094474342974124 0.6834109114261624 0.6832777001846642
112 0.00015820519572249498 0.03161975129227915 0.6807273756745049 0.6805201467166451
113 0.00015491557432532126 0.033040486650357116 0.6761465023789278 0.6754093567030256
114 0.0001621106788208445 0.03362195803688262 0.6829441950239497 0.6824266561052805
115 0.00017780276221020718 0.03173027058664554 0.6863691959598336 0.686268180664868
116 0.00014675164678210078 0.03190764144806438 0.6804462762515442 0.6804864897750935
117 0.00015731597175427586 0.03405992307070995 0.6774222570133359 0.6765945056142473
118 0.00019795646266355753 0.031687855680737176 0.6784545704114502 0.678137940734767
119 0.00014756946375358898 0.03133103077904561 0.6860820244328099 0.6861249365712063
120 0.00014307077931234932 0.03242212059540401 0.6796186317555222 0.6781953361996882
121 0.00016695917952835136 0.030047132935882827 0.6908705191214455 0.690459772563279
122 0.00014961102918541476 0.032563405553705405 0.6881954508910506 0.6881005886814342
123 0.00014910619827078584 0.03319828567571718 0.6845694577399384 0.684443244525903
124 0.00015865890842670758 0.033032098139503974 0.6801781566473606 0.679294212616665
125 0.00017365914879062516 0.03199457744316408 0.6829537766927467 0.6828007019381784
126 0.00014803842062316157 0.031102907661601575 0.6824973661552285 0.6813378974635769
127 0.00012717722698830968 0.0332922276681957 0.6875741465184226 0.6874469576927638
128 0.0001625553769671979 0.03112652706379845 0.680232025680655 0.6801542858584769
129 0.0001675544748995023 0.031317371170767036 0.6856418247419188 0.6855786029265319
130 0.0001570178412482556 0.032003813646839435 0.6793566956701553 0.6789283420935712
131 0.00018712249120506655 0.029752503536627922 0.6893383434319665 0.6889631823933751
132 0.00013145458097833088 0.03207583002150606 0.6906071903516606 0.6895835156589989
133 0.00010618685591524733 0.03281805973985488 0.6835832700497533 0.6832969595966414
134 0.0001767099121373567 0.03241010160174052 0.6834528033734604 0.6831280601266412
135 0.00016496438034001708 0.0294228763845276 0.689444688814137 0.6894010014328582
136 0.00013388380983323802 0.029965297101277173 0.688697430062731 0.688690958955496
137 0.0001311711693259281 0.03151203850842111 0.6873951587170012 0.6873745673785212
138 0.00013800368945218495 0.03171901607004207 0.6783705079799703 0.6781375380136254
139 0.00014597181159777927 0.03138411138564144 0.6906825067249946 0.6900804735260271
140 0.00015898878436404378 0.03178523859077834 0.6823894609665097 0.6822711623902493
141 0.00013387902073531833 0.032238498049149945 0.6850160080717761 0.6847966854024357
142 0.00015588156418176868 0.03148890279597717 0.690012681227238 0.6896296063648792
143 0.00013551404875945453 0.033131225686349394 0.6848608630275935 0.6836499933891351
144 0.00014934129055622737 0.030910892914635658 0.6881177391005174 0.6873555850528923
145 0.00014119051880665445 0.031059416301577075 0.6814881713184555 0.680782817947466
146 0.00011501701172426193 0.03193809799930796 0.6954652078464509 0.6954857861096997
147 0.00012937198059809418 0.03278762479069514 0.6865572083562848 0.6865381847398292
148 0.00014183016520187132 0.03307644970405486 0.6864015062383348 0.6833742769605289
149 0.0001283693032345008 0.033451713724803114 0.6882710458012683 0.688225240160535
150 0.0001224847649065571 0.03183370950960783 0.6875584927455625 0.687116557242561
151 0.00011605872834766701 0.03263181830892654 0.6922899987878075 0.6919725202333897
152 0.00013428843455129546 0.03259621501147956 0.6867826004025191 0.686622461901373
153 0.00011630740436015146 0.0338927837598111 0.6840346112159895 0.6840703382278268
154 0.00011499086706140573 0.03464719446756079 0.6882750010250157 0.6881222652197727
155 9.495445995770587e-05 0.03384156454271851 0.6839508273213932 0.6839071510377945
156 0.0001301724459374313 0.03332663925068418 0.6901892736114602 0.689007838620467
157 0.00014472353577088008 0.03238362617928696 0.6857253300996315 0.6844544998312978
158 0.00010376856806096543 0.03334075682910758 0.6817331723612975 0.6817377423531745
159 0.00013080504458091863 0.032568863789625084 0.6778661333910908 0.6778996022788348
160 0.00012417269143459486 0.03365789447585828 0.6836848245975253 0.6830650539857344
161 0.0001315809600867436 0.032945526177310676 0.681675905178023 0.6814219765025535
162 0.00012786157811881072 0.03416972211659223 0.6870453720985368 0.6861219759524844
163 0.00012960116515549797 0.03332784809215666 0.6869443746245324 0.6869666894962467
164 0.00013058235142269744 0.03405041685093231 0.6848993568249113 0.6848275915971979
165 0.00012100243242438031 0.03227350848277662 0.6873511498893874 0.6873887900324867
166 9.930602456276851e-05 0.03379362022938403 0.6843777686566233 0.6839873246993835
167 0.00014026647403509533 0.03284837366960571 0.6941051122436792 0.6936148671225858
168 0.00010243085178007352 0.03491108482754849 0.697874273352978 0.6955106872404897
169 0.00014941426958429743 0.03176643155004233 0.6892717731167787 0.6882476728000811
170 8.696474843784495e-05 0.03373871342120974 0.6852021821247951 0.6851984404449918
171 0.00016010742652350048 0.0328897374232862 0.6898490686617929 0.6894621958358653
172 0.00012518690591670738 0.03371427372662388 0.6926702573413408 0.692301446847752
173 0.0001230174364974438 0.0324089296787465 0.6888053352514496 0.6880110715805839
174 0.0001137055741705423 0.033370482907676344 0.6914210194182545 0.6909486306442971
175 0.00010218450638903723 0.034541317303869334 0.6833406644241105 0.6832283412393974
176 0.00012897623032777448 0.03434493431121225 0.6802471223797479 0.6802133198228848
177 0.00010773091906185341 0.03155141644181064 0.6893211298525581 0.689355152574032
178 0.00011283132937172941 0.03414489883583256 0.688730575951883 0.688709860203386
179 0.00010943307000279918 0.03334144700176227 0.6895640140150846 0.6894458358729103
180 0.00010934164842863901 0.03531453680280013 0.6916930942461856 0.6914711865056133
181 0.0001329738154846938 0.032969555869914846 0.6915382277388866 0.6911272447518217
182 0.00010307784660979148 0.034043627491025956 0.6925509321403931 0.692306998380219
183 0.00011704662130966912 0.032226295179185335 0.6945808532409214 0.6946141644270204
184 0.00010551414640734213 0.03428758322526234 0.6911465491731242 0.6897127187244235
185 0.00011524087944539022 0.03449024969919206 0.6872143325721478 0.6870067493983547
186 0.00011834401252600972 0.0338030272208051 0.6940409373456905 0.6934096165218604
187 0.00014161258009583102 0.0317111004976285 0.6893678126342547 0.6891523150883787
188 0.00010384217592024601 0.03504353864113795 0.7003594908434899 0.6984813957268458
189 0.00010368890573312731 0.03388376115022071 0.6946444710651428 0.6938555989033223
190 0.0001298963245024589 0.03182770064930158 0.6915363893954547 0.6915761427972402
191 0.00010591317107228313 0.032780656964954344 0.69346392033756 0.6929390164086346
192 9.949686113516174e-05 0.0340112229828124 0.6903091558861751 0.6902487721350969
193 8.68146401019667e-05 0.03504573847323372 0.6826371359634344 0.6825745768398428
194 0.00012246165151929734 0.03478974160618164 0.6903356725974968 0.6902593988647401
195 0.00010840947588554107 0.035901975834606366 0.6820348835136469 0.6790734315799811
196 0.0001110200999868245 0.035666189845368554 0.683718249023561 0.6836042545456489
197 0.00012170754995610544 0.03338494220083114 0.6926373899890725 0.6926546209571633
198 0.0001130066174653164 0.033411941434034975 0.6922128440710416 0.6922021022440901
199 7.708587211356199e-05 0.03539680857780122 0.6923125602753816 0.6923472260853865
200 0.00011705590943325622 0.035902637781333825 0.686930559195104 0.6864381763713852
