Job is using 1 GPU(s) with ID(s) 0 and 8 CPU core(s)
torch cuda is available: True
Warning: You are sending unauthenticated requests to the HF Hub. Please set a HF_TOKEN to enable higher rate limits and faster downloads.
TRAIN_CSV=training_data/AV/train.csv, DEV_CSV=training_data/AV/dev.csv, MODEL_NAME=microsoft/deberta-v3-large, BATCH_SIZE=512, MAX_LEN=50, LR=2e-05, EPOCH=100, DEVICE=cuda
torch.Size([512, 50])
cuda
Loading weights:   0%|          | 0/390 [00:00<?, ?it/s]Loading weights: 100%|██████████| 390/390 [00:00<00:00, 38050.21it/s]
[1mDebertaV2Model LOAD REPORT[0m from: microsoft/deberta-v3-large
Key                                     | Status     |  | 
----------------------------------------+------------+--+-
lm_predictions.lm_head.dense.weight     | UNEXPECTED |  | 
lm_predictions.lm_head.dense.bias       | UNEXPECTED |  | 
lm_predictions.lm_head.bias             | UNEXPECTED |  | 
mask_predictions.dense.bias             | UNEXPECTED |  | 
lm_predictions.lm_head.LayerNorm.weight | UNEXPECTED |  | 
mask_predictions.dense.weight           | UNEXPECTED |  | 
lm_predictions.lm_head.LayerNorm.bias   | UNEXPECTED |  | 
mask_predictions.classifier.weight      | UNEXPECTED |  | 
mask_predictions.classifier.bias        | UNEXPECTED |  | 
mask_predictions.LayerNorm.weight       | UNEXPECTED |  | 
mask_predictions.LayerNorm.bias         | UNEXPECTED |  | 

[3mNotes:
- UNEXPECTED[3m	:can be ignored when loading from different task/architecture; not ok if you expect identical arch.[0m
CustomBERT(
  (encoder): DebertaV2Model(
    (embeddings): DebertaV2Embeddings(
      (word_embeddings): Embedding(128100, 1024, padding_idx=0)
      (LayerNorm): LayerNorm((1024,), eps=1e-07, elementwise_affine=True)
      (dropout): Dropout(p=0.1, inplace=False)
    )
    (encoder): DebertaV2Encoder(
      (layer): ModuleList(
        (0-23): 24 x DebertaV2Layer(
          (attention): DebertaV2Attention(
            (self): DisentangledSelfAttention(
              (query_proj): Linear(in_features=1024, out_features=1024, bias=True)
              (key_proj): Linear(in_features=1024, out_features=1024, bias=True)
              (value_proj): Linear(in_features=1024, out_features=1024, bias=True)
              (pos_dropout): Dropout(p=0.1, inplace=False)
              (dropout): Dropout(p=0.1, inplace=False)
            )
            (output): DebertaV2SelfOutput(
              (dense): Linear(in_features=1024, out_features=1024, bias=True)
              (LayerNorm): LayerNorm((1024,), eps=1e-07, elementwise_affine=True)
              (dropout): Dropout(p=0.1, inplace=False)
            )
          )
          (intermediate): DebertaV2Intermediate(
            (dense): Linear(in_features=1024, out_features=4096, bias=True)
            (intermediate_act_fn): GELUActivation()
          )
          (output): DebertaV2Output(
            (dense): Linear(in_features=4096, out_features=1024, bias=True)
            (LayerNorm): LayerNorm((1024,), eps=1e-07, elementwise_affine=True)
            (dropout): Dropout(p=0.1, inplace=False)
          )
        )
      )
      (rel_embeddings): Embedding(512, 1024)
      (LayerNorm): LayerNorm((1024,), eps=1e-07, elementwise_affine=True)
    )
  )
  (classifier): Sequential(
    (0): Linear(in_features=1024, out_features=1, bias=True)
  )
)
Traceback (most recent call last):
  File "/net/scratch/q12628ct/nlu-proj-34812/code/train_av-3.py", line 104, in <module>
    logits = model(ids1, mask1).squeeze(-1)
  File "/mnt/iusers01/fse-ugpgt01/compsci01/q12628ct/.conda/envs/nlu-proj-348/lib/python3.10/site-packages/torch/nn/modules/module.py", line 1776, in _wrapped_call_impl
    return self._call_impl(*args, **kwargs)
  File "/mnt/iusers01/fse-ugpgt01/compsci01/q12628ct/.conda/envs/nlu-proj-348/lib/python3.10/site-packages/torch/nn/modules/module.py", line 1787, in _call_impl
    return forward_call(*args, **kwargs)
  File "/net/scratch/q12628ct/nlu-proj-34812/code/train_av-3.py", line 81, in forward
    bert_cls = self.encode(input_ids, attention_mask)
  File "/net/scratch/q12628ct/nlu-proj-34812/code/train_av-3.py", line 77, in encode
    outputs = self.encoder(input_ids=input_ids, attention_mask=attention_mask)
  File "/mnt/iusers01/fse-ugpgt01/compsci01/q12628ct/.conda/envs/nlu-proj-348/lib/python3.10/site-packages/torch/nn/modules/module.py", line 1776, in _wrapped_call_impl
    return self._call_impl(*args, **kwargs)
  File "/mnt/iusers01/fse-ugpgt01/compsci01/q12628ct/.conda/envs/nlu-proj-348/lib/python3.10/site-packages/torch/nn/modules/module.py", line 1787, in _call_impl
    return forward_call(*args, **kwargs)
  File "/mnt/iusers01/fse-ugpgt01/compsci01/q12628ct/.conda/envs/nlu-proj-348/lib/python3.10/site-packages/transformers/models/deberta_v2/modeling_deberta_v2.py", line 768, in forward
    encoder_outputs = self.encoder(
  File "/mnt/iusers01/fse-ugpgt01/compsci01/q12628ct/.conda/envs/nlu-proj-348/lib/python3.10/site-packages/torch/nn/modules/module.py", line 1776, in _wrapped_call_impl
    return self._call_impl(*args, **kwargs)
  File "/mnt/iusers01/fse-ugpgt01/compsci01/q12628ct/.conda/envs/nlu-proj-348/lib/python3.10/site-packages/torch/nn/modules/module.py", line 1787, in _call_impl
    return forward_call(*args, **kwargs)
  File "/mnt/iusers01/fse-ugpgt01/compsci01/q12628ct/.conda/envs/nlu-proj-348/lib/python3.10/site-packages/transformers/models/deberta_v2/modeling_deberta_v2.py", line 656, in forward
    output_states, attn_weights = layer_module(
  File "/mnt/iusers01/fse-ugpgt01/compsci01/q12628ct/.conda/envs/nlu-proj-348/lib/python3.10/site-packages/transformers/modeling_layers.py", line 93, in __call__
    return super().__call__(*args, **kwargs)
  File "/mnt/iusers01/fse-ugpgt01/compsci01/q12628ct/.conda/envs/nlu-proj-348/lib/python3.10/site-packages/torch/nn/modules/module.py", line 1776, in _wrapped_call_impl
    return self._call_impl(*args, **kwargs)
  File "/mnt/iusers01/fse-ugpgt01/compsci01/q12628ct/.conda/envs/nlu-proj-348/lib/python3.10/site-packages/torch/nn/modules/module.py", line 1787, in _call_impl
    return forward_call(*args, **kwargs)
  File "/mnt/iusers01/fse-ugpgt01/compsci01/q12628ct/.conda/envs/nlu-proj-348/lib/python3.10/site-packages/transformers/models/deberta_v2/modeling_deberta_v2.py", line 435, in forward
    attention_output, att_matrix = self.attention(
  File "/mnt/iusers01/fse-ugpgt01/compsci01/q12628ct/.conda/envs/nlu-proj-348/lib/python3.10/site-packages/torch/nn/modules/module.py", line 1776, in _wrapped_call_impl
    return self._call_impl(*args, **kwargs)
  File "/mnt/iusers01/fse-ugpgt01/compsci01/q12628ct/.conda/envs/nlu-proj-348/lib/python3.10/site-packages/torch/nn/modules/module.py", line 1787, in _call_impl
    return forward_call(*args, **kwargs)
  File "/mnt/iusers01/fse-ugpgt01/compsci01/q12628ct/.conda/envs/nlu-proj-348/lib/python3.10/site-packages/transformers/models/deberta_v2/modeling_deberta_v2.py", line 368, in forward
    self_output, att_matrix = self.self(
  File "/mnt/iusers01/fse-ugpgt01/compsci01/q12628ct/.conda/envs/nlu-proj-348/lib/python3.10/site-packages/torch/nn/modules/module.py", line 1776, in _wrapped_call_impl
    return self._call_impl(*args, **kwargs)
  File "/mnt/iusers01/fse-ugpgt01/compsci01/q12628ct/.conda/envs/nlu-proj-348/lib/python3.10/site-packages/torch/nn/modules/module.py", line 1787, in _call_impl
    return forward_call(*args, **kwargs)
  File "/mnt/iusers01/fse-ugpgt01/compsci01/q12628ct/.conda/envs/nlu-proj-348/lib/python3.10/site-packages/transformers/models/deberta_v2/modeling_deberta_v2.py", line 249, in forward
    rel_att = self.disentangled_attention_bias(
  File "/mnt/iusers01/fse-ugpgt01/compsci01/q12628ct/.conda/envs/nlu-proj-348/lib/python3.10/site-packages/transformers/models/deberta_v2/modeling_deberta_v2.py", line 302, in disentangled_attention_bias
    ).repeat(query_layer.size(0) // self.num_attention_heads, 1, 1)
torch.OutOfMemoryError: CUDA out of memory. Tried to allocate 1024.00 MiB. GPU 0 has a total capacity of 79.25 GiB of which 3.69 MiB is free. Including non-PyTorch memory, this process has 79.24 GiB memory in use. Of the allocated memory 78.60 GiB is allocated by PyTorch, and 148.23 MiB is reserved by PyTorch but unallocated. If reserved but unallocated memory is large try setting PYTORCH_ALLOC_CONF=expandable_segments:True to avoid fragmentation.  See documentation for Memory Management  (https://pytorch.org/docs/stable/notes/cuda.html#environment-variables)
