Job is using 1 GPU(s) with ID(s) 0 and 8 CPU core(s)
torch cuda is available: True
Warning: You are sending unauthenticated requests to the HF Hub. Please set a HF_TOKEN to enable higher rate limits and faster downloads.
TRAIN_CSV=training_data/AV/train.csv, DEV_CSV=training_data/AV/dev.csv, MODEL_NAME=microsoft/deberta-v3-xsmall, BATCH_SIZE=512, MAX_LEN=50, LR=2e-05, EPOCH=100, DEVICE=cuda
torch.Size([512, 50])
cuda
Loading weights:   0%|          | 0/198 [00:00<?, ?it/s]Loading weights: 100%|██████████| 198/198 [00:00<00:00, 36785.62it/s]
[1mDebertaV2Model LOAD REPORT[0m from: microsoft/deberta-v3-xsmall
Key                                        | Status     |  | 
-------------------------------------------+------------+--+-
mask_predictions.LayerNorm.weight          | UNEXPECTED |  | 
mask_predictions.LayerNorm.bias            | UNEXPECTED |  | 
deberta.embeddings.word_embeddings._weight | UNEXPECTED |  | 
lm_predictions.lm_head.LayerNorm.weight    | UNEXPECTED |  | 
mask_predictions.classifier.weight         | UNEXPECTED |  | 
mask_predictions.dense.bias                | UNEXPECTED |  | 
mask_predictions.dense.weight              | UNEXPECTED |  | 
lm_predictions.lm_head.dense.bias          | UNEXPECTED |  | 
lm_predictions.lm_head.LayerNorm.bias      | UNEXPECTED |  | 
mask_predictions.classifier.bias           | UNEXPECTED |  | 
lm_predictions.lm_head.bias                | UNEXPECTED |  | 
lm_predictions.lm_head.dense.weight        | UNEXPECTED |  | 

[3mNotes:
- UNEXPECTED[3m	:can be ignored when loading from different task/architecture; not ok if you expect identical arch.[0m
CustomBERT(
  (encoder): DebertaV2Model(
    (embeddings): DebertaV2Embeddings(
      (word_embeddings): Embedding(128100, 384, padding_idx=0)
      (LayerNorm): LayerNorm((384,), eps=1e-07, elementwise_affine=True)
      (dropout): Dropout(p=0.1, inplace=False)
    )
    (encoder): DebertaV2Encoder(
      (layer): ModuleList(
        (0-11): 12 x DebertaV2Layer(
          (attention): DebertaV2Attention(
            (self): DisentangledSelfAttention(
              (query_proj): Linear(in_features=384, out_features=384, bias=True)
              (key_proj): Linear(in_features=384, out_features=384, bias=True)
              (value_proj): Linear(in_features=384, out_features=384, bias=True)
              (pos_dropout): Dropout(p=0.1, inplace=False)
              (dropout): Dropout(p=0.1, inplace=False)
            )
            (output): DebertaV2SelfOutput(
              (dense): Linear(in_features=384, out_features=384, bias=True)
              (LayerNorm): LayerNorm((384,), eps=1e-07, elementwise_affine=True)
              (dropout): Dropout(p=0.1, inplace=False)
            )
          )
          (intermediate): DebertaV2Intermediate(
            (dense): Linear(in_features=384, out_features=1536, bias=True)
            (intermediate_act_fn): GELUActivation()
          )
          (output): DebertaV2Output(
            (dense): Linear(in_features=1536, out_features=384, bias=True)
            (LayerNorm): LayerNorm((384,), eps=1e-07, elementwise_affine=True)
            (dropout): Dropout(p=0.1, inplace=False)
          )
        )
      )
      (rel_embeddings): Embedding(512, 384)
      (LayerNorm): LayerNorm((384,), eps=1e-07, elementwise_affine=True)
    )
  )
  (classifier): Sequential(
    (0): Linear(in_features=384, out_features=1, bias=True)
  )
)
1 0.0013628691058598227 0.0013664231741147906 0.5368138856652886 0.5365948609734037
2 0.0013294210742041993 0.0013552862754871427 0.5496822896890547 0.5468278027208588
3 0.0013144259466964688 0.001347101810836601 0.5611835789805818 0.5536159227256952
4 0.0012913098927970405 0.001331679484451551 0.5721645056661087 0.5721108081670587
5 0.0012694782766226175 0.0013219554337161462 0.5874093863810171 0.5872779833431391
6 0.0012388197738234293 0.0013126824706937044 0.6005494752810772 0.591655091862217
7 0.001211569105082835 0.001309093441605946 0.602612653685511 0.5997871491511326
8 0.001185420353574863 0.0013063493503785066 0.6183965032702458 0.6117064569268318
9 0.00116536979568689 0.0012907390798966236 0.622880891389333 0.6204422488826159
10 0.0011153555992771472 0.001291070709677266 0.6267726087274297 0.6261481523069095
11 0.0010843155775893698 0.0012869481429340802 0.6275620379630175 0.6272252834882306
12 0.0010458332099441215 0.0013311857196935803 0.6394672614431866 0.6357447103723453
13 0.0009957135922526786 0.0013245260518559546 0.6419241238789447 0.6407643551725104
14 0.0009468369275138515 0.001368476963393302 0.6438510977472829 0.636155759034272
15 0.0009011976285845508 0.0013543873920914885 0.6516104111293534 0.6507642688703947
16 0.0008598892594653376 0.0013933489781358535 0.6493614486235376 0.646668771620013
17 0.0008242614094257027 0.0013741768403023845 0.6556172199077664 0.6556449680266354
18 0.0007572725031960051 0.001458141345443102 0.6562816974973572 0.6533702709651434
19 0.0007332666500369482 0.001465198622906763 0.6595484337759618 0.6595297858213403
20 0.0006842358601885491 0.001486738884208319 0.659019102282309 0.6573427357491126
21 0.0006374441753251247 0.0015788700511772606 0.660196979055809 0.6551542830318278
22 0.0006008745436514355 0.0015586521516911638 0.6618625739125474 0.6608921842752301
23 0.000556256455911619 0.0016422604213627396 0.6652671302411728 0.6629743583672167
24 0.0005381661907091235 0.0016723212725567576 0.6704653526856305 0.669326108717025
25 0.00049421902986786 0.00179411427874846 0.6633477882834463 0.6597121085534199
26 0.0004518746200925909 0.0017728467288368158 0.6705228984057885 0.6695906510134066
27 0.00043275672784051894 0.0018349692695391073 0.6689437613977293 0.6656126179166089
28 0.0003990848531763732 0.0018842865783026874 0.6668194720010268 0.6656249693438103
29 0.00037173728726730675 0.001929152654364255 0.6711640903119078 0.6702790577396738
30 0.00035489235441638924 0.0019637790741515483 0.6703900363122965 0.6686809838402384
31 0.0003302989455012532 0.00204944458426328 0.673830412484157 0.6726398301268074
32 0.0003240503271305798 0.0021043024993233224 0.6711038706376666 0.6678161836452283
33 0.00030940703235590066 0.002185520794800202 0.6751390344708335 0.6728059971294498
34 0.00027898170122149643 0.0021640766389020272 0.6731205333825341 0.6712684618286278
35 0.00027135303792148616 0.002185297434027239 0.6764325597584172 0.674651697224201
36 0.0002455131675992383 0.0023666722695337757 0.6715459086719897 0.6672706533150288
37 0.0002517969457133653 0.0021925691211241503 0.6699010369593933 0.6661458912305298
38 0.00024007983863929443 0.002307535908605307 0.6710625357641358 0.6705879738782232
39 0.0002071218777292825 0.0024112103957276937 0.6764193014027564 0.6746707926884924
40 0.00020628554406026524 0.0024182161146266102 0.6721966822469058 0.6715343493796646
41 0.00019276036033882908 0.0025761307887117594 0.6707989284574671 0.6684545679352634
42 0.00017419825072692677 0.0025775366348236048 0.6724796200132985 0.6716292355565309
43 0.00018302236511471586 0.002596830319188661 0.6703767779566356 0.6686996876806681
44 0.00016079858366985016 0.002617484198853028 0.6717458981544369 0.6716015161397244
45 0.00016050767977585372 0.0026939922355360326 0.6722648123686421 0.6700262120709546
46 0.00015288812843106684 0.0026630994455257005 0.6716236204625229 0.6693094725714501
47 0.0001481552947411915 0.002778807745420652 0.6748380475143814 0.6707597694510021
48 0.0001500127414912627 0.0026290714492110405 0.6745890912477918 0.6742855704577646
49 0.00014217094315188117 0.0027090468391559766 0.6723894854777553 0.6724155626891828
50 0.00015106853576764414 0.002684157916705079 0.6754135047159636 0.6743911972014642
51 0.0001288960670532618 0.002923279577993937 0.6724435216331799 0.6679295407179389
52 0.00012986137907791296 0.0027559622687090423 0.6760700718580593 0.6747366650802639
53 0.00011445112555795401 0.002922617492026525 0.6743432545942988 0.6727650642540123
54 0.00010969514481461057 0.0029380055554378975 0.6728927459191004 0.6707641431946114
55 0.00011222935396075158 0.0029371313473507176 0.6707811578042915 0.6679947295630815
56 0.0001092775959419246 0.0029732322287086095 0.673220249586874 0.6722403525261023
57 0.00010625235578695824 0.002897671461304261 0.6790925312897194 0.6780589915979124
58 9.339993984478538e-05 0.0029671462891437206 0.6748388831250323 0.6744417816266202
59 9.861348658229803e-05 0.00293945645561963 0.6784495010401682 0.6782815851667383
60 0.00011565724405082147 0.002942973994938217 0.6765678172691085 0.6760958449378394
61 9.469542615577884e-05 0.0030041053063201524 0.683213595897798 0.6815926568432269
62 9.298548859754364e-05 0.003040222836797909 0.676545534318418 0.6755905733372393
63 8.814185935936136e-05 0.0029686388021794062 0.674259749236586 0.6741067039439804
64 9.390807608537691e-05 0.0030861951145965865 0.6788490900534255 0.6768724774316788
65 8.802678679560018e-05 0.0030694814669594587 0.6766606257587345 0.67606149656113
66 8.542083383837714e-05 0.0030395157962177185 0.6762005385343522 0.674943692551184
67 8.33354989937365e-05 0.0032015634303138307 0.6768260766676115 0.6748966122297269
68 8.681386681451806e-05 0.003111885860251521 0.6786345609456528 0.6763383198143647
69 8.00993027364242e-05 0.003032155492837652 0.6745074242335112 0.6744163983507108
70 7.085805589772036e-05 0.003178225740375134 0.6721343456923491 0.6697934692257823
71 7.399970386140241e-05 0.0032105066532406804 0.6779276343349965 0.6776228084653695
72 7.178375115201351e-05 0.0033004651697414377 0.6733016380642712 0.6704727971371838
73 7.502682483723887e-05 0.00322600521349895 0.6764262091174704 0.6756751464794315
74 6.553951562048234e-05 0.0031860328050839688 0.6782193181595353 0.6775358984876393
75 6.48323260672215e-05 0.003292583273504605 0.6685778753473913 0.6686105027797435
76 7.113050806217479e-05 0.003159505923522766 0.6727225041758249 0.6706024483893077
77 6.121651621937893e-05 0.003321722336331015 0.674438458501124 0.673365589096794
78 6.0739820428955115e-05 0.0033227031823293046 0.6787011312608406 0.6774527624730782
79 5.852586819493115e-05 0.003339582545399646 0.6741395884249874 0.6713034806043809
80 5.616236097920119e-05 0.003396799861539411 0.6785772937623782 0.6772388301015799
81 6.223960059932097e-05 0.0033945946189769616 0.6752005354147392 0.6703624478443453
82 6.36168469957924e-05 0.0033948192528009055 0.6787098773189867 0.6770753567699269
83 5.581331830570806e-05 0.0034190544834643 0.6743565129499596 0.6727474691134228
84 5.124693095831753e-05 0.003423184340413496 0.6728399910333407 0.6719435228649298
85 5.53935683946471e-05 0.0035304937660246565 0.6734188463849032 0.6707426277683943
86 5.892807647364316e-05 0.0034511053719306537 0.6759685173102873 0.6751465108044407
87 5.5132012465108996e-05 0.0034506666268447833 0.6753936171824724 0.6744081795042103
88 4.798073904234456e-05 0.003554355157310808 0.6751191469373422 0.6728416288619867
89 4.991961715400846e-05 0.0034943654543964013 0.6773681094431581 0.6767100526571082
90 5.483100303219536e-05 0.003502872239642284 0.6802285161159213 0.6771652340852568
91 4.943171429474749e-05 0.003509739394898449 0.6799193401750905 0.6785678603653932
92 4.55803062661809e-05 0.003492930546917622 0.6764174630593243 0.6759238715538248
93 4.975434696718981e-05 0.003429713401177004 0.675873591940346 0.6754355753796166
94 5.2300630727524704e-05 0.003585538441641948 0.6773720646669056 0.6748652629202886
95 4.869387013580228e-05 0.0035571731352237197 0.6790127026188706 0.6770449281467514
96 4.279488184263344e-05 0.0035896521865396614 0.6758205585177025 0.6754465643453129
97 4.274621679319666e-05 0.0035382317677177533 0.6781198804920789 0.6775811549839148
98 4.502363822438117e-05 0.003572878367352243 0.6734058665661259 0.6720561562198195
99 4.480364801005638e-05 0.0034972549817527494 0.675873591940346 0.6754355753796166
100 4.312048384488045e-05 0.0035313950065537685 0.6756307077778193 0.6756404551407373
