Job is using 1 GPU(s) with ID(s) 0 and 8 CPU core(s)
torch cuda is available: True
Warning: You are sending unauthenticated requests to the HF Hub. Please set a HF_TOKEN to enable higher rate limits and faster downloads.
TRAIN_CSV=training_data/AV/train.csv, DEV_CSV=training_data/AV/dev.csv, MODEL_NAME=microsoft/deberta-v3-xsmall, MARGIN=1, DIST_LOWER=0, BATCH_SIZE=640, MAX_LEN=50, LR=0.001, EPOCH=300, DEVICE=cuda
torch.Size([640, 50])
cuda
Loading weights:   0%|          | 0/198 [00:00<?, ?it/s]Loading weights: 100%|██████████| 198/198 [00:00<00:00, 37219.21it/s]
[1mDebertaV2Model LOAD REPORT[0m from: microsoft/deberta-v3-xsmall
Key                                        | Status     |  | 
-------------------------------------------+------------+--+-
mask_predictions.LayerNorm.weight          | UNEXPECTED |  | 
lm_predictions.lm_head.dense.weight        | UNEXPECTED |  | 
deberta.embeddings.word_embeddings._weight | UNEXPECTED |  | 
lm_predictions.lm_head.LayerNorm.weight    | UNEXPECTED |  | 
lm_predictions.lm_head.bias                | UNEXPECTED |  | 
lm_predictions.lm_head.LayerNorm.bias      | UNEXPECTED |  | 
mask_predictions.dense.bias                | UNEXPECTED |  | 
mask_predictions.classifier.weight         | UNEXPECTED |  | 
mask_predictions.dense.weight              | UNEXPECTED |  | 
mask_predictions.LayerNorm.bias            | UNEXPECTED |  | 
mask_predictions.classifier.bias           | UNEXPECTED |  | 
lm_predictions.lm_head.dense.bias          | UNEXPECTED |  | 

[3mNotes:
- UNEXPECTED[3m	:can be ignored when loading from different task/architecture; not ok if you expect identical arch.[0m
CustomBERT(
  (encoder): DebertaV2Model(
    (embeddings): DebertaV2Embeddings(
      (word_embeddings): Embedding(128100, 384, padding_idx=0)
      (LayerNorm): LayerNorm((384,), eps=1e-07, elementwise_affine=True)
      (dropout): Dropout(p=0.1, inplace=False)
    )
    (encoder): DebertaV2Encoder(
      (layer): ModuleList(
        (0-11): 12 x DebertaV2Layer(
          (attention): DebertaV2Attention(
            (self): DisentangledSelfAttention(
              (query_proj): Linear(in_features=384, out_features=384, bias=True)
              (key_proj): Linear(in_features=384, out_features=384, bias=True)
              (value_proj): Linear(in_features=384, out_features=384, bias=True)
              (pos_dropout): Dropout(p=0.1, inplace=False)
              (dropout): Dropout(p=0.1, inplace=False)
            )
            (output): DebertaV2SelfOutput(
              (dense): Linear(in_features=384, out_features=384, bias=True)
              (LayerNorm): LayerNorm((384,), eps=1e-07, elementwise_affine=True)
              (dropout): Dropout(p=0.1, inplace=False)
            )
          )
          (intermediate): DebertaV2Intermediate(
            (dense): Linear(in_features=384, out_features=1536, bias=True)
            (intermediate_act_fn): GELUActivation()
          )
          (output): DebertaV2Output(
            (dense): Linear(in_features=1536, out_features=384, bias=True)
            (LayerNorm): LayerNorm((384,), eps=1e-07, elementwise_affine=True)
            (dropout): Dropout(p=0.1, inplace=False)
          )
        )
      )
      (rel_embeddings): Embedding(512, 384)
      (LayerNorm): LayerNorm((384,), eps=1e-07, elementwise_affine=True)
    )
  )
)
1 0.2786890323913395 0.490071750375438 0.5 0.3377168747927948
2 0.2571125792960236 0.490071750375438 0.5 0.3377168747927948
3 0.256409053100767 0.490071750375438 0.5 0.3377168747927948
4 0.2549189688418254 0.490071750375438 0.5 0.3377168747927948
5 0.2544974950944895 0.490071750375438 0.5 0.3377168747927948
6 0.2532349676082454 0.490071750375438 0.5 0.3377168747927948
7 0.25340706285302045 0.490071750375438 0.5 0.3377168747927948
8 0.25352758985738205 0.490071750375438 0.5 0.3377168747927948
9 0.25411273616960095 0.49007174019103017 0.5 0.3377168747927948
10 0.2532023739781121 0.49007174910238704 0.5 0.3377168747927948
11 0.252601078164408 0.490071750375438 0.5 0.3377168747927948
12 0.2528870986261179 0.490071750375438 0.5 0.3377168747927948
13 0.25277141247714036 0.490071750375438 0.5 0.3377168747927948
14 0.25275998770515745 0.490071750375438 0.5 0.3377168747927948
15 0.2529752745330107 0.490071750375438 0.5 0.3377168747927948
16 0.25279488253213084 0.490071750375438 0.5 0.3377168747927948
17 0.2530570661383824 0.490071750375438 0.5 0.3377168747927948
18 0.25325191246507156 0.49007174910238704 0.5 0.3377168747927948
19 0.25262644708111304 0.490071750375438 0.5 0.3377168747927948
20 0.2522785874138959 0.4900717223683164 0.5 0.3377168747927948
21 0.25240376614646276 0.490071750375438 0.5 0.3377168747927948
22 0.2524924287746686 0.490071750375438 0.5 0.3377168747927948
23 0.2524996970956769 0.490071750375438 0.5 0.3377168747927948
24 0.2530172950593658 0.490071750375438 0.5 0.3377168747927948
25 0.2531363563798415 0.490071750375438 0.5 0.3377168747927948
26 0.25279176997210384 0.490071750375438 0.5 0.3377168747927948
27 0.25247199462144326 0.490071750375438 0.5 0.3377168747927948
28 0.2525669243212991 0.490071750375438 0.5 0.3377168747927948
29 0.251767277911651 0.490071750375438 0.5 0.3377168747927948
30 0.2533648050379504 0.490071750375438 0.5 0.3377168747927948
31 0.2528316526920454 0.490071750375438 0.5 0.3377168747927948
32 0.25207823673421204 0.490071750375438 0.5 0.3377168747927948
33 0.2523621802469223 0.490071750375438 0.5 0.3377168747927948
34 0.2525839978618861 0.4900717440101831 0.5 0.3377168747927948
35 0.25226957444468806 0.490071750375438 0.5 0.3377168747927948
36 0.2523088436225378 0.490071750375438 0.5 0.3377168747927948
37 0.25211218654628564 0.490071750375438 0.5 0.3377168747927948
38 0.25214471407505545 0.490071750375438 0.5 0.3377168747927948
39 0.2527854432160286 0.490071750375438 0.5 0.3377168747927948
40 0.2524513744460093 0.490071750375438 0.5 0.3377168747927948
41 0.25228753359174694 0.490071750375438 0.5 0.3377168747927948
42 0.2524976793481072 0.490071750375438 0.5 0.3377168747927948
43 0.25220651760790624 0.4900717452832341 0.5 0.3377168747927948
44 0.2521325428682605 0.490071750375438 0.5 0.3377168747927948
45 0.25249249908499155 0.490071750375438 0.5 0.3377168747927948
46 0.2525712693474578 0.490071750375438 0.5 0.3377168747927948
47 0.25233696202476613 0.4900716867228889 0.5 0.3377168747927948
48 0.25224863928728725 0.490071750375438 0.5 0.3377168747927948
49 0.25222736665413625 0.490071750375438 0.5 0.3377168747927948
50 0.2522231591436533 0.490071750375438 0.5 0.3377168747927948
51 0.2524699972976769 0.490071684176787 0.5 0.3377168747927948
52 0.2523542559492309 0.4900717083647556 0.5 0.3377168747927948
53 0.2526502904225089 0.490071750375438 0.5 0.3377168747927948
54 0.25218681526163383 0.49007174910238704 0.5 0.3377168747927948
55 0.25229184908619 0.490071750375438 0.5 0.3377168747927948
56 0.2521248094227312 0.490071750375438 0.5 0.3377168747927948
57 0.25264614735740537 0.490071750375438 0.5 0.3377168747927948
58 0.2520908242139984 0.490071750375438 0.5 0.3377168747927948
59 0.252077853235905 0.490071750375438 0.5 0.3377168747927948
60 0.25257902632176055 0.49007172873357135 0.5 0.3377168747927948
61 0.25174078554776436 0.490071750375438 0.5 0.3377168747927948
62 0.25189890987607516 0.490071750375438 0.5 0.3377168747927948
63 0.2519819746571866 0.4900717172761125 0.5 0.3377168747927948
64 0.2527774326001684 0.490071750375438 0.5 0.3377168747927948
65 0.25248413201856384 0.490071750375438 0.5 0.3377168747927948
66 0.25188494689453444 0.4900716536235634 0.5 0.3377168747927948
67 0.2520994801806441 0.49007167271932817 0.5 0.3377168747927948
68 0.2523034674703085 0.490071750375438 0.5 0.3377168747927948
69 0.25262624249808313 0.490071750375438 0.5 0.3377168747927948
70 0.2523283518736793 0.4900716612618693 0.5 0.3377168747927948
71 0.2526349679470597 0.490071750375438 0.5 0.3377168747927948
72 0.2521611208060636 0.490071750375438 0.5 0.3377168747927948
73 0.25217736324965384 0.4900717554676419 0.5 0.3377168747927948
74 0.25181678058795526 0.49007174910238704 0.5 0.3377168747927948
75 0.2523111096987162 0.490071750375438 0.5 0.3377168747927948
76 0.25143878090697724 0.490071750375438 0.5 0.3377168747927948
77 0.25268483756183047 0.490071750375438 0.5 0.3377168747927948
78 0.25232048850240113 0.49007166635407323 0.5 0.3377168747927948
79 0.2524080003596886 0.49007174910238704 0.5 0.3377168747927948
80 0.2519574130327075 0.490071750375438 0.5 0.3377168747927948
81 0.2527175301370109 0.490071750375438 0.5 0.3377168747927948
82 0.25182910380028645 0.490071750375438 0.5 0.3377168747927948
83 0.25202864987871837 0.49007166635407323 0.5 0.3377168747927948
84 0.252604158846742 0.49007175292154 0.5 0.3377168747927948
85 0.2517545606441144 0.49007167017322617 0.5 0.3377168747927948
86 0.25209451250448134 0.490071750375438 0.5 0.3377168747927948
87 0.2521283386697456 0.49007173891797917 0.5 0.3377168747927948
88 0.25220711597014417 0.490071750375438 0.5 0.3377168747927948
89 0.25234059408079057 0.490071750375438 0.5 0.3377168747927948
90 0.2528265274214002 0.490071750375438 0.5 0.3377168747927948
91 0.25209774332936946 0.49007166762712423 0.5 0.3377168747927948
92 0.252256386187687 0.49007173509882623 0.5 0.3377168747927948
93 0.25232717743598876 0.49007174910238704 0.5 0.3377168747927948
94 0.25183016252609125 0.49007174910238704 0.5 0.3377168747927948
95 0.25223204294610496 0.49007175292154 0.5 0.3377168747927948
96 0.2522635521826806 0.490071750375438 0.5 0.3377168747927948
97 0.25235921424148405 0.490071750375438 0.5 0.3377168747927948
98 0.25170913258557276 0.490071750375438 0.5 0.3377168747927948
99 0.25231165479346707 0.49007176055984586 0.5 0.3377168747927948
100 0.25193773166223316 0.490071750375438 0.5 0.3377168747927948
101 0.25158419673066706 0.490071750375438 0.5 0.3377168747927948
102 0.2521527509106632 0.490071750375438 0.5 0.3377168747927948
103 0.2517101653676274 0.490071750375438 0.5 0.3377168747927948
104 0.2520571167965906 0.490071750375438 0.5 0.3377168747927948
105 0.25228207408832026 0.490071750375438 0.5 0.3377168747927948
106 0.2518714370316303 0.490071750375438 0.5 0.3377168747927948
107 0.2522314587977301 0.490071750375438 0.5 0.3377168747927948
108 0.25198938097686596 0.490071750375438 0.5 0.3377168747927948
109 0.2520091089908912 0.490071750375438 0.5 0.3377168747927948
110 0.2523467982250465 0.490071750375438 0.5 0.3377168747927948
111 0.2516913986523452 0.49007180893578317 0.5 0.3377168747927948
112 0.2520455182152814 0.490071750375438 0.5 0.3377168747927948
113 0.25190361190479604 0.490071750375438 0.5 0.3377168747927948
114 0.2519047444598899 0.4900717223683164 0.5 0.3377168747927948
115 0.25228164091049166 0.490071750375438 0.5 0.3377168747927948
116 0.2516436499391508 0.49007174910238704 0.5 0.3377168747927948
117 0.2522605823132795 0.490071750375438 0.5 0.3377168747927948
118 0.25179661663612796 0.490071750375438 0.5 0.3377168747927948
119 0.25242504837052143 0.490071750375438 0.5 0.3377168747927948
120 0.2518329179455574 0.4900716612618693 0.5 0.3377168747927948
121 0.25185032219995973 0.490071750375438 0.5 0.3377168747927948
122 0.2518484964775409 0.490071750375438 0.5 0.3377168747927948
123 0.2520286444967702 0.490071750375438 0.5 0.3377168747927948
124 0.2557391510407202 0.4900717096378066 0.5 0.3377168747927948
125 0.25301198825146876 0.490071750375438 0.5 0.3377168747927948
126 0.252612887676686 0.490071750375438 0.5 0.3377168747927948
127 0.25257449520439385 0.490071750375438 0.5 0.3377168747927948
128 0.25240525101216393 0.490071750375438 0.5 0.3377168747927948
129 0.25258321258044814 0.49007173509882623 0.5 0.3377168747927948
130 0.2520620705348876 0.4900717452832341 0.5 0.3377168747927948
131 0.25261977098140187 0.490071750375438 0.5 0.3377168747927948
132 0.2523051502261041 0.490071750375438 0.5 0.3377168747927948
133 0.2524687169460063 0.490071750375438 0.5 0.3377168747927948
134 0.2522008398595812 0.490071750375438 0.5 0.3377168747927948
135 0.2525866628922227 0.490071750375438 0.5 0.3377168747927948
136 0.2526264504620805 0.490071750375438 0.5 0.3377168747927948
137 0.2523468422466226 0.490071750375438 0.5 0.3377168747927948
138 0.25236293647964003 0.490071750375438 0.5 0.3377168747927948
139 0.2519687472085629 0.490071750375438 0.5 0.3377168747927948
140 0.2525414427976785 0.490071750375438 0.5 0.3377168747927948
141 0.2525673438372593 0.49007169308814386 0.5 0.3377168747927948
142 0.25206378116641476 0.490071750375438 0.5 0.3377168747927948
143 0.2516385470932896 0.490071750375438 0.5 0.3377168747927948
144 0.2525657155909388 0.490071750375438 0.5 0.3377168747927948
145 0.2519558929773452 0.490071750375438 0.5 0.3377168747927948
146 0.2523432397913132 0.4900716548966144 0.5 0.3377168747927948
147 0.2515554295276865 0.490071750375438 0.5 0.3377168747927948
148 0.2520449328939179 0.490071750375438 0.5 0.3377168747927948
149 0.25217396061642017 0.490071750375438 0.5 0.3377168747927948
150 0.25156553661935827 0.490071750375438 0.5 0.3377168747927948
151 0.2517229978640544 0.490071750375438 0.5 0.3377168747927948
152 0.2521074711316937 0.490071750375438 0.5 0.3377168747927948
153 0.2518051279801663 0.490071750375438 0.5 0.3377168747927948
154 0.2520471317647434 0.4900717567406929 0.5 0.3377168747927948
155 0.2524029923879138 0.490071750375438 0.5 0.3377168747927948
156 0.25226540239986356 0.490071750375438 0.5 0.3377168747927948
157 0.25168990909468913 0.490071750375438 0.5 0.3377168747927948
158 0.2521811543491467 0.490071682903736 0.5 0.3377168747927948
159 0.2516151480386154 0.490071750375438 0.5 0.3377168747927948
160 0.25258335520207476 0.490071750375438 0.5 0.3377168747927948
161 0.25234975891753597 0.490071750375438 0.5 0.3377168747927948
162 0.25229919420345875 0.490071750375438 0.5 0.3377168747927948
163 0.2521752298591977 0.49007174782933605 0.5 0.3377168747927948
164 0.2516913284800209 0.490071750375438 0.5 0.3377168747927948
165 0.25188461445573573 0.490071750375438 0.5 0.3377168747927948
166 0.2513723970602335 0.490071750375438 0.5 0.3377168747927948
167 0.25223152841805974 0.4900717427371321 0.5 0.3377168747927948
168 0.25171136609406475 0.490071750375438 0.5 0.3377168747927948
169 0.252239531029997 0.490071750375438 0.5 0.3377168747927948
170 0.2520871426854504 0.490071750375438 0.5 0.3377168747927948
171 0.25216547556112867 0.490071750375438 0.5 0.3377168747927948
172 0.2517122732973287 0.490071750375438 0.5 0.3377168747927948
173 0.2519005356384196 0.490071750375438 0.5 0.3377168747927948
174 0.2520058805809798 0.49007170327255173 0.5 0.3377168747927948
175 0.2526257575017535 0.490071750375438 0.5 0.3377168747927948
176 0.2522672053525017 0.490071750375438 0.5 0.3377168747927948
177 0.25201458746913513 0.490071750375438 0.5 0.3377168747927948
178 0.25147301202934197 0.490071750375438 0.5 0.3377168747927948
179 0.2520764318495925 0.490071750375438 0.5 0.3377168747927948
180 0.2519268845526875 0.490071750375438 0.5 0.3377168747927948
181 0.2518842055656732 0.490071750375438 0.5 0.3377168747927948
182 0.2520043596286261 0.490071750375438 0.5 0.3377168747927948
183 0.2522350698089572 0.490071750375438 0.5 0.3377168747927948
184 0.25230496033993266 0.490071750375438 0.5 0.3377168747927948
185 0.2520483109633881 0.490071682903736 0.5 0.3377168747927948
186 0.25167590381655575 0.490071750375438 0.5 0.3377168747927948
187 0.25210385818848524 0.490071750375438 0.5 0.3377168747927948
188 0.2519839866088121 0.490071750375438 0.5 0.3377168747927948
189 0.2516352833557184 0.490071750375438 0.5 0.3377168747927948
190 0.2524490980199306 0.490071750375438 0.5 0.3377168747927948
191 0.25195451878657826 0.490071750375438 0.5 0.3377168747927948
192 0.25249085434782986 0.490071750375438 0.5 0.3377168747927948
193 0.25199696600482446 0.490071750375438 0.5 0.3377168747927948
194 0.252361550972982 0.490071750375438 0.5 0.3377168747927948
195 0.2522526350388094 0.490071750375438 0.5 0.3377168747927948
196 0.2525435312005678 0.490071750375438 0.5 0.3377168747927948
197 0.2521680782850652 0.490071750375438 0.5 0.3377168747927948
198 0.25159982770214556 0.490071750375438 0.5 0.3377168747927948
199 0.2520394362688487 0.490071750375438 0.5 0.3377168747927948
200 0.2516921482611267 0.490071750375438 0.5 0.3377168747927948
201 0.2518611370868156 0.490071750375438 0.5 0.3377168747927948
202 0.2513217835636261 0.490071750375438 0.5 0.3377168747927948
203 0.25214808262261734 0.490071750375438 0.5 0.3377168747927948
204 0.25197717651239127 0.490071750375438 0.5 0.3377168747927948
205 0.25217028550481035 0.490071750375438 0.5 0.3377168747927948
206 0.2522218089646551 0.490071750375438 0.5 0.3377168747927948
207 0.25188036451066137 0.49007166635407323 0.5 0.3377168747927948
208 0.25235588999149555 0.490071750375438 0.5 0.3377168747927948
209 0.2517821794911533 0.490071750375438 0.5 0.3377168747927948
210 0.25237227636769977 0.490071750375438 0.5 0.3377168747927948
211 0.25158060738523136 0.4900717325527243 0.5 0.3377168747927948
212 0.25172583718671254 0.490071750375438 0.5 0.3377168747927948
213 0.2520388577784194 0.490071750375438 0.5 0.3377168747927948
214 0.25204314912309506 0.490071750375438 0.5 0.3377168747927948
215 0.2516917132893153 0.490071750375438 0.5 0.3377168747927948
216 0.2515423897572555 0.4900716548966144 0.5 0.3377168747927948
217 0.2518660664683472 0.490071750375438 0.5 0.3377168747927948
218 0.2517012597613857 0.490071750375438 0.5 0.3377168747927948
219 0.25190392253980476 0.49007174782933605 0.5 0.3377168747927948
220 0.25178055096883545 0.49007166762712423 0.5 0.3377168747927948
221 0.2521433017966553 0.490071750375438 0.5 0.3377168747927948
222 0.25233533433044036 0.490071750375438 0.5 0.3377168747927948
223 0.2513850712031854 0.49007181784714005 0.5 0.3377168747927948
224 0.2522152516128004 0.490071750375438 0.5 0.3377168747927948
225 0.2518645846386168 0.49007173382577524 0.5 0.3377168747927948
226 0.25210751177230234 0.490071750375438 0.5 0.3377168747927948
227 0.2522451179061971 0.4900717567406929 0.5 0.3377168747927948
228 0.2517016483656435 0.49007174910238704 0.5 0.3377168747927948
229 0.25167743843077783 0.490071750375438 0.5 0.3377168747927948
230 0.25210884608145334 0.4900716548966144 0.5 0.3377168747927948
231 0.25166305786525833 0.4900717554676419 0.5 0.3377168747927948
232 0.25229539247806826 0.490071750375438 0.5 0.3377168747927948
233 0.2517916978804941 0.490071750375438 0.5 0.3377168747927948
234 0.251828935096911 0.490071750375438 0.5 0.3377168747927948
235 0.25147483133482257 0.49007165998881835 0.5 0.3377168747927948
236 0.25163286886196923 0.490071750375438 0.5 0.3377168747927948
237 0.2517915727156994 0.490071750375438 0.5 0.3377168747927948
238 0.2517414430424329 0.4900717452832341 0.5 0.3377168747927948
239 0.2515070938371445 0.49007178347476354 0.5 0.3377168747927948
240 0.25189270490382715 0.49007177074425373 0.5 0.3377168747927948
241 0.2520950903049173 0.490071750375438 0.5 0.3377168747927948
242 0.2519198528994002 0.490071750375438 0.5 0.3377168747927948
243 0.25144930716961256 0.4900717923861204 0.5 0.3377168747927948
244 0.25156103675869057 0.490071750375438 0.5 0.3377168747927948
245 0.25171459912693167 0.490071750375438 0.5 0.3377168747927948
246 0.25210888534207526 0.490071750375438 0.5 0.3377168747927948
247 0.2522728778568772 0.4900716485313595 0.5 0.3377168747927948
248 0.2519145956330261 0.490071750375438 0.5 0.3377168747927948
249 0.2519889038464606 0.490071750375438 0.5 0.3377168747927948
250 0.2520404904406974 0.490071750375438 0.5 0.3377168747927948
251 0.25151083097915694 0.490071750375438 0.5 0.3377168747927948
252 0.2516594741777681 0.4900716536235634 0.5 0.3377168747927948
253 0.25192087540055386 0.49007172491441836 0.5 0.3377168747927948
254 0.2520875708953269 0.490071750375438 0.5 0.3377168747927948
255 0.2517343541886964 0.490071750375438 0.5 0.3377168747927948
256 0.25143251694029733 0.4900716536235634 0.5 0.3377168747927948
257 0.25199844955953826 0.490071750375438 0.5 0.3377168747927948
258 0.25201649688774796 0.490071750375438 0.5 0.3377168747927948
259 0.2516524913760104 0.49007169054204186 0.5 0.3377168747927948
260 0.25190633772354726 0.4900716561696654 0.5 0.3377168747927948
261 0.2517379807937733 0.4900718471273126 0.5 0.3377168747927948
262 0.25174800612123244 0.49007166635407323 0.5 0.3377168747927948
263 0.25141474071047704 0.490071750375438 0.5 0.3377168747927948
264 0.25182958182768317 0.490071750375438 0.5 0.3377168747927948
265 0.2514870836848362 0.490071750375438 0.5 0.3377168747927948
266 0.2517982246656431 0.490071750375438 0.5 0.3377168747927948
267 0.2519260480047432 0.490071750375438 0.5 0.3377168747927948
268 0.251437035499785 0.490071750375438 0.5 0.3377168747927948
269 0.251849918001852 0.490071750375438 0.5 0.3377168747927948
270 0.2519003029726601 0.490071750375438 0.5 0.3377168747927948
271 0.2515617163331465 0.490071750375438 0.5 0.3377168747927948
272 0.2514514195152713 0.49007182803154786 0.5 0.3377168747927948
273 0.25162396987966373 0.490071750375438 0.5 0.3377168747927948
274 0.25131538946419935 0.4900717872939165 0.5 0.3377168747927948
275 0.25172230918168614 0.4900716536235634 0.5 0.3377168747927948
276 0.25188271262704975 0.490071750375438 0.5 0.3377168747927948
277 0.25202037672038635 0.490071750375438 0.5 0.3377168747927948
278 0.2516989709154266 0.490071750375438 0.5 0.3377168747927948
279 0.25170536756782874 0.49007165998881835 0.5 0.3377168747927948
280 0.25156235857896186 0.490071750375438 0.5 0.3377168747927948
281 0.25171022829502143 0.490071750375438 0.5 0.3377168747927948
282 0.2518051631008281 0.490071751648489 0.5 0.3377168747927948
283 0.25203917345037957 0.490071750375438 0.5 0.3377168747927948
284 0.25186889723508776 0.490071750375438 0.5 0.3377168747927948
285 0.2518786289013748 0.4900716536235634 0.5 0.3377168747927948
286 0.251985741606912 0.490071750375438 0.5 0.3377168747927948
287 0.25166789540867424 0.4900718471273126 0.5 0.3377168747927948
288 0.25133131802981207 0.4900718445812106 0.5 0.3377168747927948
289 0.2518376383281015 0.490071750375438 0.5 0.3377168747927948
290 0.25184535866375707 0.4900716536235634 0.5 0.3377168747927948
291 0.2519651677300322 0.490071750375438 0.5 0.3377168747927948
292 0.25180220171834533 0.4900718471273126 0.5 0.3377168747927948
293 0.2516893429551409 0.490071750375438 0.5 0.3377168747927948
294 0.2521123594586206 0.490071750375438 0.5 0.3377168747927948
295 0.2521323631939907 0.490071750375438 0.5 0.3377168747927948
296 0.25157011714024924 0.490071750375438 0.5 0.3377168747927948
297 0.25194466423247464 0.490071750375438 0.5 0.3377168747927948
298 0.25133555445101663 0.490071750375438 0.5 0.3377168747927948
299 0.2518564625198303 0.490071750375438 0.5 0.3377168747927948
300 0.2517679609360736 0.490071750375438 0.5 0.3377168747927948
TRAIN_CSV=training_data/AV/train.csv, DEV_CSV=training_data/AV/dev.csv, MODEL_NAME=microsoft/deberta-v3-xsmall, MARGIN=1, DIST_LOWER=0, BATCH_SIZE=640, MAX_LEN=50, LR=0.0001, EPOCH=300, DEVICE=cuda
torch.Size([640, 50])
cuda
Loading weights:   0%|          | 0/198 [00:00<?, ?it/s]Loading weights: 100%|██████████| 198/198 [00:00<00:00, 34567.00it/s]
[1mDebertaV2Model LOAD REPORT[0m from: microsoft/deberta-v3-xsmall
Key                                        | Status     |  | 
-------------------------------------------+------------+--+-
mask_predictions.dense.weight              | UNEXPECTED |  | 
lm_predictions.lm_head.bias                | UNEXPECTED |  | 
mask_predictions.classifier.bias           | UNEXPECTED |  | 
deberta.embeddings.word_embeddings._weight | UNEXPECTED |  | 
lm_predictions.lm_head.dense.bias          | UNEXPECTED |  | 
mask_predictions.LayerNorm.weight          | UNEXPECTED |  | 
lm_predictions.lm_head.LayerNorm.weight    | UNEXPECTED |  | 
mask_predictions.classifier.weight         | UNEXPECTED |  | 
mask_predictions.LayerNorm.bias            | UNEXPECTED |  | 
lm_predictions.lm_head.LayerNorm.bias      | UNEXPECTED |  | 
mask_predictions.dense.bias                | UNEXPECTED |  | 
lm_predictions.lm_head.dense.weight        | UNEXPECTED |  | 

[3mNotes:
- UNEXPECTED[3m	:can be ignored when loading from different task/architecture; not ok if you expect identical arch.[0m
Warning: You are sending unauthenticated requests to the HF Hub. Please set a HF_TOKEN to enable higher rate limits and faster downloads.
CustomBERT(
  (encoder): DebertaV2Model(
    (embeddings): DebertaV2Embeddings(
      (word_embeddings): Embedding(128100, 384, padding_idx=0)
      (LayerNorm): LayerNorm((384,), eps=1e-07, elementwise_affine=True)
      (dropout): Dropout(p=0.1, inplace=False)
    )
    (encoder): DebertaV2Encoder(
      (layer): ModuleList(
        (0-11): 12 x DebertaV2Layer(
          (attention): DebertaV2Attention(
            (self): DisentangledSelfAttention(
              (query_proj): Linear(in_features=384, out_features=384, bias=True)
              (key_proj): Linear(in_features=384, out_features=384, bias=True)
              (value_proj): Linear(in_features=384, out_features=384, bias=True)
              (pos_dropout): Dropout(p=0.1, inplace=False)
              (dropout): Dropout(p=0.1, inplace=False)
            )
            (output): DebertaV2SelfOutput(
              (dense): Linear(in_features=384, out_features=384, bias=True)
              (LayerNorm): LayerNorm((384,), eps=1e-07, elementwise_affine=True)
              (dropout): Dropout(p=0.1, inplace=False)
            )
          )
          (intermediate): DebertaV2Intermediate(
            (dense): Linear(in_features=384, out_features=1536, bias=True)
            (intermediate_act_fn): GELUActivation()
          )
          (output): DebertaV2Output(
            (dense): Linear(in_features=1536, out_features=384, bias=True)
            (LayerNorm): LayerNorm((384,), eps=1e-07, elementwise_affine=True)
            (dropout): Dropout(p=0.1, inplace=False)
          )
        )
      )
      (rel_embeddings): Embedding(512, 384)
      (LayerNorm): LayerNorm((384,), eps=1e-07, elementwise_affine=True)
    )
  )
)
1 0.2408422279585608 0.23135743633685915 0.5097170377223615 0.35946616836680617
2 0.21844926832795458 0.21608402373773633 0.5175547870908628 0.3762986187922401
3 0.20270865938923352 0.20961280197685875 0.5354455453707616 0.4187688374730183
4 0.18503692464666688 0.20306428183344435 0.5377228629313311 0.4196743414081505
5 0.16866457628340442 0.19021021096471274 0.54886149720037 0.4431032449101382
6 0.15074442399202326 0.19469606707296208 0.5749967801136252 0.49617994809577703
7 0.13327484484825966 0.18693204803695945 0.6146983690662731 0.5631808052963607
8 0.11478490228828557 0.19380590908916848 0.642602361190587 0.6079256163962032
9 0.10023437995139232 0.18890442729652693 0.6343909824463827 0.5960261819555301
10 0.08791854654712399 0.19554119851659618 0.6650387299965952 0.6411660657136
11 0.0746425278938977 0.19840147800404181 0.6488856519189186 0.6203066877633412
12 0.06435519156931917 0.2048948903165754 0.6884832909065952 0.6729820762357499
13 0.05755176664248297 0.20640292677679623 0.6838424764736607 0.6682949338401583
14 0.0504132934310599 0.22002810817637666 0.6910764135858258 0.6798471541580369
15 0.045759146402330926 0.22164875108810214 0.6882531080259624 0.6758811646915941
16 0.041196942109471356 0.21058423535445486 0.6989828501498305 0.687482912617688
17 0.035454340291231116 0.22707158035693334 0.7026549690088723 0.6942485916688388
18 0.03238543150363979 0.20655244661455618 0.684357714001002 0.6676449916327496
19 0.029401742225660495 0.22817165871882267 0.6897807714179266 0.6787392629160873
20 0.027902847976306454 0.21965684895521012 0.7063252495244817 0.6971549146093275
21 0.026078072228342176 0.21338973991385132 0.6972605451835847 0.6853277416262704
22 0.023270255210141484 0.21685704193548072 0.701211368048388 0.6912011390788428
23 0.022246099900945768 0.20489719963105557 0.6812978749195586 0.6625155520026378
24 0.02124917472240717 0.21998577286599177 0.7037185899527066 0.6938452602555669
25 0.019691279779461873 0.23258872933644753 0.7103688808789109 0.7032838479952265
26 0.018707817294156635 0.2208792516032702 0.7071809705383739 0.6972212247688441
27 0.01732772123631212 0.2239624703246724 0.7028628689388146 0.6937797466041001
28 0.015933163504229134 0.21893960121138237 0.7003248965625428 0.6889371825089405
29 0.01530259266537212 0.22297252869538386 0.7092326175158253 0.7005694199436645
30 0.014873933491104656 0.22378686567230455 0.7066922497223544 0.6977211760199835
31 0.013950970761705159 0.22908095002234052 0.7094381220285686 0.7018474193330427
32 0.013781365836636528 0.22702324643032432 0.7063517662358034 0.6973293310413748
33 0.012945635767338034 0.22444132781478293 0.7037583650196892 0.6941164707914087
34 0.012354407888182777 0.22785332722873136 0.710477343141397 0.7022692164301658
35 0.01175829755998152 0.2276815888321939 0.7072692667304851 0.6987355565483018
36 0.011218213812511323 0.23571861110504572 0.7089228845012272 0.702054717094305
37 0.01090587470999193 0.23070406710864824 0.7132409861007867 0.7056162000517032
38 0.010683976866050708 0.22860412113896877 0.7067009957805006 0.6986663503061228
39 0.01039158149535424 0.22371819284669192 0.703561606565092 0.6937386418955298
40 0.009745472262720984 0.22291915539646515 0.7030376229796048 0.6930549867990148
41 0.009612394402126575 0.22995824000681458 0.704565286371569 0.6957380997690159
42 0.009495686040930115 0.2345175931673704 0.7107292518989531 0.7037839361644267
43 0.008806870499701877 0.22861142590549977 0.7085914256097061 0.7000427351916174
44 0.00857663910576021 0.22328344911918724 0.7053348280736658 0.6952284381206479
45 0.00831477560251989 0.22524693675417545 0.7056421656710643 0.6953943816995114
46 0.008145497072339424 0.23392878162747488 0.7080165254818911 0.6999317103610635
47 0.00801482728639974 0.22428097876885011 0.704333265147504 0.6941787082863906
48 0.007513513355650493 0.2263655558305572 0.7062788452796689 0.6968464825486183
49 0.00708270393999545 0.2229669069022502 0.6970571575511573 0.6848744111959948
50 0.007225410989926192 0.2397775724816159 0.7094402389088841 0.7026684003881991
51 0.006796310407503104 0.2306695305085751 0.7039882693634385 0.6947140215779692
52 0.006788759870587479 0.22502046671332213 0.7034886856089574 0.6932345912178326
53 0.006781808724431153 0.23608752472977915 0.70669436660267 0.69862514979163
54 0.006483630741513233 0.2331569881047746 0.7035305775562555 0.6944764934832717
55 0.006135103305195243 0.23177252861289016 0.7029137854811425 0.693175805960152
56 0.006130391189633983 0.2426400276131887 0.7011426808528843 0.6926213379932562
57 0.00716279924198329 0.23107818751189538 0.7075500876165621 0.6987429241028673
58 0.005849446383734557 0.2273449648725515 0.7050341196540973 0.695107100867066
59 0.006111831698762488 0.22529526558858057 0.6945035314020254 0.6818477548318055
60 0.00560458915319775 0.22686073001509574 0.7004375925856602 0.6897551923737373
61 0.005173147017948104 0.24113288547128225 0.7099178182495582 0.703053492268181
62 0.005208730238355008 0.2370420990932292 0.703243127492348 0.6944320040659906
63 0.005271947947087692 0.24634242332301912 0.7063427416407738 0.6990134135908241
64 0.005382671894568487 0.2354980664799851 0.7072427500191634 0.698565759913762
65 0.004822653779778937 0.22314024743344774 0.6952553024509464 0.6820761616713185
66 0.004517366931160983 0.22521964636028818 0.6957792860364336 0.6827899899397489
67 0.00451632926524714 0.2396129771741348 0.7055689661780462 0.697677358576573
68 0.004377695997540238 0.2432857305283899 0.7074946587767195 0.7001263759972507
69 0.004272326324108786 0.23638966046528567 0.7031503190027222 0.6938201390707281
70 0.004102241291960315 0.24122128485837643 0.7040036445994149 0.6957222691691096
71 0.004554280135323048 0.23936023708975576 0.7016711767358864 0.6924061760096507
72 0.004495541747018371 0.23187434786690428 0.7009483178154865 0.690351578573299
73 0.003908380088191023 0.2441874312654314 0.7064334332500842 0.6987272179074583
74 0.003951662546628481 0.23871340052265566 0.7018679351904836 0.6927784875090525
75 0.003648656986386163 0.2406443553398154 0.7085405090673783 0.700596162025048
76 0.003476636470047691 0.24422786081849723 0.7110498478520126 0.7040529958101975
77 0.0035449024246048014 0.23856549682311656 0.7011339347947384 0.6916384370205326
78 0.0032572513997061003 0.23399962882416367 0.7004972551861339 0.6901780521150284
79 0.00354656518514761 0.25254181814615423 0.7069396461823958 0.7000960490738125
80 0.0036739246983157783 0.22998931518126942 0.6981780456782662 0.6868255692290026
81 0.003378305256041139 0.24606414647247962 0.708379013382249 0.7012855194413858
82 0.003392069500089403 0.24361868173595105 0.7077622213071356 0.7000737210878183
83 0.003196353335432821 0.2342589919562732 0.7040922193284096 0.6944656529023775
84 0.0030197922186314514 0.24777754769785942 0.7072469837797946 0.7002879834650908
85 0.0033786420676727453 0.256146868103119 0.7019252023737583 0.6948743948884755
86 0.0036960467520996253 0.24910726281491818 0.7073774504560875 0.7002477158030815
87 0.003294490607400726 0.23031358672723973 0.7007892175475563 0.6891944723698278
88 0.003288959809332505 0.23309819033562432 0.6980011747571604 0.6865765126657163
89 0.003868999066730788 0.24542585016788793 0.7158365041972164 0.7095282932335472
90 0.0033430401613832803 0.24042788893357353 0.7055867368312219 0.6969109308026669
91 0.0033603607627161547 0.24166387630865568 0.7045475157183934 0.6965132349442449
92 0.003248930313788753 0.2386679163206684 0.7051290450240388 0.6966652124203675
93 0.002604793789408915 0.23474844568622702 0.7077667336046505 0.6992362609151662
94 0.002458540154224461 0.2396531145620004 0.70832386307929 0.7001137048891363
95 0.0025037047614436484 0.23434271860974035 0.7085185046535714 0.6995730023799371
96 0.0024363025545845354 0.23831501258507648 0.7041982861736964 0.6951732403624433
97 0.0025480786190275146 0.2418867474343847 0.7083039755457986 0.6999888742091871
98 0.002929947304060666 0.24878672576400168 0.7046734700971715 0.6972826109087702
99 0.002662996873321536 0.2489136686791328 0.7145077161401652 0.7081842351242799
100 0.002729296615265801 0.2382773512813696 0.7111384225810073 0.7029231220781709
101 0.003336008484377442 0.24551211655806285 0.7125820235414917 0.7057811214606056
102 0.003325568087102794 0.23985038335944345 0.7052971698869988 0.6959324639209765
103 0.0030844500556211373 0.24907341366237498 0.7018899396042904 0.6938200312853602
104 0.002768606602988195 0.24624223230121015 0.713231961505757 0.7071318624788286
105 0.0028722968886541406 0.2605570909795152 0.7137270329627234 0.7089988023787709
106 0.0022750376611414347 0.24616967857968086 0.7089207676209117 0.7012270105687736
107 0.0021824144759261133 0.23606946395550668 0.7087550381751512 0.700195599863923
108 0.0019009713756922974 0.2455735107146896 0.7113837021607332 0.704398930356299
109 0.001849770621427496 0.25200232332822536 0.7053411787146124 0.6979749319815918
110 0.0017603624607915277 0.252680972802824 0.7139527035458415 0.7081072269569479
111 0.002070731592390518 0.24359625566986354 0.7080098963040606 0.6998904572626835
112 0.0018173772122724286 0.25416546036599175 0.7117528192389213 0.7057070957520801
113 0.0019860181864361144 0.26065196128474755 0.7093118891129069 0.7034645089920769
114 0.002010418132534551 0.2563092533940965 0.700616301850198 0.6936483239553146
115 0.0023096406963934745 0.24936019767609738 0.707403967167409 0.7004029437959969
116 0.0017673726498949128 0.24179604573459074 0.7034465151247756 0.6948417899815742
117 0.0017421799876800913 0.2645789620157436 0.7107753776068824 0.706173450437426
118 0.0019212625062323787 0.2517521127961463 0.7086420636151504 0.7020129267033565
119 0.0017967458891332984 0.24987358476450064 0.7139129284788588 0.7078932895859649
120 0.0018134481410613148 0.25265781791504965 0.7078550297967616 0.7006299888312549
121 0.0023942530808519344 0.25714151238273264 0.7155578001914551 0.7101943174418301
122 0.002269208709397468 0.2512388110021588 0.7119872358801855 0.7055030408136366
123 0.0018115533136516767 0.23358531374575678 0.7092371298133402 0.6996786796454169
124 0.0017507819833689254 0.24713505541723318 0.7050317242368981 0.6969305573931397
125 0.0016412266576893444 0.25029589396654495 0.7103688808789109 0.7032838479952265
126 0.0018488645722852862 0.26988572722660487 0.703174161759961 0.6980160378081672
127 0.002954301179087128 0.24755694005677523 0.7154496164658527 0.7088880038664239
128 0.003106785599278829 0.24858633799165433 0.7041295989781929 0.6965030023255969
129 0.0029461359432627417 0.25360236000024117 0.7043926492110945 0.6972520551460203
130 0.002981861665625521 0.25082685361416934 0.7042290366456494 0.697098721297507
131 0.0034992896613105957 0.26141548952395144 0.7153676709146883 0.7099026212285005
132 0.0027754387845869877 0.24929937448283576 0.7162432794620718 0.7102703451070886
133 0.0019207425412551085 0.24932863237701472 0.7134464906135298 0.7068148027070156
134 0.0016917464898549687 0.25201347270872004 0.7125708820661465 0.706478523329787
135 0.0015688142217529953 0.2560285112803316 0.7091925639119592 0.7028106946761903
136 0.0013218443388338264 0.2503286903059266 0.7110962520968257 0.7043203759684574
137 0.0012668080300979984 0.24645309791965953 0.7104860891995429 0.7031644306907575
138 0.001434972790523259 0.26856040668153375 0.712712211680901 0.7079053771117503
139 0.0012346153936462698 0.2540603120836614 0.7143130745658834 0.7085925869122196
140 0.0010279977431161202 0.2519546768491463 0.7092898846990999 0.7025904164447612
141 0.0012253350924424367 0.24883557845888563 0.7086664634461564 0.7013580162425095
142 0.0023079907476257293 0.278618659635786 0.7181774395820075 0.7150901530290927
143 0.0028260257390906192 0.25294346891339864 0.7085227384142025 0.7013221738281769
144 0.0025200300150176693 0.2531123645870948 0.7123985234425554 0.7055131601214353
145 0.0027054048578986616 0.25682923743268515 0.7186465514014194 0.7130332503589335
146 0.0020440229549381394 0.25370817727086226 0.7093296597660825 0.7028159031644743
147 0.0019948569150718444 0.2634278686818785 0.7036164783311675 0.6975036157675475
148 0.002145018665075466 0.2686533056673215 0.7126148908937603 0.7080729097697616
149 0.001537708788425581 0.24413217576063675 0.7071653167655139 0.698959873824741
150 0.001548530603246044 0.2574100777638609 0.7175211509767956 0.712052635023197
151 0.00146530890902066 0.2532369892763889 0.7078505174992469 0.7013935957443703
152 0.0016634721458939307 0.2520077337948961 0.710939268709211 0.7042043964037769
153 0.0013219072923721343 0.24696375176760582 0.7088101884781102 0.7013930458687808
154 0.0012507675898789678 0.2548864247821596 0.7160685254212815 0.7107609308615773
155 0.001239308900410164 0.2504056869753808 0.7136034740011445 0.7069313270665176
156 0.0012591659723019731 0.24227554866154882 0.7001124843350857 0.6904568328692333
157 0.0016092761873431297 0.2630699822247456 0.7095484226344866 0.7040062957501965
158 0.002871856005540336 0.2621424913843983 0.7150889669089269 0.7104981862992936
159 0.003741207310998422 0.2666421225407914 0.720399606839618 0.7164363245931032
160 0.002761852569605608 0.25813604972606385 0.7108817229890528 0.7046455961721689
161 0.002120549998334101 0.25142351542294133 0.7121773651569522 0.7058051574751518
162 0.0020872033541943337 0.2745977421147426 0.7201917069096757 0.7166503093431329
163 0.0019437784739885792 0.2515406628472965 0.7133557990042195 0.7070679767397998
164 0.0013518758314639008 0.26541032286691246 0.7185136893079274 0.7143284723486062
165 0.0011521152036409882 0.27083018210780413 0.7174346931281163 0.7135396867630697
166 0.0011080849543928094 0.2641444468008901 0.7192853478903394 0.7148904582038805
167 0.0011157127193538142 0.25987303231129677 0.7194733602867904 0.7145294983436232
168 0.0007989200161782721 0.26351892938204924 0.7120490153609749 0.7065673765989309
169 0.00081772050151422 0.26509445600352105 0.7122014864510746 0.707341980691018
170 0.0008016668756838813 0.25464835851991713 0.712891478019206 0.7067509070746862
171 0.0009396576733275742 0.27413636234155503 0.7129354868468198 0.708351487403045
172 0.001342864699093835 0.25690013491488767 0.7135923325257991 0.7076203213591049
173 0.0013171260885308613 0.2635119479704675 0.7181047971627564 0.7129906492637762
174 0.0015511724918523349 0.2546659660880402 0.7174614883763217 0.7117410831886333
175 0.0012698973952975695 0.2673256936304839 0.7101453271761085 0.705017831130786
176 0.0011628181873206027 0.25404765668385576 0.7140632826886429 0.7079757294176394
177 0.0009205704475067564 0.2728613674113533 0.7211489824713396 0.7180185234097513
178 0.0013216931413444998 0.2579592757763696 0.7207777485128359 0.7163849379501819
179 0.0013386107264528294 0.26238146214936303 0.7213547655209666 0.7172516543957885
180 0.0009099855774827119 0.25374088449667515 0.7161989920975744 0.7107452847947255
181 0.0022516806346093744 0.2778137209577352 0.7197759070497908 0.7170062554543116
182 0.0015479226150617229 0.27679571300998623 0.7164683929714225 0.7132230168759538
183 0.0010315440855245145 0.25372483641600424 0.7143263329215443 0.7086626061312096
184 0.0007405620193238222 0.2582324629690857 0.7132871118087161 0.7081277432227744
185 0.0009007075155229406 0.2648019636291983 0.7153188712526762 0.7109694594974982
186 0.000729577642068786 0.2606138079468364 0.7154803669378056 0.7104760031093889
187 0.0006966780268352041 0.25842329713034345 0.7163957505521715 0.7110707449318165
188 0.0011198079452774087 0.2653100280914485 0.708606522308799 0.7032862300154719
189 0.0012769435133791883 0.25615542746139214 0.7208883276556375 0.7162889469591512
190 0.0007770546709184937 0.2602751025488395 0.7157301588150461 0.7110553479449986
191 0.0008467489338229915 0.2635352594435125 0.717321997104999 0.7130229624495587
192 0.000774264324446885 0.2581510870042556 0.717127634067601 0.7113966878280462
193 0.0006352675104263709 0.2634321327661406 0.7211712654220301 0.7170046364498042
194 0.0006218393642978359 0.2643472005384863 0.7175054972039354 0.7132713349095567
195 0.0010811492576464745 0.2606752358393142 0.7183015556173535 0.7133114141375948
196 0.0007931146508868626 0.2552851742662175 0.7136321075927817 0.7078336004311486
197 0.0009403251039004208 0.25954946476251917 0.7152106875270737 0.7097821489317216
198 0.0008905760342032132 0.27212653628737105 0.7219537869429038 0.7187471476953378
199 0.000617335229107812 0.2583283784491738 0.7099597101968564 0.7040459393878282
200 0.0008258506015832028 0.2733862164142672 0.717611564049222 0.7137550752686652
201 0.001369498236160032 0.27943797742467125 0.7156105550772149 0.7122737325605243
202 0.003635744052905662 0.270829716171145 0.7012683566947788 0.6957660947004449
203 0.003836972447801455 0.2583966228931312 0.7122524029934025 0.7069280060577041
204 0.0022244493029325704 0.2526193163976951 0.7063825167077564 0.699248972799299
205 0.001596398952663391 0.2610278601402157 0.7163270633566681 0.7120272932583729
206 0.001657810823723242 0.25914582103396344 0.7158783961445147 0.7104698689579498
207 0.0018376576770245932 0.2534776474704294 0.7179655844283176 0.7122751118347974
208 0.0016066810449780929 0.2655104260482037 0.7224623952924146 0.7187516428522602
209 0.0010718497522564782 0.2573660130137178 0.7198072145955109 0.7148728182494035
210 0.0013213489389676577 0.2573787053320019 0.7084917094053661 0.7019342616840974
211 0.0016497870607943273 0.27548104790162903 0.7197029860936561 0.7167160295623771
212 0.00144895880733045 0.26329579664434355 0.7202802816386703 0.7158867396369064
213 0.0010896409204329371 0.25407100698495577 0.6931832108662364 0.6846279573330507
214 0.0020800823834233677 0.2608561478412233 0.7168887051288222 0.7122068794481601
215 0.0009510674816186515 0.2544308615789059 0.7125199655238187 0.7069271464823585
216 0.0006232610209475584 0.26424660532299077 0.7230306662423993 0.718992231524968
217 0.000632766738668199 0.26037312110914884 0.7190952186135726 0.7146094546595403
218 0.0006191540040886791 0.2700867928985998 0.716793501221997 0.7129752718559048
219 0.0005566627598466919 0.275751032098076 0.7227076748721404 0.7197785589725136
220 0.0004972769510460086 0.2523245605387275 0.7153721832122032 0.7092106917196432
221 0.0007100746332596444 0.25519214351965314 0.7167937797588807 0.7110522924674592
222 0.0009094483947454622 0.26060992705091973 0.7132407075639031 0.7078906147678137
223 0.0009087935341804766 0.2701394653829533 0.7105632439163088 0.7051068532971982
224 0.0017254326306707982 0.26785799125468973 0.7021662481928527 0.6946663632099559
225 0.0036384464226639126 0.2707009878020125 0.7184627727655994 0.7146827360328476
226 0.001954879100569482 0.2711551404647789 0.710357460866682 0.7060563793203067
227 0.0012651786359897403 0.26132755861961837 0.7181313138740781 0.7131232516022887
228 0.0008475271538797501 0.2577049195537698 0.7206981983788707 0.7160058952966741
229 0.000805654424640466 0.25674320210126333 0.7109458978870415 0.7042421866442207
230 0.0008537146113471969 0.26372104150195086 0.7147198498307388 0.7093177702570546
231 0.0006593535397352308 0.25815947513717175 0.7278284640629484 0.7237590105944096
232 0.0007201863247074422 0.26651587152886863 0.7220556200275596 0.7180860060365373
233 0.0007910047894737178 0.2665819155042048 0.7234374415072544 0.7196599219518519
234 0.0019902631004885697 0.2675462605339367 0.7186839310512027 0.7145148283040358
235 0.001634332295290896 0.25843626442763956 0.721268586209171 0.7168520039570405
236 0.0011355980281455857 0.2631632669449807 0.7158871422026608 0.7111784347052708
237 0.0012578100647417632 0.26684653442729084 0.7160992758932343 0.7121731497887731
238 0.0008310644188601025 0.2608426967845543 0.7180671389760895 0.7134546511055977
239 0.0016052769535107856 0.27594417557381395 0.710390606755834 0.7062117925458489
240 0.0013251876073032299 0.2578078705501063 0.7140057369684847 0.7083882394694976
241 0.0011805472191696346 0.2545308781927304 0.706795921150442 0.7000568690489661
242 0.0008027140273891913 0.26159950967983153 0.7201763316736991 0.7160086014020669
243 0.0009299389815435514 0.24839854005698705 0.7123476069002277 0.7059961168268534
244 0.0007581148883223736 0.26749878082453615 0.7240078293375545 0.720474791136321
245 0.0005223913019124054 0.2581679320148409 0.7214764861391133 0.7165894177783054
246 0.0005622583237638937 0.26703372511664 0.7244588919669072 0.7207719457528066
247 0.0005770893701778473 0.26039924602486264 0.7235459037697405 0.7189687490388529
248 0.0006385877951092888 0.2750344686191507 0.7156238134328758 0.7123297295034466
249 0.0009762945513224518 0.2601308200428169 0.7177576844983752 0.7125803091424145
250 0.0012204773548615978 0.273278463469629 0.7113921696819956 0.7072372313153223
251 0.000832644110671588 0.28693964038570713 0.725400513755711 0.7230508686516124
252 0.0012731378714677692 0.27159065056897436 0.7199816900994176 0.7162923230156403
253 0.0014107758035446065 0.27014163848097844 0.7185423228995647 0.7150303618364636
254 0.0009280811966024009 0.2657257607121231 0.7235368791747108 0.7200903109934986
255 0.0006659364348205149 0.265146141873364 0.7253432465724364 0.7218399936216136
256 0.001147993580889556 0.27032938422055547 0.7131057285900952 0.708538726075803
257 0.001565398722838524 0.2556848849037663 0.7158142212465262 0.7108192443623713
258 0.0010417534199265717 0.25826472844620807 0.7089316305593734 0.7028687172897774
259 0.0010149431782572986 0.25239012775647107 0.7103511102257353 0.703962690274144
260 0.0007520617903501482 0.2676719246693571 0.7186396436867052 0.7148974676796951
261 0.00040384994998525205 0.2663434074932718 0.7163535800679898 0.7121508981476088
262 0.00043686547089566614 0.2656776228353652 0.7154604794043142 0.7103763766924364
263 0.0005262054452292633 0.2644106888639774 0.7177775720318664 0.712680431760145
264 0.0010472860910841772 0.269071338054594 0.7197981900004813 0.7160487073744018
265 0.000992500515287383 0.2664793457866371 0.7181753227016919 0.7145455085360704
266 0.0010076068298337912 0.27351804211643727 0.7153806507334655 0.7118333555258896
267 0.0012806089040337625 0.28122027935178934 0.7215512454386799 0.7191107301130406
268 0.0005686694250581872 0.2689372304085398 0.725920263580567 0.7226721556884099
269 0.0004616627232541018 0.279768464642058 0.7252501595459269 0.7229417739624516
270 0.0004751917912877426 0.27076893435204025 0.722491028884052 0.7194077953011822
271 0.0006445759482655068 0.2726065344311609 0.7174964726089057 0.7143547864816193
272 0.0006512826680490216 0.2738673265680892 0.7198467111256099 0.7167921234411052
273 0.0016510316466862966 0.2654207198742772 0.7193781563799653 0.7153204592522773
274 0.0008361004760597151 0.2645888389817825 0.7177088848363631 0.7136106722207595
275 0.0006486204672242687 0.27023072786170454 0.7216265618120138 0.7184338780148418
276 0.0006131561162312814 0.2687377706903578 0.7142398750728652 0.7101882874202543
277 0.0008268701466139269 0.2795524374384047 0.7243811801763741 0.7223953413530266
278 0.0008380415889513725 0.2717148055024563 0.7152170381680205 0.7116772232055532
279 0.0005578620197786521 0.27720925089076903 0.7270697852993135 0.7247478608780118
280 0.00045332927890888745 0.27523773412324143 0.7255553802630103 0.7227101751498376
281 0.0005643201351583002 0.2748145891632279 0.7252878177325939 0.722627876332669
282 0.0007088837171262422 0.28780436217436783 0.7194706863327076 0.7172349392600961
283 0.0009956763884712912 0.26760915689072146 0.7215934159228619 0.7182960017764839
284 0.0009887969395649726 0.26517500193911125 0.7203643440701502 0.7156629072475155
285 0.0007987061926279529 0.28332318580152593 0.7266253518477914 0.7244421110205188
286 0.0006337266016320416 0.29118322725389906 0.7242395720247359 0.7226938852736112
287 0.0005851137175796493 0.27041424070676856 0.7140165999069464 0.7097564314655331
288 0.0007307948939817857 0.27992686846609127 0.7201052490609965 0.7177923332780937
289 0.0007438416660933834 0.29179091304764415 0.7239012054185006 0.7226831179534293
290 0.0009389227093855223 0.2716943310235232 0.7255686386186709 0.7227622406360146
291 0.0009524833199533088 0.2702060535875839 0.7086550434339275 0.7041882388676595
292 0.0008668915772538961 0.2626735942502581 0.7175298970349414 0.7127636929748324
293 0.0007800766429037596 0.27740864822945294 0.718683652514319 0.716112223585901
294 0.002320945501980852 0.267701595032054 0.7152414379990267 0.7112135647053242
295 0.001487644208485391 0.2767857806662297 0.7148720423839549 0.711822721904187
296 0.0012215608716425043 0.27106950932704366 0.7158582300741397 0.7122439699244559
297 0.0008044808599532558 0.2746895469132119 0.7205674531656943 0.7176861134570155
298 0.0005276757263306688 0.28575774876597565 0.7248786470505395 0.7228920225626319
299 0.0004968351330720658 0.2747852943505705 0.7222388415896123 0.7198633977598852
300 0.0010525183302403204 0.2783969336194147 0.7256900806999342 0.7236586163314689
Warning: You are sending unauthenticated requests to the HF Hub. Please set a HF_TOKEN to enable higher rate limits and faster downloads.
TRAIN_CSV=training_data/AV/train.csv, DEV_CSV=training_data/AV/dev.csv, MODEL_NAME=microsoft/deberta-v3-xsmall, MARGIN=1, DIST_LOWER=0, BATCH_SIZE=640, MAX_LEN=50, LR=1e-05, EPOCH=300, DEVICE=cuda
torch.Size([640, 50])
cuda
Loading weights:   0%|          | 0/198 [00:00<?, ?it/s]Loading weights: 100%|██████████| 198/198 [00:00<00:00, 36164.09it/s]
[1mDebertaV2Model LOAD REPORT[0m from: microsoft/deberta-v3-xsmall
Key                                        | Status     |  | 
-------------------------------------------+------------+--+-
mask_predictions.LayerNorm.weight          | UNEXPECTED |  | 
lm_predictions.lm_head.LayerNorm.weight    | UNEXPECTED |  | 
mask_predictions.classifier.weight         | UNEXPECTED |  | 
mask_predictions.dense.bias                | UNEXPECTED |  | 
mask_predictions.classifier.bias           | UNEXPECTED |  | 
mask_predictions.dense.weight              | UNEXPECTED |  | 
lm_predictions.lm_head.dense.weight        | UNEXPECTED |  | 
lm_predictions.lm_head.dense.bias          | UNEXPECTED |  | 
lm_predictions.lm_head.LayerNorm.bias      | UNEXPECTED |  | 
lm_predictions.lm_head.bias                | UNEXPECTED |  | 
deberta.embeddings.word_embeddings._weight | UNEXPECTED |  | 
mask_predictions.LayerNorm.bias            | UNEXPECTED |  | 

[3mNotes:
- UNEXPECTED[3m	:can be ignored when loading from different task/architecture; not ok if you expect identical arch.[0m
CustomBERT(
  (encoder): DebertaV2Model(
    (embeddings): DebertaV2Embeddings(
      (word_embeddings): Embedding(128100, 384, padding_idx=0)
      (LayerNorm): LayerNorm((384,), eps=1e-07, elementwise_affine=True)
      (dropout): Dropout(p=0.1, inplace=False)
    )
    (encoder): DebertaV2Encoder(
      (layer): ModuleList(
        (0-11): 12 x DebertaV2Layer(
          (attention): DebertaV2Attention(
            (self): DisentangledSelfAttention(
              (query_proj): Linear(in_features=384, out_features=384, bias=True)
              (key_proj): Linear(in_features=384, out_features=384, bias=True)
              (value_proj): Linear(in_features=384, out_features=384, bias=True)
              (pos_dropout): Dropout(p=0.1, inplace=False)
              (dropout): Dropout(p=0.1, inplace=False)
            )
            (output): DebertaV2SelfOutput(
              (dense): Linear(in_features=384, out_features=384, bias=True)
              (LayerNorm): LayerNorm((384,), eps=1e-07, elementwise_affine=True)
              (dropout): Dropout(p=0.1, inplace=False)
            )
          )
          (intermediate): DebertaV2Intermediate(
            (dense): Linear(in_features=384, out_features=1536, bias=True)
            (intermediate_act_fn): GELUActivation()
          )
          (output): DebertaV2Output(
            (dense): Linear(in_features=1536, out_features=384, bias=True)
            (LayerNorm): LayerNorm((384,), eps=1e-07, elementwise_affine=True)
            (dropout): Dropout(p=0.1, inplace=False)
          )
        )
      )
      (rel_embeddings): Embedding(512, 384)
      (LayerNorm): LayerNorm((384,), eps=1e-07, elementwise_affine=True)
    )
  )
)
1 0.25309500776901606 0.24493697376655416 0.5000066291778305 0.3380212510125847
2 0.2446152441055623 0.24019146236099506 0.5005107252298264 0.3388492828039905
3 0.2396921094288526 0.23683243141575328 0.5018792883538604 0.3421598727500544
4 0.23479052628060823 0.2334216923222764 0.5022197718404113 0.34290947237566244
5 0.22969709951875955 0.23024709845711108 0.5042759311153775 0.34797909422245654
6 0.22398900390598503 0.22657056732406883 0.5073469116721661 0.3549160708924458
7 0.2196725884597536 0.22355852806566157 0.5093765542358106 0.3587361569226154
8 0.2156194180365526 0.2203759992737295 0.5119368095627729 0.36447129491879404
9 0.2115522927737325 0.21725394422256467 0.5155317737050487 0.3728423906009154
10 0.20706176509414892 0.21436953596334396 0.5165731116981926 0.3757879612865103
11 0.20287850911963223 0.21259339178382267 0.5169069660069131 0.3762275472292662
12 0.2001038247629991 0.2098374591931146 0.5196507214328117 0.38266308670975313
13 0.1956077429129005 0.2087138949501958 0.5247977487980576 0.3946052884844994
14 0.19261756804237548 0.2064266545375122 0.5254787157711595 0.39597526129784194
15 0.18925678269871668 0.2051203100903691 0.5317842894501816 0.4087486905356321
16 0.18642497034220878 0.20385020685856317 0.5350387701059065 0.41578789767971874
17 0.18253096303231542 0.2026588532874128 0.5357396246124995 0.41780824259316973
18 0.17994023849420512 0.20311197032320585 0.5440947283886575 0.4341869454927948
19 0.177249351691627 0.19989533585895786 0.5423790526002421 0.43052790631740984
20 0.1737599816012002 0.19781025657863863 0.5469954672021705 0.4398302359028523
21 0.17045219533717637 0.19804480794712156 0.5527571697622141 0.44971183042396523
22 0.16767039604505787 0.1973594514034277 0.5497392226280691 0.44552380528790075
23 0.16431315844023542 0.19565118884833413 0.5601040814343803 0.46382824069137374
24 0.161501692055802 0.1952226404234302 0.5603207274224686 0.46550215470884027
25 0.1595612334708283 0.19335369846567416 0.5651073837676726 0.4745227308653251
26 0.1571382826111085 0.19332607516895525 0.5673470431415751 0.47913937723586497
27 0.15322908813346292 0.19370324261972627 0.5676941558059565 0.4799156073442348
28 0.15079583518994905 0.19248799642775785 0.5759453096171432 0.4960354729416917
29 0.1464733872698085 0.1921369990860105 0.5764096306021567 0.49570278948636237
30 0.14377840694364977 0.1917291211898908 0.582911962735776 0.5073799629634099
31 0.1408075906647074 0.19146097273295895 0.5836459631315212 0.5097986383429163
32 0.13870574815381181 0.18956203069230182 0.584654155235513 0.5111599215766545
33 0.13595312771470985 0.1909322154635323 0.5906921663841189 0.5227103297605309
34 0.1331524296425809 0.1904913235363132 0.5947845974005601 0.5293907699052367
35 0.13005026022552932 0.18890352852253411 0.5949283224325139 0.5290747709920642
36 0.12765827468062294 0.18960846904599962 0.6069910863740648 0.5507199082750865
37 0.12510618197349987 0.18909516852506308 0.6124321929810488 0.5588590806836115
38 0.12311410084563554 0.18781008084668116 0.6011299461465648 0.5403048360859634
39 0.11971904256601468 0.18892335883767064 0.6065400237447123 0.5511174425675659
40 0.11722472907449533 0.19123074018993025 0.6124918555815226 0.5599913235077039
41 0.11508416710345638 0.1880247197882393 0.6114306300548874 0.5576981835275157
42 0.11191979954635399 0.19052238598025822 0.624468440211278 0.5786607393947261
43 0.11064596241351833 0.189380994567922 0.620946397025137 0.5743700770043387
44 0.10761833197817902 0.19287815154464064 0.6211630430132253 0.5754182472058609
45 0.10586932205461289 0.19252947752093424 0.6338537405052348 0.5949053712776238
46 0.10387162610581757 0.19467987895668318 0.6347579826442554 0.5969034883996904
47 0.1019040909395831 0.19041640448606056 0.6329760150775358 0.5932990565645194
48 0.10032891628603616 0.19665276425401576 0.6238426235411352 0.5812083383061806
49 0.09836558683630191 0.1935166400799305 0.6407562187258787 0.6057344714973971
50 0.09563038762543881 0.19381644485909016 0.6381628175097644 0.6016350667164129
51 0.09336462360005758 0.1949177440768706 0.6441477952357268 0.6102090597697348
52 0.09122926469641467 0.19448330078939752 0.6409463480026454 0.6062521719867782
53 0.08958525151026188 0.19420082541672154 0.6437874242156847 0.6094638647084666
54 0.08751644684722186 0.19581530039644232 0.6559673964778676 0.6269918806832001
55 0.08560981146054102 0.19554469240501451 0.651200627666155 0.6206364395388907
56 0.08454091501568883 0.19642239294843006 0.6491842434581713 0.6182461989204291
57 0.08295354907654028 0.19958802326163563 0.6563365135560559 0.6296723231086958
58 0.08039180926181592 0.20083808485184212 0.6604620904616493 0.6354609579992684
59 0.07970174704490529 0.20334861967970608 0.6535285832321687 0.626926336463981
60 0.0778059013603229 0.19780392124042992 0.6543445291790783 0.6257382804743352
61 0.07662977384157335 0.20128658325867482 0.649854068955928 0.6209882435303383
62 0.0753751570256519 0.20349003782102068 0.6607317698723811 0.6368180738233112
63 0.07421104805266741 0.20363922157332154 0.6629117666458099 0.6392890368618936
64 0.0728058637156654 0.20107761066703472 0.6625315080922763 0.6384031983816469
65 0.07235605877215026 0.20271082559372652 0.6611695741460728 0.636646888919315
66 0.07074593895661462 0.20316435637108854 0.6593366900370254 0.6346845917316493
67 0.0685475232851892 0.2044262299648255 0.6645102341135931 0.6419810530631538
68 0.06643036782075272 0.20947800433717267 0.6700064910235362 0.6509041999035935
69 0.06583822225043455 0.20611371123569946 0.6668294436214608 0.6459177199364913
70 0.0650995993533985 0.20584285563585578 0.6670771186183857 0.6453701701776979
71 0.06453402413346594 0.20551771586911619 0.6606543366187316 0.6376371984846827
72 0.06358309995807666 0.20520500617215853 0.6690094403948895 0.6483619955015996
73 0.06235068824957676 0.20308899748172185 0.6662060223685171 0.6440765396309716
74 0.05937578984919399 0.2061006841050073 0.6659450890159314 0.6444939692472103
75 0.059909230112076425 0.21079244411550618 0.6690823613510242 0.6491092515183678
76 0.05791896266624689 0.21000006854106484 0.6753038725985663 0.6576372868972156
77 0.056968312607967954 0.2139550471134781 0.675834485361884 0.6584536474164133
78 0.05713437127337349 0.20592401008981506 0.6735661923963441 0.6537272301821585
79 0.054945519323852346 0.211413356272422 0.6732410841457697 0.654922208153378
80 0.05440253998907828 0.20712640546865224 0.6710191954250428 0.6505906631419789
81 0.05451540334073851 0.2090983410699527 0.6738093550957542 0.6546673626087807
82 0.052820028705180856 0.2122846170874484 0.6789762699944917 0.6615663321180092
83 0.051657200187365984 0.21228378451210658 0.6833648971329864 0.6679651298664668
84 0.0522459086247827 0.21473712752463323 0.6803469499988414 0.6646519913324148
85 0.04998539738081878 0.21303292281954272 0.6687286195088125 0.6485472381538091
86 0.04999438749399673 0.21072445173564308 0.6835860554185897 0.6673229319856655
87 0.0492027806281802 0.21593205836904122 0.6825335759501004 0.6671063427982498
88 0.04766735680234487 0.21385295479002847 0.6814723504234652 0.6655134776505958
89 0.046952266232199676 0.21578106624782134 0.6808576752286677 0.6652725622320961
90 0.046174824205480046 0.21457765815692853 0.6753303893098881 0.6578871879900892
91 0.04620856833053438 0.21543917885889657 0.6791353702624219 0.6630239447888777
92 0.0463126512407476 0.21742941775068145 0.6819321591109637 0.6669723429504546
93 0.0442255272541171 0.21673120848427985 0.676758615034396 0.6601728643595808
94 0.04379744840738626 0.21760318220785577 0.6790314202974506 0.6634072403626651
95 0.043199913781963056 0.21573239432617677 0.6852110395976947 0.6700044800180089
96 0.04264867622721313 0.21760450363477443 0.6814214338811374 0.6663546995045679
97 0.042271201993425246 0.217271945163441 0.6780696324382718 0.662692908632506
98 0.041198579705201806 0.2183958461283444 0.6874064116070998 0.6737477116580197
99 0.04022793158674811 0.21589888775267108 0.6842558809163461 0.6693400640726671
100 0.04025872209174491 0.21905332985732703 0.684408352006446 0.6706229241620065
101 0.04036016351764481 0.216829782094817 0.6836412057215486 0.6690838701786402
102 0.0391717200832438 0.2180328763786429 0.6844791560822651 0.6699971758655854
103 0.03898075591792066 0.21670041847324484 0.6834643348004428 0.6688223088427134
104 0.038660328540788894 0.21836711336769526 0.6831437388473832 0.6685808547319613
105 0.037537199359931474 0.21771364038582935 0.6832940930571674 0.6686169759242078
106 0.03714108780186536 0.2160386935749178 0.6807272085523748 0.6654148385472676
107 0.03750290351619002 0.21638925426017855 0.685277331375999 0.6705735430417118
108 0.03570520465998351 0.2215426645671985 0.6843818352951243 0.6704034883319401
109 0.035439705014664376 0.21956295762618236 0.6866082363133661 0.6731621755838125
110 0.03535978204929824 0.2227363541868997 0.688737316544467 0.6762797072592877
111 0.03523597954297874 0.22312135535688446 0.6938777147318826 0.6825575060589375
112 0.03508212572154427 0.2235273389531439 0.6869553489777473 0.6736225443938455
113 0.03446246620042708 0.22430068687109245 0.6937074729886071 0.6823575550073877
114 0.03376364690696943 0.22203854975071013 0.6890579124975267 0.6765280318601476
115 0.03279488087476682 0.22168142648764053 0.6854231732882683 0.6717913739625704
116 0.03301354660008236 0.22155418122290133 0.6903402963097651 0.6775198883303682
117 0.03241786490869096 0.22417568281260591 0.698087354068956 0.6872069896946338
118 0.031644568939921056 0.22204861258219225 0.6932476643011087 0.6810554278786145
119 0.03136308045806956 0.22172154605279237 0.6936146644989812 0.6816605100278648
120 0.03130062645985758 0.22312554369461313 0.6933404727907346 0.6817595720205349
121 0.030792448035336324 0.22599262763955408 0.6947753276930728 0.6838954444286809
122 0.030052411514413048 0.223570275143592 0.6904529923328824 0.6783969920508222
123 0.030216464998752867 0.22511381890525925 0.6932033769366113 0.6818067349378265
124 0.0295782499779445 0.2216519814549673 0.6805193086224324 0.6661431076931066
125 0.029027963475536232 0.2203064442237868 0.6849699937786002 0.6704442695621703
126 0.02975375374677156 0.22376538802919813 0.6936345520324725 0.6818113655778928
127 0.02870238138229281 0.22355112081852657 0.687368753420433 0.6746112574511387
128 0.02855996116475621 0.22217050339450387 0.6920626012760108 0.6796958748560766
129 0.028038888868899013 0.22460846222244638 0.6853457400346188 0.6723396174946914
130 0.028027211360974864 0.22733765883296952 0.6968115994345478 0.6862348100704927
131 0.027424633755239024 0.22384080802501194 0.6948527609467223 0.6834133884442337
132 0.02708241788004887 0.22296346266282016 0.691932134599718 0.6798011180617469
133 0.026419110655745794 0.22421478902917663 0.6883703163465944 0.6756677144074663
134 0.02633033573112133 0.22389754154199593 0.6911981342039728 0.6785832433613171
135 0.026314448237363067 0.22764161057570095 0.6925224099635094 0.6810061273390344
136 0.026190752438516006 0.22642695062370943 0.6918547013460685 0.6803042706335097
137 0.025624167956677324 0.22509513560905692 0.6901257672019923 0.678096335816341
138 0.02526169089234626 0.23170345032054 0.6908022218775793 0.6799350070378869
139 0.025679204612566058 0.22413446524098266 0.6865109155262252 0.6735463111049965
140 0.024750821692111354 0.2263012024669243 0.6898515754937457 0.6781987005169356
141 0.024312998198593498 0.2288177136326202 0.698796954633695 0.689196659938116
142 0.02466623026620107 0.2286947986507941 0.6975389706524626 0.6873564447153648
143 0.024153865798615136 0.22241729960385098 0.6987219167972447 0.6876677407203428
144 0.023936310298483462 0.2204616819700295 0.6944393565040369 0.6824638907404452
145 0.02376958844596422 0.22401786586507502 0.6907537007524507 0.6784935406431771
146 0.02327489052512981 0.230603177818376 0.6978086500631945 0.6882405516278258
147 0.023504838952796356 0.2282552007798975 0.6984034377245006 0.6884378472159083
148 0.02247010478622182 0.22113472429158074 0.6944128397927151 0.6822614952773225
149 0.022517054107614128 0.22850493901006252 0.6936565564462793 0.6830292635541254
150 0.022534266694799646 0.22833987458329477 0.693439910458191 0.6824944270078661
151 0.021564582570375482 0.22495424833000155 0.6880563495713651 0.6754720841948381
152 0.02161146635964884 0.22900944593134537 0.6961770367062591 0.685771007534461
153 0.02215971704528641 0.22979593810067636 0.7004794845329582 0.691030345349277
154 0.021798822963711703 0.2264092151139627 0.6964445992366752 0.6856467162046992
155 0.021059967176668318 0.22936866781895773 0.695719344899076 0.6855506876877093
156 0.02111726110269523 0.2244020064525964 0.6953502278208878 0.6839152516070961
157 0.020656765238255412 0.22854615212600737 0.6966811327582549 0.686319054819057
158 0.02076163167042355 0.22937561040248453 0.6903490423679112 0.6787001172536156
159 0.020326361497317993 0.22983009724113354 0.6914168970723769 0.6802465766520485
160 0.020321942503871558 0.23508132560293324 0.6936520441487645 0.6839955495972548
161 0.01991702435361025 0.22530773066726448 0.6979635165704934 0.6873415894915673
162 0.01965759611507532 0.22850256731608426 0.6936300397349576 0.682838038841294
163 0.020140456346028086 0.2231139933030593 0.6943155190055743 0.6826140535254973
164 0.019865843173594456 0.2297411358020311 0.6964976326593186 0.6860266311150058
165 0.01935810273960548 0.2295771859313975 0.6905259132890169 0.6789504134960386
166 0.019165938762086165 0.22944197964234642 0.6967076494695766 0.6865059343027894
167 0.01892638817988545 0.22881747684513767 0.6971785996324205 0.6868201861403559
168 0.019059896710613887 0.23019906497053366 0.697768874996212 0.6879684193459112
169 0.018826163703891684 0.22875200765231962 0.6973554705535263 0.6870652010046148
170 0.01846082497836755 0.22861363210285046 0.6968712620350216 0.6866574093765507
171 0.018278716239519342 0.23004277441112939 0.7013108057158443 0.6918798610809842
172 0.018495961949884194 0.22780616514555066 0.7035350898537704 0.6935565436451814
173 0.018042138769688458 0.2267005942052023 0.6952263903224254 0.684058129588
174 0.017756811406304227 0.227345646591352 0.6986908877884083 0.688463792285041
175 0.0175271541903334 0.22442692324292893 0.6934709394670274 0.6816607450663101
176 0.01753550854363352 0.23035410412082324 0.6946316026611191 0.6838882440106938
177 0.01714822314769915 0.2288039175791353 0.6946183443054582 0.6837924185612005
178 0.017440920994232865 0.22693330665154268 0.6959869074294922 0.6854309596675803
179 0.016865545039678395 0.2283086721037418 0.699758742492874 0.6899718062129795
180 0.017111399694422807 0.23304727529815059 0.6924272060566843 0.6823839615265986
181 0.01693240333447834 0.22429123955975983 0.6996261589362653 0.6890450361930742
182 0.016998419552762226 0.22346805042284032 0.6960245656161592 0.6846663630282617
183 0.016382014661303942 0.23200812324665235 0.700001905192284 0.6906634347972408
184 0.01657354483680158 0.2317905161867312 0.7007093888767076 0.6916252494743066
185 0.016033999823206038 0.2277293161500103 0.6945785692384756 0.6835028163603893
186 0.016222051103954374 0.2314424920555508 0.6960797159191183 0.6860852822391283
187 0.01571801294143865 0.22761736022755716 0.6952860529228992 0.6844927675787837
188 0.015244064578417305 0.2320247505655198 0.6995044383181186 0.6901628760043668
189 0.015401754193664248 0.23249269673566916 0.7024184354872925 0.6936267068016311
190 0.015379664215946519 0.22854915843589982 0.6929225560505341 0.6818477657142523
191 0.015524167527736055 0.22867176215676102 0.6905988342451517 0.6794928669621816
192 0.01508896044589795 0.22800197820919654 0.6969818411778232 0.6864334547720705
193 0.014955750570168557 0.23163053950821041 0.7008796306199829 0.691821284636517
194 0.014868501544287652 0.22653712172868673 0.6921686681212977 0.6805059058277942
195 0.014530150757440371 0.23096580766346544 0.7044613364065979 0.6959698891250561
196 0.01485974135845808 0.2315177771079606 0.7088743633760988 0.7009432969096567
197 0.014534282666213847 0.23002993441893146 0.7048991406802896 0.6960862255129874
198 0.014319323938826043 0.22973544462761894 0.7035570942675772 0.6946504433611556
199 0.014521429625234724 0.23051995974877593 0.6993474549305039 0.6900553153542079
200 0.01428048844336256 0.23122940687271543 0.7030728857490727 0.6942364075004168
201 0.014460325128964948 0.23191975313973073 0.7020713228229111 0.6931922518060528
202 0.014099394908988242 0.22902277031944168 0.6984034377245006 0.6884378472159083
203 0.013367170820583618 0.23255953000261373 0.7014235017389615 0.6926260688473678
204 0.014359439716960796 0.22735728864257648 0.7039219775851342 0.694268590193776
205 0.013929320844499781 0.228782840947088 0.6946382318389495 0.6839360242026387
206 0.0140369162952633 0.22871000715434284 0.6970481329561276 0.6869018764915187
207 0.01374076379862181 0.22986070902503117 0.7086444590323495 0.7003781547209601
208 0.013331055990483452 0.23027036600989728 0.696891149568513 0.6867967083694945
209 0.013029532551062512 0.23043591674213992 0.703910836109789 0.6951280587264326
210 0.012809016543877123 0.22994190485314736 0.7030264815042596 0.693932058370587
211 0.012896423569611537 0.22792530298511512 0.6962809866712302 0.6854955117321901
212 0.012693423617314367 0.22939526630963664 0.7064313163697686 0.6978446415324717
213 0.013016057649259219 0.23096476503471172 0.7024892395631115 0.6931670404161419
214 0.012776562809896716 0.2287964352219924 0.7004728553551279 0.6909856083438689
215 0.012863722059017143 0.2310677211232522 0.6990645171641112 0.6890905360300967
216 0.012613926701283 0.2378770868666439 0.7061658707196681 0.6987809604096372
217 0.012794220576482792 0.23113336536058018 0.7021620144322215 0.6928626824732596
218 0.012367098379664702 0.22914843700096402 0.7019188517328113 0.69217334352463
219 0.01238230596690776 0.23079349575746086 0.7032940440346758 0.6938390557552001
220 0.012261692903124897 0.23361641947343514 0.7071918334768357 0.6991253638402702
221 0.011990227971999659 0.23129800013264173 0.7062080412038497 0.697306695743046
222 0.011968857700476378 0.2337331544292723 0.7048482241379618 0.6966531710592219
223 0.012012682822516274 0.22943622672496167 0.7024362061404682 0.6928098788443616
224 0.012054250588168829 0.23310274021983166 0.7083702673241028 0.700402143219106
225 0.011677148976667709 0.23162568218219107 0.7066744790691788 0.6985010612314921
226 0.011860082451636457 0.2313267653560909 0.6983968085466703 0.6883918630773553
227 0.011544402599662464 0.23021795768362244 0.7009703222292933 0.6914864079895393
228 0.011370461458787772 0.23131757838368397 0.7016844350915473 0.6924944528387729
229 0.011260508391289887 0.22892405158109266 0.6979966624596455 0.6875774087790663
230 0.011268667140098616 0.23137983630540154 0.698096100127102 0.6882718429636533
231 0.01131456087084344 0.22919814200347996 0.7052064782776883 0.6962617246121244
232 0.011078656325657495 0.23111954766522858 0.7018480476569922 0.6926466517966168
233 0.011083795068422964 0.22931453323555215 0.6986267128904196 0.6889996651488006
234 0.010919292752030263 0.2291152994839194 0.7036875609438702 0.6945851421112572
235 0.011170612714770423 0.2330740157340139 0.6977755041740423 0.6880139893856758
236 0.010618314821356238 0.22812465067481072 0.7025401561054394 0.6925534867677561
237 0.010777385622177784 0.23007023539384816 0.7058874452507902 0.6970446526935252
238 0.010387463416635087 0.23238997297893277 0.7025687896970767 0.6936926890578645
239 0.01056262752329549 0.2315133252486788 0.7032033524253655 0.6941717823502812
240 0.010467577333349923 0.23641431309753957 0.6966633621050793 0.687177952372421
241 0.010263431013154427 0.2305493035738961 0.7064114288362773 0.69771692648163
242 0.010068546594519633 0.23211349494942993 0.7048792531467982 0.6959567314934141
243 0.010289252936372156 0.22738101449371598 0.6943950691395394 0.6832058899269613
244 0.010014958941927436 0.2306343987571682 0.7032232399588567 0.6943022682680668
245 0.010341758679382812 0.23036741641493527 0.7032874148568454 0.6937944533021705
246 0.010185849566115176 0.22870651008329704 0.7060775745275569 0.6973688745835087
247 0.010026130598472781 0.22854867340347593 0.6976893248622468 0.6874148488247213
248 0.009888293633769599 0.23281987529355538 0.7026793688398782 0.6934958510660785
249 0.009847991339649689 0.22875443154138814 0.7086113131431974 0.7001691275479407
250 0.009693570315645956 0.23091116322314184 0.7016380308467343 0.6921840079714737
251 0.009483116020131844 0.23019408988729853 0.7012312555818792 0.6913384181198532
252 0.009195914611075353 0.22837713042026406 0.7051667032107058 0.6960002941165521
253 0.009497927298909982 0.22871787206330563 0.7022725935750231 0.6926578329119842
254 0.009473555819349921 0.23582411902427833 0.7034597734804365 0.6949269041820889
255 0.009339131378503921 0.23282640604508972 0.6987638087445429 0.6889700023299161
256 0.009417159453929775 0.23869460328839048 0.710238414202618 0.7033227201749556
257 0.009383937395098102 0.23116043933580063 0.7069022665326125 0.6981749799768155
258 0.009205509292118991 0.23417411191861698 0.7094182344950772 0.7017271189552052
259 0.009375150200341116 0.22385182564473005 0.6944459856818671 0.6825142630655594
260 0.009060915328139909 0.23166689211550845 0.7052197366333492 0.6963482036192574
261 0.008988582617431923 0.23140493450549893 0.7067519123228283 0.6981075831479433
262 0.008745367023399156 0.23167215618131634 0.7079767504149085 0.6996829764256491
263 0.008879233315682456 0.23576889216313074 0.7073885919314327 0.6994834991887695
264 0.008550351475839595 0.23048599729469538 0.7004065635768235 0.6905335567637834
265 0.00870432342413654 0.2311535788640621 0.7026727396620479 0.6934518207370965
266 0.008691389248563719 0.22971885422722996 0.7065949289352136 0.6979973716911303
267 0.008712437150878818 0.2323198819745269 0.6991904715428894 0.6899476387686565
268 0.008545485340823996 0.23223790003742972 0.701828160123501 0.6925140589573382
269 0.008510329329803194 0.23349779849256913 0.7096592803141719 0.701503676129511
270 0.008682197980760333 0.23183902388479918 0.7065882997573832 0.6979548655989837
271 0.008268005323622207 0.232084541950961 0.7022150478548649 0.6932141827850526
272 0.008360250690577366 0.23334127369178428 0.7010167264741063 0.6917975564146115
273 0.008348958628035245 0.23517281595781014 0.7005590346669234 0.6915605908413595
274 0.008270996203320944 0.23130482750505474 0.7023057394641752 0.692881607953408
275 0.008124189296964323 0.2326722083814988 0.7059007036064511 0.6971306027449016
276 0.007947346643467816 0.23201932545876275 0.6999886468366231 0.6905743188123467
277 0.008211420009990325 0.23430559135092016 0.7087438966998059 0.7009931076316136
278 0.008004368483552331 0.23077045480774935 0.7042380612406791 0.6954330715063993
279 0.00773224124936737 0.23378342848557693 0.7009061473313047 0.6919958127544439
280 0.007844180893985121 0.23482520111252028 0.7062167872619958 0.6982484365740663
281 0.007985763157715963 0.23300909268006684 0.7012776598266921 0.6916557478230327
282 0.007717885976416784 0.2389495037402849 0.7048370826626166 0.6974358293032896
283 0.007495616137651512 0.23308339302754255 0.7115982312685059 0.7040412916754
284 0.007804064986476616 0.23048558737227937 0.7029601897259553 0.6934901543942373
285 0.007538495263707313 0.23515723890600232 0.7106099266980055 0.7030807299533754
286 0.007875131009538667 0.23233998599562444 0.7004861137107887 0.6910749975098882
287 0.00756804498815245 0.23158103373817304 0.7078131378494635 0.6995300332750163
288 0.007409445064671499 0.233122720754984 0.7088876217317597 0.7010247591817804
289 0.007503436981620412 0.23619981419158942 0.6995309550294402 0.6903402215369021
290 0.007838230496941887 0.23652258608350368 0.7102450433804484 0.703360989674735
291 0.00742452741812052 0.23258595090268072 0.705993512096077 0.6977230394907838
292 0.007252955718741327 0.2341910135799709 0.7068447208124542 0.6986954559957818
293 0.007396822873906858 0.2306832336293384 0.7056045074843975 0.6961038764343322
294 0.007288537882595906 0.23311447774987976 0.7022216770326953 0.6932577429888005
295 0.007017692718596248 0.23359748029398555 0.7040479319639122 0.695107742422084
296 0.006997820735301157 0.23370887098180299 0.7049654324585938 0.6965124996345544
297 0.007147422080248184 0.2335426487151677 0.7054363826214376 0.6968434808993352
298 0.007096634774314501 0.23169304822097134 0.7062544454486628 0.6976068873335446
299 0.0070569214563666795 0.23548692219169434 0.7093142845301059 0.7019324167255806
300 0.006946025060140262 0.23258884200145938 0.6993739716418257 0.6902322522951956
