Job is using 1 GPU(s) with ID(s) 0 and 8 CPU core(s)
torch cuda is available: True
TRAIN_CSV=training_data/AV/train.csv, DEV_CSV=training_data/AV/dev.csv, MODEL_NAME=microsoft/deberta-v3-xsmall, BATCH_SIZE=100, MAX_LEN=100, LR=2e-05, EPOCH=200, DEVICE=cuda
torch.Size([100, 100])
cuda
Loading weights:   0%|          | 0/198 [00:00<?, ?it/s]Loading weights: 100%|██████████| 198/198 [00:00<00:00, 45124.55it/s]
[1mDebertaV2Model LOAD REPORT[0m from: microsoft/deberta-v3-xsmall
Key                                        | Status     |  | 
-------------------------------------------+------------+--+-
lm_predictions.lm_head.dense.bias          | UNEXPECTED |  | 
deberta.embeddings.word_embeddings._weight | UNEXPECTED |  | 
mask_predictions.LayerNorm.weight          | UNEXPECTED |  | 
lm_predictions.lm_head.LayerNorm.bias      | UNEXPECTED |  | 
mask_predictions.classifier.bias           | UNEXPECTED |  | 
mask_predictions.classifier.weight         | UNEXPECTED |  | 
mask_predictions.dense.weight              | UNEXPECTED |  | 
lm_predictions.lm_head.dense.weight        | UNEXPECTED |  | 
mask_predictions.LayerNorm.bias            | UNEXPECTED |  | 
mask_predictions.dense.bias                | UNEXPECTED |  | 
lm_predictions.lm_head.bias                | UNEXPECTED |  | 
lm_predictions.lm_head.LayerNorm.weight    | UNEXPECTED |  | 

[3mNotes:
- UNEXPECTED[3m	:can be ignored when loading from different task/architecture; not ok if you expect identical arch.[0m
Warning: You are sending unauthenticated requests to the HF Hub. Please set a HF_TOKEN to enable higher rate limits and faster downloads.
CustomBERT(
  (encoder): DebertaV2Model(
    (embeddings): DebertaV2Embeddings(
      (word_embeddings): Embedding(128100, 384, padding_idx=0)
      (LayerNorm): LayerNorm((384,), eps=1e-07, elementwise_affine=True)
      (dropout): Dropout(p=0.1, inplace=False)
    )
    (encoder): DebertaV2Encoder(
      (layer): ModuleList(
        (0-11): 12 x DebertaV2Layer(
          (attention): DebertaV2Attention(
            (self): DisentangledSelfAttention(
              (query_proj): Linear(in_features=384, out_features=384, bias=True)
              (key_proj): Linear(in_features=384, out_features=384, bias=True)
              (value_proj): Linear(in_features=384, out_features=384, bias=True)
              (pos_dropout): Dropout(p=0.1, inplace=False)
              (dropout): Dropout(p=0.1, inplace=False)
            )
            (output): DebertaV2SelfOutput(
              (dense): Linear(in_features=384, out_features=384, bias=True)
              (LayerNorm): LayerNorm((384,), eps=1e-07, elementwise_affine=True)
              (dropout): Dropout(p=0.1, inplace=False)
            )
          )
          (intermediate): DebertaV2Intermediate(
            (dense): Linear(in_features=384, out_features=1536, bias=True)
            (intermediate_act_fn): GELUActivation()
          )
          (output): DebertaV2Output(
            (dense): Linear(in_features=1536, out_features=384, bias=True)
            (LayerNorm): LayerNorm((384,), eps=1e-07, elementwise_affine=True)
            (dropout): Dropout(p=0.1, inplace=False)
          )
        )
      )
      (rel_embeddings): Embedding(512, 384)
      (LayerNorm): LayerNorm((384,), eps=1e-07, elementwise_affine=True)
    )
  )
  (classifier): Sequential(
    (0): Linear(in_features=384, out_features=1, bias=True)
  )
)
1 0.006886150822023473 0.006657765143585587 0.5712498462476403 0.5613870313704581
2 0.006453076419085819 0.006252633576478262 0.6278648632629015 0.6273534361078437
3 0.006020922460815813 0.006145726991937014 0.6350513933974726 0.6343156615320746
4 0.005650110961352201 0.005964702673115914 0.6622072911597294 0.6604947688010998
5 0.0052735454714540175 0.00601055058974685 0.6628710445534228 0.6626063647091684
6 0.004828350670028991 0.005894187101234921 0.6810534866578606 0.6794065205691697
7 0.004340484221393956 0.006180228349383956 0.691994805398535 0.6861809695429174
8 0.003952432543635519 0.006284166064661014 0.699344391024784 0.6960899594559589
9 0.0034903468617317247 0.0066257854465170815 0.7010386194731597 0.7004250439437274
10 0.002994805917257563 0.0066277134026626544 0.701450464109297 0.7014867571485338
11 0.0026478817252430045 0.007246900346747388 0.7035299090677348 0.7012356229747534
12 0.00225510532741578 0.008264411665373646 0.7028107268341989 0.6965354711483613
13 0.0019509249259985438 0.008234443836412664 0.7042002916392587 0.7036001181637566
14 0.0017325170110402126 0.009595702600741694 0.7009492091335141 0.6954831941993873
15 0.00149497752174672 0.009334509030180902 0.7045362628282947 0.7036773692585718
16 0.0012726222258219518 0.009756970859103025 0.7044895800465981 0.7027216061025863
17 0.001138229631134127 0.010121963695673798 0.7045253998898331 0.7041483892712472
18 0.0009979808233613384 0.010741854557385532 0.7067634994571873 0.7067374769052597
19 0.0009474141205669859 0.01109585033202239 0.7058753567500405 0.701432856771608
20 0.0008002222159089925 0.011480964704087396 0.7093976784730653 0.7065832131680985
21 0.0007739321680805085 0.011484828602784308 0.7146004132150376 0.7133562113473612
22 0.0006795436073393379 0.01162902971310984 0.7126370624296973 0.7113125066067565
23 0.0006523936971357938 0.01223569640965289 0.711949466278765 0.7106641869343528
24 0.0005531002420803893 0.012591142308706038 0.7110651116732357 0.7098763527639717
25 0.0005870799382446631 0.012429117629310434 0.7164293421003375 0.7163100621505425
26 0.00047327824051421536 0.012985581838883722 0.7138465252858011 0.7127646459947065
27 0.0005436929864705485 0.012303069002656573 0.7143750211688031 0.713533214809559
28 0.00048346097956373504 0.013099294889953882 0.7140303039216211 0.71366096081728
29 0.0004109502121284876 0.014100052658751316 0.7130878465221662 0.7107048898813488
30 0.0004695429462049113 0.013616009465088216 0.7046086267106622 0.70108941348987
31 0.0003340110338819237 0.013955868476025552 0.7166390803737118 0.7159114431019981
32 0.00034966902335073345 0.013838314351664747 0.7162320265719729 0.7147253123805
33 0.000398290831092584 0.013702805484254234 0.7174038312414099 0.7158914084486618
34 0.0002997725744503063 0.013894962524504449 0.7151297447086906 0.7151307894313392
35 0.00031746313130289714 0.015167573796037878 0.7066706909675614 0.7065916230110604
36 0.00030434661163577435 0.014905110367068897 0.7164221558487397 0.7148657723735952
37 0.0003156626374652021 0.015088834876750001 0.7184629398877296 0.7171760456813352
38 0.0002932258054108162 0.014402975587321306 0.7151620549871918 0.714116684347194
39 0.0002772652351401914 0.015492204710376217 0.7051615224246702 0.7025142091285894
40 0.0002808020345580845 0.015091661308517086 0.713968245903948 0.7132408103697019
41 0.00022817810484538104 0.015203151582736673 0.7092083848069495 0.7091210030623081
42 0.0002446713340169359 0.016046296310965852 0.7103790753288518 0.7059832796255182
43 0.0002696685178229258 0.01418245496126083 0.7147377876060445 0.7143224998802717
44 0.00029390683606265897 0.015535538062893367 0.7184141402257174 0.7165062107004003
45 0.00022508552702428075 0.015301309462562737 0.7099243360126354 0.7089879732494458
46 0.00023463151455372955 0.015521580550739449 0.7130950327737638 0.7126485742728245
47 0.00020316283636576278 0.015446571064138579 0.7113061574923303 0.7102890799722232
48 0.00023018135298213968 0.015649085547715977 0.7153877255703098 0.7147805757975122
49 0.0002182240690777407 0.015462004141836995 0.716689718379156 0.7152740509759574
50 0.00017466506619383973 0.01544307999035641 0.7164266681462546 0.7152029829190047
51 0.0001728306393670979 0.015647679015350087 0.7123790815680779 0.7124306513970259
52 0.00019249373740324463 0.015872402171668517 0.7094051432615465 0.7092974312330852
53 0.00018627677115538318 0.01618576871320399 0.712289949765316 0.7109917192451005
54 0.00017612540098775067 0.015491418800309447 0.7093428067069899 0.7082529304572072
55 0.00017848736185863026 0.01638016509985896 0.6992004988707001 0.6973459771633379
56 0.00020412162169719102 0.015927658223477265 0.7143636011565743 0.7121414879784815
57 0.00017483729380488668 0.015813431297421913 0.7131329694973145 0.7131643093482818
58 0.0001518641244404125 0.016612379176577284 0.7120030567751757 0.7119420782886594
59 0.00016949967871523954 0.016048337439354524 0.7106634057796627 0.7107205029487911
60 0.00014994920840001835 0.017998505669047513 0.7159925405594268 0.7105984574238167
61 0.00019674468138655598 0.016809081207745147 0.709776655756934 0.7097473186203249
62 0.00011024738420581956 0.016217773751943592 0.7172341465719018 0.7171357251244045
63 0.00014482258552113406 0.01575169344686734 0.716834000484877 0.7167779866318016
64 0.00014612697894978487 0.016880256085767386 0.7155995807239999 0.7136300709169182
65 0.0001251859001307881 0.01631292252713246 0.7173314673590425 0.7172773116545172
66 0.00014338893107077863 0.017135439105251088 0.718033881672184 0.7162344576388426
67 0.00011630166183653081 0.01654302428406426 0.7203135946499526 0.7193109932452586
68 0.00014874781062678273 0.01640960990378082 0.7095440774591019 0.70868563907392
69 0.00012940987420411847 0.017242140828041447 0.7143681134540891 0.7125468190658915
70 0.00013188116782391474 0.0166514603399025 0.7139881334374393 0.7132302675410158
71 0.00012080120158510494 0.01700197438972533 0.7174640509156509 0.7173195069087572
72 0.00012851098557281973 0.01697501169706294 0.7163187629575358 0.7161562189078831
73 0.0001194184022463753 0.01596234382024377 0.712590936721768 0.7121486753689281
74 0.000133347944022075 0.016611101411329016 0.7161392180823472 0.7148241766007295
75 0.00011345829639276698 0.016738375081018237 0.7139176078985039 0.7136652978418958
76 0.0001169234655216782 0.016785670953900513 0.7177337303263828 0.7175017408080061
77 0.00011731833605649053 0.017576742227937193 0.7164929599245589 0.7151381954289533
78 0.0001169032361569563 0.017808268091305854 0.7201054161831266 0.7177254548319293
79 0.00010581346231815179 0.01785735775269512 0.7247531383307753 0.7235724604630818
80 0.00013904720789622888 0.016501696623368235 0.7151822210575667 0.7148307970155294
81 0.00010497099210574573 0.017788611985239546 0.7133800874204721 0.7125274186765896
82 9.991524188027107e-05 0.017119655341790153 0.7162325836457402 0.7161344356558184
83 0.00010156644586664917 0.01792179595324107 0.7170395049976201 0.7168317677453391
84 9.305011823032214e-05 0.017323755549604778 0.7128656855037819 0.7128901377524413
85 0.00014312802277858917 0.016997523495177483 0.7219301113077953 0.7216746601400246
86 0.00010899134759874253 0.016290486366148486 0.712005452192375 0.7120625730159721
87 9.601530989841266e-05 0.017483398191482896 0.7195443314847397 0.7189591123616407
88 7.265323637438813e-05 0.01786301314243983 0.7213154361129978 0.7210074618554405
89 9.659140626156167e-05 0.018758859177692374 0.717268295193835 0.7121249653516493
90 0.00010353600451191702 0.017253473289180393 0.7157547257681824 0.715100556052433
91 5.916011100045549e-05 0.01891259140190966 0.7173152565124151 0.7152351378562992
92 0.00011868344178766539 0.01749047269491765 0.721730957435999 0.721122493948299
93 9.975829982828949e-05 0.017814214651679705 0.7209815818042772 0.7206737387236886
94 6.878935346788869e-05 0.01824229178913205 0.7194714105286051 0.7189818378981396
95 9.973771452334209e-05 0.018432501439317805 0.7218232088518577 0.718844758919838
96 8.5191954545074e-05 0.018306700938256776 0.7113557927649934 0.7111759432018108
97 8.047807604294716e-05 0.01811975572894138 0.7177665976786513 0.7168374089957427
98 0.00011785513945374243 0.01780787011368852 0.7162874554118158 0.7153182888726461
99 5.764603825617492e-05 0.01835542114632726 0.7186870506642994 0.7187508862040769
100 8.695213759376077e-05 0.018845981814000795 0.7199776234609165 0.7192497340173682
101 7.438538886940749e-05 0.018183393966131212 0.7146296038804422 0.7144834290357449
102 7.993380058913937e-05 0.018877830227686847 0.7166252649442837 0.7136933002730139
103 9.046579586439032e-05 0.017948241100950987 0.7174128558364397 0.7165169482856488
104 0.00011278434529058628 0.017303664219234217 0.7198405276067932 0.7190671158487076
105 5.551421902710682e-05 0.018206898803685475 0.7160753217212421 0.7154400632388525
106 5.752776807420756e-05 0.01813055452313066 0.7169777255168308 0.7169350050407437
107 9.035001352139613e-05 0.017373378032558295 0.7172097467408957 0.7169990021027122
108 5.90378069260398e-05 0.017960261487013983 0.7088835550932586 0.7089319567290578
109 7.168306591464967e-05 0.019678390326452994 0.7192496951692346 0.7164637092552875
110 4.489395222705548e-05 0.019087710723482306 0.7164929599245589 0.7151381954289533
111 8.894645066058226e-05 0.017869022012691794 0.7163253921353663 0.7161574518221765
112 7.762821705851134e-05 0.017690866146265874 0.7121536895218437 0.7122070687668076
113 6.815514831557003e-05 0.018117710860965447 0.7250119548030454 0.7242435302582326
114 8.24085342831696e-05 0.018705318611809553 0.7132469467900964 0.7104183258019775
115 9.024710046072084e-05 0.018038343173841315 0.7181057998955377 0.7180048395299061
116 7.177832072842716e-05 0.01791313657095451 0.7155362414366621 0.7155445295019357
117 5.7174164396814465e-05 0.018359690641055974 0.7174216018945856 0.716211307475351
118 6.175282021293547e-05 0.01829617525328584 0.7164094545668462 0.7163043744611841
119 6.28772124601213e-05 0.01815629134726369 0.7119261805952933 0.7118032261476195
120 8.644552205910636e-05 0.017809597633924507 0.716531175184993 0.7165421538543819
121 3.103638079192792e-05 0.018985486042513468 0.7224718655464581 0.7223256549564179
122 5.552521380146234e-05 0.01902552102934075 0.7211141653608857 0.720656938940531
123 7.731010118542716e-05 0.01911885458301587 0.7188784612107307 0.7170573930482238
124 7.12967392684142e-05 0.018441932041856297 0.7206652196118488 0.7199070948392459
125 7.266259097673093e-05 0.018187821995489947 0.7184587061270985 0.7177557177986915
126 7.062077396938585e-05 0.01808992123217927 0.7207269990926384 0.719581193562119
127 7.441546977795487e-05 0.01792634374884916 0.7166414757909111 0.7163353380109143
128 3.91361121323468e-05 0.018699831026097322 0.7203759312045093 0.7202965913184428
129 5.5133686829753196e-05 0.018951218951311372 0.7127460817659507 0.7127912165707517
130 6.267978423388804e-05 0.018043688864097678 0.7140170455659602 0.7136624277667805
131 8.960807373109516e-05 0.018069943621065905 0.7189755034609878 0.7160142134128931
132 4.305172667726581e-05 0.01933416577505783 0.7150565452156722 0.7151080064450318
133 8.442182674846684e-05 0.0176162095334839 0.7174173681339545 0.7167724338697261
134 7.307434578614002e-05 0.017792564152119734 0.7164184791618758 0.7164648172890328
135 5.494486892564588e-05 0.01827169321980915 0.7218813116457832 0.7212955567956888
136 7.032053147999543e-05 0.017617970342013903 0.7163717963801792 0.7161643116881685
137 3.910178164065049e-05 0.019100014602085713 0.7238552468327013 0.7217161814480284
138 5.754512832851186e-05 0.01849322791054196 0.722295273162236 0.7223641507464897
139 6.223316670305027e-05 0.01894105684174414 0.7170156622403814 0.7170396439777251
140 5.323470988566058e-05 0.018815397917876234 0.7149896963636007 0.7142317916357503
141 5.9368718504331584e-05 0.018184257691439217 0.7170766061105199 0.7155496115221291
142 4.937588275383792e-05 0.018205915540879466 0.7188103310889944 0.7183125793588916
143 7.385353818357579e-05 0.018126991402619513 0.7139751536186622 0.7138187492804047
144 6.0736349859291077e-05 0.017783806585776236 0.7159541581768624 0.7159909431079106
145 4.329235324352797e-05 0.01918439922399599 0.7250204223243079 0.7228924947495815
146 2.1996890851499598e-05 0.019322176141132602 0.7224824499480362 0.7211725546260208
147 5.2189320349481525e-05 0.01882833080301296 0.7152466744924388 0.7152933820621205
148 6.548357553743562e-05 0.01832620208020324 0.7194891811817807 0.7191715858600869
149 5.24420030730154e-05 0.018636127256619082 0.7152864495594216 0.7153230793644841
150 4.9186172407717246e-05 0.019125489108096614 0.7227349157793596 0.7225070912532046
151 5.807705100192014e-05 0.018594527491221497 0.7302632106701463 0.7300170843649105
152 5.920916526782581e-05 0.01937034103044102 0.7210433612850666 0.7204623033637199
153 6.087870287268351e-05 0.019707140909815877 0.7138934866043813 0.7138906188896774
154 4.395581180286212e-05 0.019451534252780994 0.7146163455247814 0.7144803761945109
155 5.554881292963098e-05 0.018345271289875724 0.7218502826369465 0.7210665663940505
156 6.265702493739761e-05 0.018281188151205042 0.7170129882862984 0.7168282355365199
157 3.3150898135964545e-05 0.019129563169608267 0.7219412527831406 0.7218178597765099
158 4.321790328552787e-05 0.019161322469725624 0.7232034705250042 0.7226353022161627
159 4.705286830666509e-05 0.018990546957232728 0.7216872271452688 0.721749563018915
160 5.4879680083422006e-05 0.019308626641818205 0.7181232920118295 0.7181774336173594
161 5.3306267990710014e-05 0.019466411046983403 0.7229220925651598 0.7201503513335283
162 5.266136243394093e-05 0.018088338471763863 0.7195355854265938 0.7191678639454366
163 5.185010345798081e-05 0.018564273534106748 0.7208990791793457 0.7181761462480916
164 4.470907674226688e-05 0.018544950808266177 0.7282492218793618 0.7282461654331358
165 6.300575718323699e-05 0.018449465957563946 0.7150806665097946 0.7149713045614865
166 4.6402071716907946e-05 0.018454823632401814 0.7237632739537263 0.723812018725595
167 5.4195618190858325e-05 0.018749617364636133 0.7248549714154309 0.7240712353377412
168 4.5767781836782745e-05 0.019363567762694732 0.7250541252872272 0.72467320352429
169 3.339523238630281e-05 0.0190526282829095 0.7257838919223413 0.7256568536250247
170 3.33001189218798e-05 0.019615073305884606 0.7259360844755572 0.7250249993836341
171 5.077137131461058e-05 0.01834371672555041 0.7146277655370101 0.7146791013524227
172 7.46554985816456e-05 0.021139165524865118 0.7144025406129059 0.7063685530686308
173 3.417776892143264e-05 0.018670136336191814 0.7255757134555152 0.7247080227910714
174 3.494366283388213e-05 0.01890405599290812 0.7190516554449726 0.7190559414993914
175 4.044536343215411e-05 0.019846516222025264 0.7198137323585878 0.7181453591634772
176 3.958847773247572e-05 0.01905138658080856 0.7210590150579267 0.7208378720930255
177 5.6302176712352715e-05 0.018622743452846476 0.7278291882588458 0.7278610748949732
178 3.713954840821478e-05 0.020518721751253334 0.72641522362278 0.7226730941741114
179 5.765642792014463e-05 0.018879122016387334 0.7229184158782959 0.7226751509360205
180 3.729016266714434e-05 0.019110955818853533 0.726661060276273 0.7249954942262635
181 4.036064066204252e-05 0.01910269960584534 0.7157841949704706 0.7157808498543399
182 5.1153528923992945e-05 0.018839472863464508 0.7237696245946732 0.723510269870087
183 3.892804441987684e-05 0.01918729921424009 0.7198432015608761 0.7198645243789707
184 5.2874440765167605e-05 0.01927923595250876 0.7213124836220313 0.7183612033846873
185 3.2167397646911606e-05 0.018794938934360544 0.7267194416070819 0.7267931862098432
186 3.723235730091037e-05 0.019669974624026542 0.7205130270586326 0.7204523390561244
187 6.62589240897358e-05 0.018998928804459643 0.7221311035230237 0.7214277309320025
188 2.5457887178316112e-05 0.019204377451743426 0.7260490590355583 0.725675186237534
189 4.657719330890539e-05 0.019368880204439918 0.7199731111634017 0.7189819555282859
190 4.4456002211587185e-05 0.018715569019397194 0.7180895890489102 0.7176574010713483
191 5.059279657722647e-05 0.018601145585988015 0.7239820368221304 0.7239419785944945
192 4.203909955757973e-05 0.017502562263344915 0.7245837321981508 0.7246369000247814
193 2.3840719995315608e-05 0.0195563876646778 0.7248618791301449 0.7246714250011026
194 4.715646063225789e-05 0.019388143096884365 0.7271368012735152 0.7266613331028533
195 2.895098236859674e-05 0.019146505548702186 0.7234755453529352 0.7231769165597993
196 4.335716980199572e-05 0.019354268264515896 0.722560440275453 0.7225633601891046
197 6.479042304064782e-05 0.017466085503739067 0.7228147444502083 0.7228479356915878
198 2.9157564659102064e-05 0.019178457934848857 0.724249320815663 0.7238345200369329
199 3.8719620896418244e-05 0.01843313504076951 0.7254696466102284 0.7247659246895579
200 2.9035145080471415e-05 0.01927271528592516 0.7252484883246253 0.7243699870016209
