Job is using 1 GPU(s) with ID(s) 0 and 8 CPU core(s)
torch cuda is available: True
Warning: You are sending unauthenticated requests to the HF Hub. Please set a HF_TOKEN to enable higher rate limits and faster downloads.
TRAIN_CSV=training_data/AV/train.csv, DEV_CSV=training_data/AV/dev.csv, MODEL_NAME=microsoft/deberta-v3-xsmall, BATCH_SIZE=100, MAX_LEN=50, LR=2e-05, EPOCH=200, DEVICE=cuda
torch.Size([100, 50])
cuda
Loading weights:   0%|          | 0/198 [00:00<?, ?it/s]Loading weights: 100%|██████████| 198/198 [00:00<00:00, 45212.99it/s]
[1mDebertaV2Model LOAD REPORT[0m from: microsoft/deberta-v3-xsmall
Key                                        | Status     |  | 
-------------------------------------------+------------+--+-
lm_predictions.lm_head.bias                | UNEXPECTED |  | 
mask_predictions.LayerNorm.bias            | UNEXPECTED |  | 
mask_predictions.classifier.bias           | UNEXPECTED |  | 
deberta.embeddings.word_embeddings._weight | UNEXPECTED |  | 
mask_predictions.classifier.weight         | UNEXPECTED |  | 
lm_predictions.lm_head.LayerNorm.weight    | UNEXPECTED |  | 
mask_predictions.dense.weight              | UNEXPECTED |  | 
lm_predictions.lm_head.dense.weight        | UNEXPECTED |  | 
mask_predictions.dense.bias                | UNEXPECTED |  | 
mask_predictions.LayerNorm.weight          | UNEXPECTED |  | 
lm_predictions.lm_head.LayerNorm.bias      | UNEXPECTED |  | 
lm_predictions.lm_head.dense.bias          | UNEXPECTED |  | 

[3mNotes:
- UNEXPECTED[3m	:can be ignored when loading from different task/architecture; not ok if you expect identical arch.[0m
CustomBERT(
  (encoder): DebertaV2Model(
    (embeddings): DebertaV2Embeddings(
      (word_embeddings): Embedding(128100, 384, padding_idx=0)
      (LayerNorm): LayerNorm((384,), eps=1e-07, elementwise_affine=True)
      (dropout): Dropout(p=0.1, inplace=False)
    )
    (encoder): DebertaV2Encoder(
      (layer): ModuleList(
        (0-11): 12 x DebertaV2Layer(
          (attention): DebertaV2Attention(
            (self): DisentangledSelfAttention(
              (query_proj): Linear(in_features=384, out_features=384, bias=True)
              (key_proj): Linear(in_features=384, out_features=384, bias=True)
              (value_proj): Linear(in_features=384, out_features=384, bias=True)
              (pos_dropout): Dropout(p=0.1, inplace=False)
              (dropout): Dropout(p=0.1, inplace=False)
            )
            (output): DebertaV2SelfOutput(
              (dense): Linear(in_features=384, out_features=384, bias=True)
              (LayerNorm): LayerNorm((384,), eps=1e-07, elementwise_affine=True)
              (dropout): Dropout(p=0.1, inplace=False)
            )
          )
          (intermediate): DebertaV2Intermediate(
            (dense): Linear(in_features=384, out_features=1536, bias=True)
            (intermediate_act_fn): GELUActivation()
          )
          (output): DebertaV2Output(
            (dense): Linear(in_features=1536, out_features=384, bias=True)
            (LayerNorm): LayerNorm((384,), eps=1e-07, elementwise_affine=True)
            (dropout): Dropout(p=0.1, inplace=False)
          )
        )
      )
      (rel_embeddings): Embedding(512, 384)
      (LayerNorm): LayerNorm((384,), eps=1e-07, elementwise_affine=True)
    )
  )
  (classifier): Sequential(
    (0): Linear(in_features=384, out_features=1, bias=True)
  )
)
1 0.006927495301513705 0.00675724298831081 0.5559902587852762 0.5524235882190003
2 0.006695562056210349 0.0066670553126876985 0.563523623047345 0.5538899742555095
3 0.006479579173841098 0.006454858799002991 0.5971128872108341 0.5970061257284185
4 0.006214292372066102 0.006377181504776457 0.6181520593011709 0.6174318610985778
5 0.005945652970200626 0.006389336287229383 0.6281080259623115 0.6274833374772419
6 0.005629383287109653 0.006330855199456434 0.6382742879705937 0.6381993987451394
7 0.005250771824601064 0.006499561044343541 0.6448190691252784 0.6447612845763335
8 0.004854633107749606 0.006614010913452003 0.6472772128307013 0.6470843391971004
9 0.0044383473665484926 0.006639718149095431 0.6602251669884325 0.6599843403404011
10 0.004007630889764102 0.006992760851131384 0.6615672134011449 0.6613366235477807
11 0.0036293596495027133 0.007232167954319967 0.6663626158044947 0.6663406880651442
12 0.003176846221163214 0.007520867695936511 0.6674482411621361 0.6673867473840152
13 0.002787398829157582 0.008321608304380675 0.6700498313626292 0.6693519083141384
14 0.002509783382431814 0.008284689323663035 0.6646912273805767 0.6645685202724898
15 0.002304652130681846 0.0086754524019551 0.6695532000991146 0.6693209997142222
16 0.0019974732065418154 0.009493173690425441 0.67118481345605 0.6710647949620943
17 0.0017320222779879354 0.009918156324394871 0.6764490491419282 0.6763966004223814
18 0.0016010867702164458 0.010676506244736443 0.666312701994948 0.6628323301281973
19 0.001358005548346747 0.011017372790986978 0.674790919073671 0.6746290225391555
20 0.001281242744867568 0.011523401868496517 0.6681978953307415 0.6679422429818644
21 0.00123928764605429 0.011713508714842674 0.6735504272087307 0.6735425895149145
22 0.001028721127770263 0.01191127838325405 0.6773246576893114 0.6771925841814692
23 0.0009957191999311003 0.012740662047008869 0.6770080169599995 0.6769184433516939
24 0.000899286044511079 0.011769233095254043 0.6773530127440652 0.6773443428434076
25 0.0009310636889063208 0.011758211517143027 0.6768223999807476 0.6768247083791255
26 0.0007736574023831569 0.012722554796429881 0.6806780189387255 0.680282771259021
27 0.0007093897670129013 0.01370972668450284 0.6787478140425373 0.6782622351919092
28 0.0007069066301103017 0.013472675779875105 0.6814677267111968 0.6815081152978617
29 0.0006516402115888961 0.01419407985613419 0.6845665052489718 0.6820333902871706
30 0.0006145875825785316 0.014494389240876593 0.6763225376893828 0.6761185354049986
31 0.0005925958220795505 0.014305203710476782 0.6768226785176312 0.6767912507273228
32 0.0005538446821277224 0.014152369126441303 0.6772824872051297 0.6772987800523533
33 0.0005261987067602172 0.014672559528583162 0.6747039041512246 0.6740361646486617
34 0.0004735254734383691 0.015102669887584099 0.679731606315523 0.679032670211049
35 0.0005265483352205498 0.014763457129042593 0.6786667041020238 0.6785428650400858
36 0.00044505952652626663 0.015148184931220544 0.674649310922033 0.6746126280358645
37 0.00042320799909094625 0.015892695618773788 0.6760284584476448 0.6757878420987201
38 0.0004199856579372741 0.015649822684017024 0.6780379349409146 0.6771011491732113
39 0.00041341307613011773 0.015343814188185268 0.6823584319576731 0.6821278762152868
40 0.00039172937963967154 0.01561854866496633 0.6780544243244254 0.6776608164169815
41 0.0004127943135546777 0.0158726614961317 0.682688331042646 0.6826767324416925
42 0.0003360620572950711 0.016172081694546474 0.6781183206855305 0.6780689694124465
43 0.0003629059310067498 0.01613809495304018 0.6847725668354824 0.6840211282993123
44 0.000322906796130839 0.01687192539927678 0.6829092107913656 0.6829369525308375
45 0.0003505325424336836 0.01580634131846117 0.6811959304201495 0.6811860998027612
46 0.00034944161833995197 0.016281883803707677 0.6733117768068354 0.6731645265139081
47 0.0002882256253262281 0.01658638586250864 0.6818455898475311 0.6817568305676929
48 0.00037499381598299846 0.01646208215113894 0.6725780549479737 0.6717133211538867
49 0.0002988713588117834 0.016133993461258163 0.6800174965728822 0.6800017207025287
50 0.0002822256778024461 0.01678868610552987 0.6792482334076693 0.6790570419601359
51 0.0003234768814017113 0.016050671677785944 0.6773774125750713 0.6774081060460675
52 0.00027744513187640744 0.016728998752223535 0.6846246080428973 0.6842958077456804
53 0.0002654420321436697 0.017441691191431557 0.676798278686625 0.6768182944671937
54 0.000293312616661215 0.017314895771191472 0.6804101778714255 0.6790801918948058
55 0.0003111960549908885 0.01747774321945804 0.6729203767779566 0.672847880103266
56 0.0002657897874409185 0.01698751169513745 0.6776338336301423 0.6776437050317878
57 0.0002398695166452221 0.016955857819554485 0.6781466757402842 0.6780753957894239
58 0.0002526209105692395 0.0173822990964415 0.6671420177122719 0.6625719838697751
59 0.0002361574054893803 0.01769673691037778 0.6759277395105239 0.6747971389258156
60 0.00022557041379262115 0.018818977160384574 0.6779252389177973 0.6771794282755261
61 0.0002692025608142531 0.018390357494354248 0.6768709211058761 0.6767613643593879
62 0.00020357672746718395 0.01794385210850711 0.6818835265710816 0.6818824043047864
63 0.00019871915418090557 0.01834056591442585 0.676982057322445 0.6766917423536336
64 0.0002014444130347508 0.0181546543230502 0.6809344399937964 0.6804263341668939
65 0.00025090884697213597 0.017497429998096434 0.6830963875771658 0.6813579295294278
66 0.00019336631446619946 0.018368535620251623 0.6788037999561471 0.6786577944117662
67 0.0002018000635822342 0.01883295132165836 0.6791413309517316 0.678574722481695
68 0.0002110836092646201 0.017079201411787186 0.6798912636572205 0.6799209148204473
69 0.00023786878524701492 0.0181567046910042 0.684505004305066 0.6836442899971795
70 0.00018616269316288565 0.01841550372228904 0.6832030114962199 0.6829627423657355
71 0.00022336860047011503 0.01760531605612788 0.6823918563837088 0.6824227473933375
72 0.00019769901076814158 0.01833496216281157 0.6768793886271386 0.675924499664221
73 0.00018221110839592661 0.01823027374031109 0.6802606592722923 0.6802729193082002
74 0.00016841813093169906 0.01843454675485072 0.6803426048234567 0.6802276425261256
75 0.00020043116859850527 0.017627607556748387 0.6773635971456431 0.676438504997827
76 0.00018449176229689895 0.01774895732239294 0.677804632447185 0.6773052328881153
77 0.00017530682389597295 0.018658438787901122 0.6761067273119452 0.675304113288042
78 0.00018648069496665276 0.018002006857617558 0.6874518688265085 0.685258759913428
79 0.00018806786091722424 0.018932635191782635 0.6831229042884877 0.6813202369131213
80 0.00016745505270052434 0.018752781652198815 0.6835920161078994 0.6831006370033319
81 0.00019839504627601096 0.01854312843578637 0.6830927108903019 0.6831167608286253
82 0.00016930465189745722 0.01857144854889476 0.679942458736432 0.6797756705283435
83 0.00016567883887157393 0.018085201395665905 0.6815252724313551 0.6815600373341124
84 0.00016788782521491084 0.01769247282611574 0.6749479024612857 0.6747782743355701
85 0.00014948293836645167 0.01920657234082094 0.6835085107501867 0.6835420388173465
86 0.00016623397261150577 0.01972648658041124 0.6744814645959566 0.6741858051726215
87 0.00016549574139098787 0.019199932783210534 0.6748598848060581 0.6735853908706424
88 0.00015347003310197684 0.018930000960876603 0.6822953712072191 0.6809243223331851
89 0.00014823628340196912 0.019272211674913508 0.681072092921687 0.6810780194191741
90 0.0001585341738471172 0.01952311979914754 0.677991252159218 0.6760723591363839
91 0.00015455369087742865 0.019601746958483247 0.6794661606654224 0.678357036090834
92 0.00015121791247983422 0.01954247747421583 0.6813571475683953 0.6813928761297182
93 0.00015294823162067823 0.01856831200986519 0.6794070551387159 0.6794333607099038
94 0.00012824876120326922 0.019559059460533493 0.6799132680710274 0.6798795132673763
95 0.00012634346035178548 0.018895045536976317 0.6839794609130305 0.684007850197684
96 0.00011954172726506498 0.018424842525916925 0.6847821485042792 0.6847383167046227
97 0.00017666787014895496 0.018116167962958892 0.6833286873381144 0.6821761632993345
98 0.00014347794260992583 0.018872643937337345 0.6798581177680683 0.6798929110927183
99 0.00014814850941785257 0.018934551024106752 0.6819630767050469 0.6819862961653941
100 0.00012038940391379628 0.018945332632107785 0.6808753344670899 0.6808702551793979
101 0.00010968080565856386 0.020547525733137458 0.677882344237718 0.676305573372042
102 0.00013266520742125166 0.019547432248309522 0.6828176835714045 0.6805046795499332
103 0.00016536436102967595 0.018934744159864618 0.685219952777971 0.6851407243633765
104 0.0001119636466450655 0.019412841141253745 0.6856773660482702 0.6857170387629248
105 0.00010343373372012706 0.020335123054813747 0.684213599017411 0.6841976794059814
106 0.00015016282780607078 0.019184863012381634 0.6830927108903019 0.6831167608286253
107 0.00011401827439752768 0.020126978403814205 0.6800991635871627 0.6801390381017542
108 0.00013846367770326766 0.019108847785668362 0.6850762277460172 0.6850107864252628
109 0.00013859710941189877 0.020267819266237323 0.6861390130792007 0.685589109612295
110 0.00012710502301969438 0.019826422643924067 0.6849810238391919 0.6850104693932492
111 0.0001305183207304938 0.01940363460563368 0.6788902578048263 0.6782805221169135
112 0.00012141875264240349 0.01931361234707246 0.6829715473459224 0.6826821296692439
113 0.00012134118362879899 0.019437326148497965 0.6885820600855308 0.6878771016313963
114 0.00011001657575880279 0.019817132733410434 0.6806994662787651 0.6777327461766599
115 0.00011836384940081496 0.019136680996559227 0.6880164630896292 0.6880152080134532
116 0.00012487597951096614 0.019397147933489567 0.6811293601049617 0.6811424910988886
117 0.00010138195416960769 0.019811076282878044 0.6818108841518307 0.6813305314383675
118 0.00012224075375145616 0.019928279671747776 0.6859289962689427 0.6854369145609692
119 0.00013468267391310388 0.018664077767223026 0.6872617395497417 0.6851298952043419
120 0.00010639412233811025 0.019480143149547935 0.682402997859054 0.6824429301008035
121 0.00010681135334412529 0.019272784050569577 0.6792280673372945 0.6792654449056921
122 0.00013835136037564682 0.020048335977812432 0.6880906653154285 0.6850076161723275
123 0.000124602941746026 0.019478172506411644 0.6788308737412362 0.6771383745516202
124 0.00010868239788720027 0.01921509804280875 0.6805562983205785 0.6798725948754101
125 8.304508990486598e-05 0.020568161282856833 0.6863912003736405 0.6861336829710565
126 0.0001120320130510107 0.01968747087975446 0.681381825936285 0.6811646166656421
127 0.00010285437154986477 0.020337883128798428 0.6857038827595918 0.6857401567361364
128 9.840555328618961e-05 0.02014639808044357 0.6861878127412129 0.6859649941485402
129 9.89894022059972e-05 0.019997965229307493 0.6843220612798969 0.6843629324262687
130 9.337672112512203e-05 0.020562976583821058 0.6803218816793144 0.6794777228638422
131 9.379753772952433e-05 0.02097657443723992 0.6772249414849714 0.6772608539363525
132 0.00012814385362291736 0.021402576362352706 0.6823575963470222 0.6788886198948489
133 8.839932328091428e-05 0.021709532147354542 0.6777425744295118 0.6775440249147662
134 0.00011495620532517848 0.019520566178227474 0.6873906464194863 0.6872755131954358
135 8.766359671306183e-05 0.020360928713211168 0.6892500472398555 0.6891173838874225
136 0.00010046459611463189 0.01951259194601165 0.6857168625783692 0.6854660621712104
137 0.00010127352017346512 0.020296572226625082 0.6766919333044547 0.676680662620148
138 9.216865954964751e-05 0.021048115128450794 0.6846604278861324 0.684692158476109
139 0.00011392211373531838 0.020460048860447763 0.683748999495514 0.6832705037593048
140 8.617622092230334e-05 0.020864615431616426 0.6851949958731974 0.6847862589606653
141 0.0001052960407335532 0.020342298228733135 0.6815759104367993 0.6815451403974306
142 9.881725425290696e-05 0.02139474843154263 0.686559603773484 0.6866014250311032
143 7.38324360816488e-05 0.02084415324558186 0.6876937502562539 0.6877325932997971
144 0.00011401500891824441 0.019898043776043824 0.6797149498098819 0.6790950844647579
145 0.00010199309259089263 0.020515595307120212 0.6913709384865777 0.6911621061546176
146 9.468517064996014e-05 0.02022258212565182 0.6887568141263211 0.6882767655544685
147 8.87923043740596e-05 0.021279376435912392 0.6835289553574451 0.6826220903056827
148 9.837418866385539e-05 0.021316730476830054 0.6788011260020642 0.6787375036427911
149 0.00010445865408425453 0.019985463749322075 0.6919606567766019 0.6917959870140273
150 0.00010789676833664535 0.01980350018741093 0.686588515902005 0.6865319818331219
151 8.530325689595372e-05 0.020638560604297237 0.682960405870577 0.6828125732711814
152 8.209289936581264e-05 0.02124487184113659 0.6897396036665259 0.6886361905395255
153 9.493828200328138e-05 0.020110834884102508 0.6829023030766515 0.6826297258540249
154 8.850946033044683e-05 0.02102041873075758 0.6853172735651116 0.6851908340667493
155 9.162254312247886e-05 0.020943955489555983 0.6860862581934408 0.6860532645694484
156 0.00010344962855134813 0.019637110375331637 0.6861591791495756 0.6860859613685362
157 7.300224946316325e-05 0.021752089625027112 0.6882601828628067 0.6879347644919633
158 0.00010291252053381109 0.020491629853862048 0.683736576750504 0.6833742769605289
159 8.546932539400883e-05 0.021546669879978893 0.6752538473742662 0.6720618103323832
160 7.845796342957693e-05 0.020815642135043427 0.68675212846745 0.6866940508543149
161 8.116695067193581e-05 0.020292194542454376 0.6761618776149043 0.6756897432057611
162 8.728488229091676e-05 0.020947338592701797 0.6842690278572536 0.684311416458526
163 9.886899383873688e-05 0.021079570626886306 0.6823626657183042 0.6817236484322733
164 9.617632928328118e-05 0.020974832187406253 0.6855490162522929 0.6855329957721294
165 8.533138814489477e-05 0.020756230685700167 0.6799029622063331 0.6790518829527441
166 8.298465901802607e-05 0.0210708578460785 0.6830487020626882 0.6830480334728033
167 7.71355902642259e-05 0.020453662799114022 0.6748065728465311 0.6743018638977414
168 8.674120656126468e-05 0.02106803907250873 0.6838640909358304 0.6836298368790583
169 9.630064571548523e-05 0.02123748325215503 0.6847107873546929 0.6842820945475605
170 8.168251584660421e-05 0.021626580165300984 0.6827214769317981 0.6827227584908035
171 7.961772362544295e-05 0.0214712638081602 0.6856351955640885 0.6855758010250661
172 9.499731785349862e-05 0.021250297584419115 0.6833470150650574 0.6833850495539475
173 6.795961326479157e-05 0.021747715590932266 0.6864508629741144 0.6861321099626954
174 7.230223395673192e-05 0.02232772785217321 0.6875563758652469 0.6873016345016364
175 7.890185879483487e-05 0.021621472923460856 0.6774885487916402 0.6767699298090886
176 8.359006095896236e-05 0.02058552527057693 0.6766813489028766 0.6764236383355322
177 8.487089004193315e-05 0.021120251070452557 0.6882262013630036 0.6877840419204435
178 6.726453649087683e-05 0.020992215658773787 0.6815300632657535 0.6811153186360905
179 7.022193901379393e-05 0.02220591127464693 0.6822321990420114 0.6815381160194295
180 9.585370613251764e-05 0.02093427380754855 0.6889451050596558 0.6889675911954412
181 7.796737396027717e-05 0.021163313830016194 0.6907400524451528 0.6902846516733694
182 9.367368968100493e-05 0.019977461032590543 0.685571577739867 0.6853821697470213
183 7.329357318594157e-05 0.020379995933741495 0.6847999191574549 0.6846596412360677
184 8.110722212741742e-05 0.021062923138117366 0.6812871791032271 0.6798924306776103
185 8.759179570531455e-05 0.020898097129928715 0.6795887168942202 0.6794042401535539
186 8.508439771677699e-05 0.021020593556461877 0.6804677235915837 0.6793590390936664
187 6.40895321735158e-05 0.021888587483973054 0.6843952607729153 0.6843203758814747
188 6.958319950656299e-05 0.022253370058271972 0.6801359861631789 0.6786767465551444
189 8.08524758963211e-05 0.021270643524985946 0.6853483025739482 0.6851068958069404
190 9.682872710757028e-05 0.019357943761613282 0.680627659470165 0.6806494019821693
191 7.584052052371821e-05 0.021909222765158238 0.6840346112159895 0.6840703382278268
192 8.024509234202467e-05 0.021300964098471584 0.6868205371260697 0.6868525774219201
193 6.324216413851569e-05 0.020405695789667513 0.6848593032210452 0.6848966873082795
194 6.749543250430538e-05 0.020763660241064477 0.6778844611180337 0.6766764644831749
195 7.396965021275679e-05 0.021567640351509185 0.6838137314672699 0.6837847788560795
196 7.356536776812434e-05 0.021325495174248192 0.6856797614654695 0.6856673900297313
197 5.9471351153738113e-05 0.021527014430329495 0.6867274500995602 0.6867069209660888
198 7.910872132282352e-05 0.02036780749500325 0.6858855445150962 0.6856796371174212
199 7.433989930339935e-05 0.02125847151656193 0.6811874628988871 0.6805312982674281
200 6.656330158759186e-05 0.02197268379961889 0.6838670434267969 0.6834625244926071
