Job is using 1 GPU(s) with ID(s) 0 and 8 CPU core(s)
torch cuda is available: True
TRAIN_CSV=training_data/AV/train.csv, DEV_CSV=training_data/AV/dev.csv, MODEL_NAME=microsoft/deberta-v3-xsmall, BATCH_SIZE=100, MAX_LEN=512, LR=2e-05, EPOCH=200, DEVICE=cuda
torch.Size([100, 512])
cuda
Loading weights:   0%|          | 0/198 [00:00<?, ?it/s]Loading weights: 100%|██████████| 198/198 [00:00<00:00, 34669.46it/s]
[1mDebertaV2Model LOAD REPORT[0m from: microsoft/deberta-v3-xsmall
Key                                        | Status     |  | 
-------------------------------------------+------------+--+-
mask_predictions.dense.weight              | UNEXPECTED |  | 
lm_predictions.lm_head.bias                | UNEXPECTED |  | 
mask_predictions.dense.bias                | UNEXPECTED |  | 
lm_predictions.lm_head.dense.bias          | UNEXPECTED |  | 
lm_predictions.lm_head.dense.weight        | UNEXPECTED |  | 
lm_predictions.lm_head.LayerNorm.weight    | UNEXPECTED |  | 
deberta.embeddings.word_embeddings._weight | UNEXPECTED |  | 
mask_predictions.classifier.weight         | UNEXPECTED |  | 
mask_predictions.LayerNorm.bias            | UNEXPECTED |  | 
lm_predictions.lm_head.LayerNorm.bias      | UNEXPECTED |  | 
mask_predictions.classifier.bias           | UNEXPECTED |  | 
mask_predictions.LayerNorm.weight          | UNEXPECTED |  | 

[3mNotes:
- UNEXPECTED[3m	:can be ignored when loading from different task/architecture; not ok if you expect identical arch.[0m
Warning: You are sending unauthenticated requests to the HF Hub. Please set a HF_TOKEN to enable higher rate limits and faster downloads.
CustomBERT(
  (encoder): DebertaV2Model(
    (embeddings): DebertaV2Embeddings(
      (word_embeddings): Embedding(128100, 384, padding_idx=0)
      (LayerNorm): LayerNorm((384,), eps=1e-07, elementwise_affine=True)
      (dropout): Dropout(p=0.1, inplace=False)
    )
    (encoder): DebertaV2Encoder(
      (layer): ModuleList(
        (0-11): 12 x DebertaV2Layer(
          (attention): DebertaV2Attention(
            (self): DisentangledSelfAttention(
              (query_proj): Linear(in_features=384, out_features=384, bias=True)
              (key_proj): Linear(in_features=384, out_features=384, bias=True)
              (value_proj): Linear(in_features=384, out_features=384, bias=True)
              (pos_dropout): Dropout(p=0.1, inplace=False)
              (dropout): Dropout(p=0.1, inplace=False)
            )
            (output): DebertaV2SelfOutput(
              (dense): Linear(in_features=384, out_features=384, bias=True)
              (LayerNorm): LayerNorm((384,), eps=1e-07, elementwise_affine=True)
              (dropout): Dropout(p=0.1, inplace=False)
            )
          )
          (intermediate): DebertaV2Intermediate(
            (dense): Linear(in_features=384, out_features=1536, bias=True)
            (intermediate_act_fn): GELUActivation()
          )
          (output): DebertaV2Output(
            (dense): Linear(in_features=1536, out_features=384, bias=True)
            (LayerNorm): LayerNorm((384,), eps=1e-07, elementwise_affine=True)
            (dropout): Dropout(p=0.1, inplace=False)
          )
        )
      )
      (rel_embeddings): Embedding(512, 384)
      (LayerNorm): LayerNorm((384,), eps=1e-07, elementwise_affine=True)
    )
  )
  (classifier): Sequential(
    (0): Linear(in_features=384, out_features=1, bias=True)
  )
)
1 0.006903135622996254 0.006689557294385692 0.5778631474756981 0.575188116654852
2 0.006507213416356744 0.006361947221945348 0.6102478510322354 0.6008491345425834
3 0.00575211972782004 0.00554106969696521 0.7069413731110743 0.7044585535591015
4 0.005094308835338961 0.005247268004626677 0.7360331022145686 0.7335188247829656
5 0.004552563522416009 0.0051800725745693305 0.7319072467720917 0.7282532517103497
6 0.004070951471115527 0.005127939819076235 0.7520029587301926 0.7500787149961111
7 0.003635529265520874 0.00521215989914717 0.7633654252389178 0.7626530687271901
8 0.003211003405349289 0.005333002627482701 0.7526998580130382 0.7521877019220368
9 0.002778239092972432 0.00536234854120216 0.7694503977061039 0.7694625872694263
10 0.002417519053057695 0.005690429662397026 0.7706068271395644 0.7706925234944751
11 0.00204827051818774 0.005884427922249 0.7719531073129079 0.7718638619093762
12 0.0018277088037940616 0.00635635191423953 0.7730061438551643 0.7729916621626007
13 0.001580007032659082 0.006577523695931259 0.775886438061419 0.7758452834860148
14 0.0013045274385336714 0.007067795032932148 0.7757185917353429 0.7758249088650024
15 0.0011958974754763328 0.0073981772385315085 0.7778720717974498 0.7779840311343735
16 0.0010306290693661154 0.008047745027109277 0.7676801286884968 0.7673859426297828
17 0.0008884793293596637 0.008259448153973024 0.773927878110477 0.7740557616758468
18 0.0007875948089563014 0.008684891582669151 0.780135573928591 0.7795407180558054
19 0.0007242767408921966 0.00882969288183098 0.7690752085238526 0.7688472208300229
20 0.0006751825672029927 0.008812185163671379 0.7799041097782937 0.7800407570155246
21 0.0005570751875064865 0.009076037670283808 0.7800168058014109 0.7801571689777824
22 0.0005327579144376173 0.009648337898082532 0.781699335700674 0.7818416359398189
23 0.0004987744742171126 0.009717937067198312 0.7803084896259495 0.7803922183869356
24 0.00047570889092273227 0.009884011341657022 0.7756236663654013 0.7757564190618733
25 0.0004311079384839725 0.009377033075346645 0.7816680281549538 0.7815520142701153
26 0.0003918914319407294 0.009645845413446704 0.7767602082653702 0.7768640715181818
27 0.0003933040494585017 0.01027976059265175 0.7794660269677183 0.779478694991247
28 0.00034976716032574813 0.010530815515577068 0.7764785517686424 0.7756311560402651
29 0.0003369586375587367 0.010997004119498133 0.7765191624462757 0.7766424793067126
30 0.0003557367314268969 0.010531935725847827 0.7744919152998305 0.7744743654579118
31 0.0003664159089965237 0.010880414699247002 0.7823360153092785 0.782461325892917
32 0.0002850364296399352 0.011367611528616525 0.7878609058108588 0.7877303860668682
33 0.0002911726043366932 0.010972975570650703 0.7698776175782176 0.7698742106545384
34 0.0002811324216541451 0.01122278446509089 0.7758554090525824 0.7757180726648994
35 0.0002497979715219611 0.01140114983791464 0.7775846217335423 0.7776841042889999
36 0.00024211106421257147 0.011039826899006075 0.7828024531746074 0.7828908794606729
37 0.0002252158010883846 0.01103323958621446 0.7758755751229572 0.7759844427543283
38 0.00024252452040002885 0.01216759254831753 0.7709102095132156 0.770826465400399
39 0.0002538281488462762 0.011293248503271415 0.7751927698064236 0.7751970267626882
40 0.00020818691512448025 0.011661065951544196 0.7806158272233483 0.7807088190274344
41 0.00017831044005967836 0.01191961140698669 0.7762579505568065 0.7762888998832224
42 0.00023071828911119902 0.011434234195135083 0.7730501526827782 0.7731714114030428
43 0.0002045704669443447 0.011197617818611841 0.7835801838610829 0.7828428755986212
44 0.00024344058330454322 0.01121845309809534 0.7825831332324362 0.7820579692323868
45 0.00017397316241600419 0.011905731531051211 0.7817921441903 0.781924755129562
46 0.00017580055228861335 0.011896335430183456 0.7783541634356388 0.7784918114588444
47 0.00020091498300287412 0.011484192246370714 0.7807571568381028 0.7806958357728924
48 0.0001495587453241063 0.01285581891691468 0.7793249758898474 0.7794027745042231
49 0.00019624707690022922 0.011578841508180773 0.7798709638891413 0.7800037925976678
50 0.00017928650671141758 0.011710720111586585 0.7842285620187999 0.7843418320674052
51 0.0001548965722685401 0.011939190742111397 0.7836979492554821 0.7838185089983466
52 0.00014595730780960327 0.012228635710864718 0.7798953637201476 0.779998115898398
53 0.0001655423959567027 0.012789452800005997 0.7780664348348476 0.7780186405868668
54 0.00011373232138747348 0.012381711468441189 0.772654797430152 0.7723625263586901
55 0.00020290110284210965 0.011930484406124186 0.7780624796111002 0.7781607151512595
56 0.00015381875742949075 0.01149463514324502 0.7864613136779883 0.7862452693708719
57 0.00013950645527963283 0.011933444299384387 0.7837265828471193 0.7837791130656933
58 0.00014658428714821878 0.01237224498177816 0.7757501778179465 0.7754030938778913
59 0.00015041929963712915 0.012916171121096026 0.7818228946622529 0.7818247568516978
60 0.00011997159703796431 0.012283546994608869 0.7806197824470958 0.7800458845376883
61 0.00013403586404847794 0.012478762142013353 0.782696107792437 0.7825593101713224
62 0.00011567520829988932 0.012310224016620184 0.7834656494945335 0.7834820742756234
63 0.00015146845087340088 0.012526303465092259 0.779846006984368 0.779399968725748
64 0.00011031585491988048 0.013891505345704658 0.7741914854171458 0.7737700895595632
65 0.00011197552534403936 0.012938506283386908 0.7770521706267928 0.7770763609302891
66 0.00014041271733684544 0.01256763015110863 0.7775469635468752 0.7775995084089353
67 0.0001078899806522986 0.012426569478531303 0.7829552028015909 0.7831005935982911
68 0.00010202040779787578 0.01280302159399933 0.7738998015926071 0.7730937216880992
69 0.00010501545117737424 0.012453253253680248 0.7812217563599998 0.7813618524148909
70 0.00010694957078012024 0.013156275179914058 0.7857495962329334 0.7857932315564431
71 0.00011024042473591087 0.01255600925441101 0.7867267593280889 0.7866906248809387
72 0.00010191288837089098 0.013028891938329042 0.7802180765535228 0.7803532995048548
73 8.804975240048292e-05 0.013563285561409932 0.7752391740512365 0.7752676092682793
74 0.00010658160181450868 0.012678196100804357 0.781535723135229 0.78167760111576
75 0.0001016545257863191 0.012898068206846943 0.7831453320783577 0.7832914030258125
76 9.270116340474558e-05 0.01292965038380081 0.7883233884524401 0.7884782592258307
77 0.00010764596901960024 0.012797539150219578 0.7832426528654983 0.7833861447415242
78 0.00012620422029801734 0.012662387204532251 0.7832293945098374 0.7833717304411658
79 7.724036133068317e-05 0.012943484817783681 0.7854579124083949 0.7855955953653182
80 9.799159298512889e-05 0.013246615223826499 0.7841858344608507 0.7830290394225476
81 7.366325935440787e-05 0.014030486529286788 0.7848628462102049 0.7847280094255582
82 0.00010970271750247967 0.013137032437479677 0.7804570054923017 0.7805245986624654
83 8.977653182835062e-05 0.012593870427121946 0.7889619064044766 0.7887478933644824
84 5.460337542364674e-05 0.013797723379712778 0.7880799472161464 0.7881272163244675
85 8.676982174732566e-05 0.013671089646893035 0.7854844291197165 0.7856174029278473
86 9.070982849821396e-05 0.013211154975537842 0.7870099756313652 0.7871395769489832
87 8.819119911587819e-05 0.01353846251934732 0.7781908294070774 0.778204366353997
88 7.086354518515408e-05 0.013412998312605296 0.7882589350175679 0.7882030495785222
89 9.331792122131549e-05 0.012700441035606936 0.7867641389778722 0.7864167675132883
90 8.578448986410238e-05 0.01311684153065267 0.7852900660823187 0.7854212633039483
91 8.444659955192736e-05 0.01308434528320277 0.781845456149827 0.781937669313076
92 9.882105265456385e-05 0.013449530479765964 0.7773685328192211 0.7771469194312797
93 8.578256714749107e-05 0.013112836223839719 0.7849312548688246 0.7845811486582337
94 7.211761781009844e-05 0.013841930860751422 0.7822145732280151 0.782353369910863
95 6.004032121440034e-05 0.013095955945763986 0.7879672511930291 0.7880617715327669
96 7.036341666931521e-05 0.01322163507931622 0.7909692660174307 0.79039273974153
97 7.592693442123486e-05 0.01261111859703987 0.7890815101423078 0.7891289788950373
98 0.00010172439543253404 0.012458065704652509 0.7841270074710277 0.7842746040080042
99 5.9474939598890195e-05 0.01311448870368778 0.7836693156638447 0.7838159703550571
100 6.739233156083775e-05 0.013845516826560258 0.7810165303841402 0.7809327719222057
101 6.347648580047294e-05 0.013765476958572258 0.7957585963167173 0.79580739603217
102 6.62501259937871e-05 0.013397640693014658 0.7838127621589149 0.7838220191582481
103 6.406021837392012e-05 0.01484207974318847 0.7705214834384198 0.7696154261535106
104 0.00010599706744832552 0.013128361000991635 0.784210791365624 0.7842708452440575
105 5.852712463539243e-05 0.013028538059993357 0.7901313156567144 0.7895591422039991
106 6.19879741727976e-05 0.013472291129510231 0.7967026135227206 0.7966906087688924
107 5.255750482404608e-05 0.013102284103169498 0.7934125915606444 0.7932455387206208
108 4.819364763132076e-05 0.014156594044494247 0.7827451859913329 0.7828879179070019
109 5.528902810959975e-05 0.01395773731486618 0.7805895890489102 0.7807016514743894
110 8.114206509257994e-05 0.013877741645616939 0.7864814797483632 0.7865692209739531
111 8.25978989124656e-05 0.013129726974748917 0.7868331047102592 0.7869647101765717
112 5.1130692693390786e-05 0.01433451744982183 0.7753187241852015 0.775382779506578
113 5.437547968857167e-05 0.01376675690193119 0.7892713608821909 0.7889195608463715
114 8.709865107831198e-05 0.014199651015654204 0.7747398688336391 0.7741798948226344
115 6.149900856836892e-05 0.013724192064432634 0.7872199924416232 0.7873391058194564
116 5.376674950265633e-05 0.013855278213493975 0.7825661981899114 0.7826769820670628
117 3.163309009763472e-05 0.01356354729273513 0.7838724247593887 0.7838469455334582
118 4.96348995203827e-05 0.013454790358429617 0.7833041538094041 0.7832122579519236
119 6.385598926459559e-05 0.013498191938522799 0.7873459468204013 0.7874224197711506
120 6.573693341379834e-05 0.013606807176286661 0.792501998780677 0.7926405406230531
121 6.740741566486907e-05 0.013625968075466935 0.786439587801065 0.7865814839928326
122 4.6206865701525674e-05 0.014546678268350505 0.7808282394508055 0.780970362201568
123 3.425829686429959e-05 0.015017962069855933 0.785628432688554 0.7857137205978453
124 6.883175035525096e-05 0.014312831145703007 0.7866541169088378 0.7868061506031101
125 8.418529477940215e-05 0.013329564421081033 0.7878919348196953 0.7878577867073548
126 6.664189017611215e-05 0.012798933807406782 0.7916682821805916 0.7916721260625768
127 4.7812952268847546e-05 0.013759786450522742 0.7886970178281432 0.7888505737026152
128 5.590394279236819e-05 0.013083413499395815 0.7872748642076985 0.7869169082521861
129 4.315374640324568e-05 0.015310315035150542 0.7662368062648962 0.7647810202465785
130 5.506055782379255e-05 0.013954021070191683 0.7853521240999917 0.7853883792623867
131 5.9293865338044604e-05 0.013725495529397589 0.7838474678546153 0.7824004666285618
132 7.544668477073889e-05 0.013494384531463186 0.7836695942007283 0.7836915377316617
133 3.794083550725488e-05 0.014334598139373484 0.786100942657946 0.7859082955248986
134 4.0072308811824384e-05 0.01415228883471808 0.7853009290207802 0.785436758064052
135 4.6107189829626964e-05 0.014609580035601914 0.7864347969666665 0.7862420316191701
136 6.633675257862866e-05 0.013929225736879335 0.7918918358833943 0.7920480039844887
137 5.473057639599423e-05 0.01372202972766654 0.7869283086170844 0.7870800486229927
138 3.8648221029036084e-05 0.014070752694215715 0.7886527304636458 0.7887895595490519
139 6.243514760740653e-05 0.01333080761503859 0.7878587889305432 0.7878451421386297
140 4.7115748134610745e-05 0.014762900577012393 0.7824622482249401 0.7825879128215429
141 5.99951844304736e-05 0.01423731072804734 0.7849354886294558 0.7841701929916656
142 7.441007885992568e-05 0.013678084316107262 0.7882043417883762 0.7881675446751368
143 3.46810240731719e-05 0.01463811400138375 0.7889155021596637 0.7887416347441323
144 2.9814788635315383e-05 0.014240651571868001 0.789371077086531 0.7893513087394199
145 2.7733937701483166e-05 0.014793784604851519 0.7855597454930504 0.7857064559525659
146 4.438752302204769e-05 0.014633393767041952 0.7826409574894779 0.7826519820490143
147 5.43940707902228e-05 0.014019373172156584 0.7891101437339451 0.7890428110574439
148 4.541850838069524e-05 0.014039688330748513 0.7867050334511656 0.7868520119502292
149 3.540951089783556e-05 0.014525833948215897 0.787248904570144 0.7874006100127238
150 4.3328078881935214e-05 0.014640852751764494 0.7762807905812641 0.7759686528610832
151 3.144967067888943e-05 0.015095576069578988 0.7845316658555673 0.7846733115114151
152 5.5034604640120065e-05 0.014719024397545936 0.7903307480653942 0.790416386790953
153 4.3353512797137215e-05 0.014279735112218094 0.7818412223891957 0.7817550358619932
154 4.7505522035097184e-05 0.014120384018906126 0.7858249126062674 0.7859569158244408
155 3.260658384344613e-05 0.015011695546020198 0.7880200060787889 0.7877513790557269
156 6.650077670986718e-05 0.014241863496510828 0.7810584223314383 0.7810990431390659
157 4.6795308118439144e-05 0.013895076621698654 0.7909719399715134 0.7910679875393943
158 5.173582305275386e-05 0.014206091897745831 0.7877816342137772 0.7879240898716195
159 2.9668523992831253e-05 0.014352300669143222 0.7860373248337247 0.7861827874979537
160 4.369335942194032e-05 0.014779373588176914 0.7874960224933018 0.7872494243386776
161 3.597955145741791e-05 0.01499076861681175 0.7909538907814541 0.7905875278878013
162 5.030557811158287e-05 0.014696842508604068 0.7842815954414432 0.7843787585669583
163 5.332075388418379e-05 0.014533298442862217 0.7817083602957037 0.7818097542134994
164 3.88769322159487e-05 0.015682224904717098 0.7750628602038979 0.773998736798654
165 4.661602454793603e-05 0.014627423157939405 0.7833025940028558 0.7833047613780899
166 3.8231743695548185e-05 0.015001950539672154 0.7839363211204936 0.7835796632757128
167 3.242786837485992e-05 0.014467521857960722 0.7866299956147154 0.786718972885893
168 2.9756212802339617e-05 0.014386156465421232 0.789945977214346 0.7899786836217118
169 4.3544778569960505e-05 0.014702462337459843 0.7837684747944175 0.7837021227297842
170 3.766921949662332e-05 0.01314384832259671 0.7908107228232677 0.7909702962826712
171 2.478686843274153e-05 0.014668096778748052 0.7894225507026259 0.7894227680592393
172 5.221009499186006e-05 0.01381897005357747 0.7881926432392636 0.7881789814114248
173 6.363524065243783e-05 0.014181625260229444 0.7923996086222541 0.7914595461150972
174 4.786205555397818e-05 0.013305361881969012 0.7881332591756733 0.7882880997473902
175 3.442713465136112e-05 0.013592770923940402 0.7899504895118606 0.7900530672489767
176 2.881225813634606e-05 0.014744161177055477 0.7951836961889023 0.7951817336717535
177 2.8146280442708716e-05 0.015082673508914467 0.7917990273937683 0.7919605893075001
178 5.390720857741197e-05 0.014559367960966949 0.7849267425713099 0.7843928135207499
179 2.6856995052246907e-05 0.014445397405498675 0.7873549714154309 0.7875068908683681
180 3.5226472579249765e-05 0.014630905220907597 0.7873854433505002 0.7870848790679597
181 5.066839170141455e-05 0.01408129655000027 0.7882303014259306 0.7882854179148122
182 2.4837532066433866e-05 0.014405468211197085 0.7879961633215501 0.7881502921218406
183 3.827983181797872e-05 0.014565180174679424 0.7904500732663419 0.7904811227662231
184 4.4850470028344194e-05 0.014033203936172172 0.7857188457609806 0.7858659767770599
185 3.6856493678211525e-05 0.013955703208149324 0.7868723227034745 0.7861980265636321
186 4.009434396812656e-05 0.014146438707956066 0.7883167592746098 0.7884717671851125
187 2.303426418889508e-05 0.014287572670476218 0.7954485847652357 0.7946875605794235
188 1.578110100922372e-05 0.01485662722496085 0.7896895561592749 0.7897641384849623
189 3.656350483925418e-05 0.0156938506648673 0.7862971440387758 0.7846356962539536
190 4.231209974827767e-05 0.01461014091401631 0.7825614073555129 0.7826121623961855
191 3.8725833028512814e-05 0.014925596651560711 0.784372565587637 0.7844803905008637
192 3.55450230614329e-05 0.015692214993270476 0.7760819152463514 0.7755430711610487
193 3.4028435986855214e-05 0.0143523570513777 0.7896518979726079 0.7896632084345299
194 3.8436778922174904e-05 0.01531051216411129 0.7881754296598552 0.7882846363297727
195 2.9550164804487375e-05 0.016099149707798646 0.7885445467380436 0.7886960188502976
196 3.975988614980357e-05 0.014604352768923948 0.7857495962329334 0.7857932315564431
197 3.6795582319300496e-05 0.014874610223774915 0.7848610078667728 0.7850085505639266
198 2.192288167563375e-05 0.014986267725175756 0.7903198851269326 0.7904783591169533
199 4.0624491175218346e-05 0.014919822360843485 0.78483025739482 0.7849258133564803
200 3.176343239289117e-05 0.01471470225022429 0.788060059682655 0.7881166619233947
