Job is using 1 GPU(s) with ID(s) 0 and 8 CPU core(s)
torch cuda is available: True
Warning: You are sending unauthenticated requests to the HF Hub. Please set a HF_TOKEN to enable higher rate limits and faster downloads.
TRAIN_CSV=training_data/AV/train.csv, DEV_CSV=training_data/AV/dev.csv, MODEL_NAME=microsoft/deberta-v3-xsmall, BATCH_SIZE=1024, MAX_LEN=50, LR=2e-05, EPOCH=100, DEVICE=cuda
torch.Size([1024, 50])
cuda
Loading weights:   0%|          | 0/198 [00:00<?, ?it/s]Loading weights: 100%|██████████| 198/198 [00:00<00:00, 37013.51it/s]
[1mDebertaV2Model LOAD REPORT[0m from: microsoft/deberta-v3-xsmall
Key                                        | Status     |  | 
-------------------------------------------+------------+--+-
mask_predictions.LayerNorm.weight          | UNEXPECTED |  | 
lm_predictions.lm_head.bias                | UNEXPECTED |  | 
mask_predictions.classifier.weight         | UNEXPECTED |  | 
lm_predictions.lm_head.dense.weight        | UNEXPECTED |  | 
mask_predictions.dense.bias                | UNEXPECTED |  | 
lm_predictions.lm_head.LayerNorm.bias      | UNEXPECTED |  | 
mask_predictions.LayerNorm.bias            | UNEXPECTED |  | 
mask_predictions.dense.weight              | UNEXPECTED |  | 
mask_predictions.classifier.bias           | UNEXPECTED |  | 
lm_predictions.lm_head.LayerNorm.weight    | UNEXPECTED |  | 
deberta.embeddings.word_embeddings._weight | UNEXPECTED |  | 
lm_predictions.lm_head.dense.bias          | UNEXPECTED |  | 

[3mNotes:
- UNEXPECTED[3m	:can be ignored when loading from different task/architecture; not ok if you expect identical arch.[0m
CustomBERT(
  (encoder): DebertaV2Model(
    (embeddings): DebertaV2Embeddings(
      (word_embeddings): Embedding(128100, 384, padding_idx=0)
      (LayerNorm): LayerNorm((384,), eps=1e-07, elementwise_affine=True)
      (dropout): Dropout(p=0.1, inplace=False)
    )
    (encoder): DebertaV2Encoder(
      (layer): ModuleList(
        (0-11): 12 x DebertaV2Layer(
          (attention): DebertaV2Attention(
            (self): DisentangledSelfAttention(
              (query_proj): Linear(in_features=384, out_features=384, bias=True)
              (key_proj): Linear(in_features=384, out_features=384, bias=True)
              (value_proj): Linear(in_features=384, out_features=384, bias=True)
              (pos_dropout): Dropout(p=0.1, inplace=False)
              (dropout): Dropout(p=0.1, inplace=False)
            )
            (output): DebertaV2SelfOutput(
              (dense): Linear(in_features=384, out_features=384, bias=True)
              (LayerNorm): LayerNorm((384,), eps=1e-07, elementwise_affine=True)
              (dropout): Dropout(p=0.1, inplace=False)
            )
          )
          (intermediate): DebertaV2Intermediate(
            (dense): Linear(in_features=384, out_features=1536, bias=True)
            (intermediate_act_fn): GELUActivation()
          )
          (output): DebertaV2Output(
            (dense): Linear(in_features=1536, out_features=384, bias=True)
            (LayerNorm): LayerNorm((384,), eps=1e-07, elementwise_affine=True)
            (dropout): Dropout(p=0.1, inplace=False)
          )
        )
      )
      (rel_embeddings): Embedding(512, 384)
      (LayerNorm): LayerNorm((384,), eps=1e-07, elementwise_affine=True)
    )
  )
  (classifier): Sequential(
    (0): Linear(in_features=384, out_features=1, bias=True)
  )
)
1 0.0006960654868509655 0.0006877170487475001 0.5398136721946211 0.5162288172870388
2 0.0006700800050207559 0.0006808463627640043 0.5489943035864855 0.5379656493439499
3 0.0006618205904939071 0.0006740344957141313 0.5617412655289884 0.5587102754351998
4 0.0006522650665731974 0.0006687640944884612 0.5754271753062123 0.5730200186893513
5 0.0006432830004427638 0.0006637393821564816 0.5814081978084272 0.5807252345077604
6 0.0006333759400009941 0.0006600583154610554 0.5978481688762441 0.5934423376882115
7 0.0006232486272114375 0.00065847511743437 0.599776813965884 0.599080640705141
8 0.0006140212619744097 0.0006601594533940976 0.6071186562667679 0.6023827582741315
9 0.0006036570442786753 0.0006579175708330912 0.610969762927231 0.6028015571806002
10 0.0005901155149919858 0.0006576604742091227 0.6159537348007993 0.612019360759807
11 0.0005758572400135892 0.0006514394818373918 0.6173475333664904 0.6172070340648196
12 0.000566126731621677 0.0006513939503733869 0.6276816417008487 0.6276483794716318
13 0.0005553982297776383 0.0006582620305806553 0.6247959995864284 0.6241297988338648
14 0.0005358404522068408 0.0006679386402755832 0.6324867928951258 0.624708066489918
15 0.0005212578242893644 0.0006708081866989505 0.6377778238292091 0.6320204419967788
16 0.0005076904924855202 0.0006611573463406842 0.6332354443309499 0.6330650109077247
17 0.0004965132685562888 0.0006832009799568359 0.6400593751504099 0.6329483700249724
18 0.00047974350616900263 0.0006676032510162613 0.6398748723186926 0.639577813490857
19 0.0004608867381289464 0.0006968384490831853 0.6419368251608384 0.637717168529059
20 0.000441443197583081 0.0007079455702527226 0.6456399730287165 0.6398795294452163
21 0.00042828774976604424 0.0007041734804121298 0.6513359408842231 0.6492244659057653
22 0.00041204971027405317 0.0007237499909549728 0.6485563656150897 0.643937853658865
23 0.0003986372938377961 0.0007411743889224166 0.6484277372822288 0.640418126719021
24 0.0003774419259271207 0.0007660510483119079 0.6513176131572802 0.6448094795654222
25 0.000363986885151323 0.0007374594968645874 0.6549465587993589 0.6534235484617164
26 0.0003511713604046804 0.0007667717841358589 0.6572633728900275 0.6544191856406777
27 0.0003432890951678734 0.0008092632322344819 0.6527193221704664 0.6458986772894854
28 0.0003190263542481926 0.0007888671255024172 0.6603370274008987 0.6594089526292917
29 0.0003071802119479417 0.0008097348081116761 0.6529428758732688 0.648163971531978
30 0.00028815790048639334 0.0008528553721464359 0.6564052564589361 0.6518290297627689
31 0.000280743028123735 0.0008422143964960005 0.6618333832471428 0.6588030736879782
32 0.00026993086081193187 0.0008388661431208012 0.6619156073351908 0.6608444104911286
33 0.00025360615330296497 0.0008482393787994461 0.6621240643389006 0.6621547207580006
34 0.00024827810546982086 0.0009274162077334853 0.6598122082047607 0.6542609647332372
35 0.0002370775807884061 0.0008881954364658854 0.6623531330719988 0.6602646114709629
36 0.0002160014604403504 0.0009665103999398376 0.6594011991792743 0.6555267051176499
37 0.00020504497886199974 0.0009801330300656858 0.6638341136822664 0.6596356347938217
38 0.0002002384177649094 0.0010027795328871945 0.6562989110767657 0.6499751058003485
39 0.00019360965051979783 0.000993825260275655 0.6589546488474366 0.6554849487919046
40 0.0001780419659865548 0.00103371029562133 0.6559077895847706 0.6513145344667084
41 0.00017226438263073863 0.0010552010471745641 0.6575749442480573 0.653652958474831
42 0.0001733440227810072 0.0010340020331559864 0.6604937322516298 0.6584638911916508
43 0.00016436801188132597 0.001068002340611802 0.6574314977529873 0.6550906754455528
44 0.00015637141528455773 0.0010537839226266805 0.6602770862635413 0.6583777236040986
45 0.0001528814978914013 0.0011380580874729013 0.6618484799462356 0.6561679914036092
46 0.00014006365385068652 0.0011327162660980353 0.6570133024759033 0.6526800319261603
47 0.00013285368229223955 0.0011327192697026943 0.6594611403166318 0.6570486226752211
48 0.00012802727849560338 0.0011376984903535123 0.6588310898858578 0.6567801463569838
49 0.0001200281634230873 0.0011671456116259884 0.6622759783552331 0.66115270806623
50 0.00011926285729275268 0.0011937388708610159 0.6597971115056679 0.6568665472348401
51 0.00011683935212255823 0.0012550468578494572 0.6607628545885944 0.6546912512747816
52 0.00011238499840334917 0.0011861523821261218 0.6662801131795633 0.6654689629123711
53 0.00010652831350847552 0.0012051921524946626 0.6644803749596678 0.6636062255451842
54 0.00010129477616756786 0.0012234048375537553 0.66367529195122 0.6616251758008103
55 0.00010140492659904019 0.0012238378141273666 0.6637020871994253 0.6627259812207578
56 9.130900985480553e-05 0.0012868346822653672 0.6670668684610681 0.6648800644579366
57 9.25033473849482e-05 0.0012776948525275848 0.6684335932416703 0.6676502296173277
58 9.239409421436677e-05 0.0013243505597890328 0.6581739656699949 0.6531990837198548
59 8.94024549838806e-05 0.0012895565050463436 0.6639582297176125 0.6615864897398913
60 8.219140773657344e-05 0.0013556746157107201 0.6623947464824134 0.6579405537766481
61 8.156622483697282e-05 0.0013305584735510724 0.6669875968639868 0.6661078955649233
62 7.74811875008124e-05 0.0013458471196373695 0.6681684261284532 0.6677657181528239
63 7.639884802106881e-05 0.0013988730546609799 0.6605154581285531 0.6562183110864683
64 7.648542102919393e-05 0.0013720573098755392 0.6618644122559794 0.6592616899601854
65 6.95944106238574e-05 0.001433810248073385 0.663781080259623 0.6597836503166845
66 6.585166025915561e-05 0.0013786772943271057 0.6708302360031875 0.6699451631146001
67 7.355096391993631e-05 0.0013615774348485097 0.6680000227286097 0.6664142330189011
68 6.403511529099392e-05 0.0014243979257513282 0.6623727420686065 0.6586363715793521
69 6.443900802272345e-05 0.0013882230483051455 0.6676953590852938 0.6674452047641231
70 6.317807238780653e-05 0.0014439856451102335 0.6655322973543898 0.6624299179801522
71 6.182039038569961e-05 0.0014501071505369138 0.6666534640183824 0.6646793502295136
72 5.819080796052185e-05 0.0014768833710676677 0.6657157974533261 0.6625594493814797
73 5.75293231897941e-05 0.001425559783686029 0.6697873382034951 0.6697998706655504
74 6.06084421227992e-05 0.0014210502989559087 0.6722584617276952 0.67120380355591
75 5.914105454626422e-05 0.0015396181299434607 0.6639025223408864 0.6587497320421767
76 5.293575145183724e-05 0.0014958151310170093 0.6652939254893783 0.6641455686898736
77 5.551288889845895e-05 0.0014994821543687974 0.6664614963981839 0.6658884459311192
78 4.9778203992824995e-05 0.001503728555157052 0.6646617581782887 0.6640356875658708
79 5.542589353893219e-05 0.001523072644384401 0.6651255220895347 0.662256787410006
80 4.6382476824481264e-05 0.001504713976182306 0.670133893794109 0.6695600014703376
81 4.544445248725329e-05 0.0015473660176730845 0.6666248304267451 0.6651294371150095
82 5.088152061822131e-05 0.0015125952160022263 0.6685905766292848 0.667823623010825
83 4.517290587169589e-05 0.0015294343387267037 0.6615687732076931 0.6612703422281055
84 4.599830489796357e-05 0.0015276035720669884 0.6654933578980583 0.6654048583768195
85 4.722016507713399e-05 0.0015324465563713798 0.6676112966538139 0.6672744061579021
86 4.5178184994687666e-05 0.0015617941011874083 0.6652186091160444 0.6634941039755833
87 4.080792758479734e-05 0.0016419357436339406 0.6605175750088687 0.6555336004283089
88 3.930748339689999e-05 0.0016121559582268994 0.6692314899985204 0.6674965623634481
89 4.162009834684762e-05 0.00155307497501612 0.6698244393163948 0.6694370494156839
90 3.937194555446932e-05 0.0016026316869841698 0.6691848072168238 0.6661619690188127
91 3.788727020788688e-05 0.0016108278676820243 0.6675643353352336 0.6653877738622123
92 4.167295123144509e-05 0.001613817886500213 0.6723509916804375 0.66986803879503
93 4.54196016757778e-05 0.0016178794164162693 0.6657091682754956 0.6625747391822069
94 3.639075076149233e-05 0.0016136459052692009 0.6735007919360675 0.6715310289091156
95 4.0412065526711436e-05 0.001609287277080371 0.6691697105177309 0.6679494122796201
96 4.470194935705927e-05 0.001606361965056594 0.671106266054866 0.6688372357700831
97 3.9022732572557615e-05 0.0016262816523503088 0.6664811053947916 0.6649321874702063
98 3.509719885765236e-05 0.0016660733472002023 0.6703234659971086 0.6674004704832686
99 3.5044353722003706e-05 0.0016474325987486296 0.6647678250235753 0.6639734013331811
100 3.345701194609902e-05 0.0016452199764687729 0.6685375432066415 0.6678552991668748
