Job is using 1 GPU(s) with ID(s) 0 and 8 CPU core(s)
torch cuda is available: True
Warning: You are sending unauthenticated requests to the HF Hub. Please set a HF_TOKEN to enable higher rate limits and faster downloads.
TRAIN_CSV=training_data/AV/train.csv, DEV_CSV=training_data/AV/dev.csv, MODEL_NAME=microsoft/deberta-v3-xsmall, MARGIN=1.5, DIST_LOWER=0, BATCH_SIZE=64, MAX_LEN=50, LR=2e-05, EPOCH=300, DEVICE=cuda
torch.Size([64, 50])
cuda
Loading weights:   0%|          | 0/198 [00:00<?, ?it/s]Loading weights: 100%|██████████| 198/198 [00:00<00:00, 43031.88it/s]
[1mDebertaV2Model LOAD REPORT[0m from: microsoft/deberta-v3-xsmall
Key                                        | Status     |  | 
-------------------------------------------+------------+--+-
lm_predictions.lm_head.LayerNorm.bias      | UNEXPECTED |  | 
lm_predictions.lm_head.LayerNorm.weight    | UNEXPECTED |  | 
mask_predictions.classifier.weight         | UNEXPECTED |  | 
lm_predictions.lm_head.dense.weight        | UNEXPECTED |  | 
deberta.embeddings.word_embeddings._weight | UNEXPECTED |  | 
mask_predictions.LayerNorm.weight          | UNEXPECTED |  | 
mask_predictions.dense.bias                | UNEXPECTED |  | 
mask_predictions.classifier.bias           | UNEXPECTED |  | 
mask_predictions.LayerNorm.bias            | UNEXPECTED |  | 
lm_predictions.lm_head.dense.bias          | UNEXPECTED |  | 
lm_predictions.lm_head.bias                | UNEXPECTED |  | 
mask_predictions.dense.weight              | UNEXPECTED |  | 

[3mNotes:
- UNEXPECTED[3m	:can be ignored when loading from different task/architecture; not ok if you expect identical arch.[0m
CustomBERT(
  (encoder): DebertaV2Model(
    (embeddings): DebertaV2Embeddings(
      (word_embeddings): Embedding(128100, 384, padding_idx=0)
      (LayerNorm): LayerNorm((384,), eps=1e-07, elementwise_affine=True)
      (dropout): Dropout(p=0.1, inplace=False)
    )
    (encoder): DebertaV2Encoder(
      (layer): ModuleList(
        (0-11): 12 x DebertaV2Layer(
          (attention): DebertaV2Attention(
            (self): DisentangledSelfAttention(
              (query_proj): Linear(in_features=384, out_features=384, bias=True)
              (key_proj): Linear(in_features=384, out_features=384, bias=True)
              (value_proj): Linear(in_features=384, out_features=384, bias=True)
              (pos_dropout): Dropout(p=0.1, inplace=False)
              (dropout): Dropout(p=0.1, inplace=False)
            )
            (output): DebertaV2SelfOutput(
              (dense): Linear(in_features=384, out_features=384, bias=True)
              (LayerNorm): LayerNorm((384,), eps=1e-07, elementwise_affine=True)
              (dropout): Dropout(p=0.1, inplace=False)
            )
          )
          (intermediate): DebertaV2Intermediate(
            (dense): Linear(in_features=384, out_features=1536, bias=True)
            (intermediate_act_fn): GELUActivation()
          )
          (output): DebertaV2Output(
            (dense): Linear(in_features=1536, out_features=384, bias=True)
            (LayerNorm): LayerNorm((384,), eps=1e-07, elementwise_affine=True)
            (dropout): Dropout(p=0.1, inplace=False)
          )
        )
      )
      (rel_embeddings): Embedding(512, 384)
      (LayerNorm): LayerNorm((384,), eps=1e-07, elementwise_affine=True)
    )
  )
)
1 0.5457971746271307 0.5198524464913249 0.5 0.3377168747927948
2 0.5011030922395571 0.49557256388302223 0.5005107252298264 0.3388492828039905
3 0.4693229294968631 0.474432005898972 0.5018792883538604 0.3421598727500544
4 0.44103937860086007 0.4634150806301606 0.5030842389124495 0.3453747470580146
5 0.41192436915155006 0.45673588753223976 0.5072230741737036 0.3565589433460966
6 0.3853976638126584 0.44135533432600077 0.5116559886766957 0.36625728744056607
7 0.35541518215884205 0.43598294906578017 0.5241565568919384 0.3947445985694434
8 0.327418784348642 0.4327729799782078 0.5267897331750352 0.4027862538018484
9 0.3016251993305245 0.4354537387493356 0.5303515514281588 0.40932640266713516
10 0.2765587784725372 0.43798016268562917 0.5415034440528588 0.43342799507415175
11 0.25198976723514643 0.4305196487105949 0.5431748324767768 0.4407162329760521
12 0.2306388790052094 0.4368888861982249 0.5577249307891552 0.4689396248084258
13 0.2088965981680142 0.4474398175205668 0.5472030885952294 0.4512488424100455
14 0.19056234610553796 0.44120199310745756 0.5680587605866299 0.48958379036251276
15 0.17276529566672338 0.4454723652865599 0.5663186849672084 0.48980567820481513
16 0.1597573001370159 0.45238936526258583 0.5634577212206778 0.4858210021182642
17 0.14746294743339494 0.45133769116337225 0.5597699485887762 0.4768681578082446
18 0.13862477331082496 0.45057316198783426 0.568558344341111 0.4941244542328927
19 0.12848974696479762 0.4561525136704797 0.5652993513878712 0.4920881150584786
20 0.1182612501168628 0.4604952460673622 0.5616646121786131 0.48471000478299753
21 0.11097712619938675 0.4635445050399172 0.5696150575702315 0.5004231164901346
22 0.10479591766754583 0.46050515661012065 0.5619541791228362 0.487956178492807
23 0.09532171975331657 0.46661761032606075 0.5639705633308197 0.4906616018984802
24 0.09173235190146282 0.45705323781828716 0.5702562494763507 0.5005932030328781
25 0.08514380239394166 0.45819493762722363 0.567992190271442 0.4995312472918698
26 0.08088003848200445 0.45710996242391433 0.5626926918160962 0.4865727945170464
27 0.07704489307785131 0.4697645589343777 0.5718369462909583 0.5077395228498214
28 0.07416075648970988 0.4704041187420684 0.5716977335565194 0.5046169794297188
29 0.06787191293598649 0.47305436104899073 0.572064733754392 0.5057614626441544
30 0.06558126014733899 0.46893698222725094 0.5693010907950022 0.5004914153498278
31 0.06291645322199457 0.4619220798568178 0.5724959088502533 0.5047668922376141
32 0.062457907490088074 0.47134074690583433 0.5784100825003967 0.5167116466641354
33 0.05814403278914003 0.4613654932155447 0.5813108213139098 0.5213522958785107
34 0.0553525167777156 0.4664087230288364 0.5758410811152884 0.5088526039013481
35 0.053293815139699025 0.46110076242310366 0.5828939135457166 0.5214735335227134
36 0.0498716911419003 0.45762412289078874 0.5801435289419876 0.5166340043976604
37 0.04855308034022146 0.47994875148045646 0.5788765203657256 0.5199000977498358
38 0.04684342170802685 0.47970350759764974 0.5765241649687058 0.5134938868977126
39 0.04574804668190536 0.4714029545420381 0.5897388460462024 0.5358409382414266
40 0.04377718367340449 0.4827765018100952 0.577678198984967 0.5179211219227049
41 0.04165717522444137 0.47908943554365674 0.5707073121057031 0.5000172170936852
42 0.040911003821657646 0.4866037968699689 0.5730551552052081 0.5101948266659301
43 0.039766448811874446 0.4797532393342363 0.581679938392098 0.5256966076078704
44 0.03771360289303158 0.4854416073054876 0.5778351823725816 0.5179059121235936
45 0.03730469136956899 0.4753475836873671 0.588434457820157 0.5318018244959766
46 0.03591474261413421 0.4880764542886297 0.5842049309495924 0.5258197797142129
47 0.03346302199630218 0.4815344518479771 0.5856663025632524 0.5299184776941633
48 0.03267459603435452 0.4887816522866562 0.5819984174648419 0.5225447245646109
49 0.03278611118859123 0.4862245123354159 0.5867917029878762 0.5304047537185911
50 0.030703994108558248 0.4763555902283438 0.598158124720349 0.5468223982733452
51 0.030059895518719362 0.4955717042553471 0.5929180103285934 0.5454620150198017
52 0.029589034975150755 0.4898600260841017 0.5947222608460034 0.5441093122051789
53 0.027953379618139606 0.49530476965252596 0.5934929104564083 0.5445422314519759
54 0.027782698689401312 0.5008262100868982 0.5892037209853699 0.5376212082743226
55 0.0270261032227794 0.48546080936996483 0.5925091181834226 0.5408160956590837
56 0.026045612208953545 0.49675087027292747 0.5836830642444208 0.5280055896397996
57 0.025193281100049265 0.48845267124771174 0.6037715899509241 0.5578301710649178
58 0.02377945217697949 0.5022140369577597 0.5863804154255062 0.5316087743356362
59 0.023867205141663867 0.4959228373361553 0.594808440157799 0.5457001760658613
60 0.02331464596285953 0.49863387037353923 0.5939174563744392 0.5437100870581966
61 0.022067676658107355 0.48619857837734926 0.6009615427467213 0.5523204549003833
62 0.02255610461471024 0.4933602527049991 0.5994492545907335 0.5504258650933027
63 0.022869523808031814 0.5027589143943691 0.6007138677497963 0.5534852005101116
64 0.02022088790010605 0.4961835915947247 0.5974792746275628 0.5487440609833429
65 0.02142178879474863 0.49775915736251414 0.595911836168616 0.5428828072140174
66 0.020551534478814387 0.5099055157983997 0.5982729376237819 0.5517565337800789
67 0.01871985051953033 0.501135997813591 0.5984034043000748 0.5513008826657251
68 0.018303504218474893 0.5085289680001017 0.5985603876876893 0.5513137093334244
69 0.01767538645262053 0.5092645655007747 0.5961061992060139 0.5493544524487509
70 0.017179647965743953 0.5159623610561606 0.5970038121672041 0.551405762675555
71 0.01839816086531953 0.5051017689939614 0.6019851100866895 0.5566123383794004
72 0.017736070662078166 0.5040394948357516 0.6065704956797815 0.5656095817482891
73 0.017078426021339882 0.5178214400514386 0.6110299268940954 0.5723622277670346
74 0.016540391684587607 0.5147632415557611 0.6061769787705873 0.5642617878794179
75 0.01571565229843655 0.5128236681834577 0.6078926545590025 0.566893250521823
76 0.016350833221165484 0.5211374100472361 0.5983591169355773 0.553260712167592
77 0.016093409654826172 0.5091576034390586 0.6048725905445419 0.5606746557124409
78 0.01479485485120167 0.5191786018293926 0.6011604180816341 0.5558395983575304
79 0.014548563191321731 0.5207921842412441 0.5983524877577469 0.5531460400179756
80 0.01408181350633868 0.5211669379873545 0.6051356407774433 0.5624779227295534
81 0.014054040812343781 0.5177227824195366 0.6021442103546197 0.5593166884193976
82 0.017554339680576646 0.5259379007055269 0.6109326061069545 0.5732521008838787
83 0.01360413883635679 0.5239987993168748 0.5994534883513647 0.555976154053856
84 0.01282050919934697 0.520564286791978 0.6099289263004776 0.5696728016002394
85 0.013811251135576748 0.521597678446917 0.6067937708457004 0.5667028605853837
86 0.012220945969739855 0.5288852597444618 0.6091307510067436 0.5693187122247992
87 0.012983048301363579 0.5310962695461192 0.5991594091096268 0.5562692855558938
88 0.014068161557630922 0.515007798468432 0.6069154914638473 0.5636074488097274
89 0.014003040219760858 0.5358530993296908 0.6003842472017071 0.5585180660032869
90 0.01244549672115782 0.5229318403310536 0.6008199345950831 0.555346864521533
91 0.011503843348782595 0.5132198037755881 0.6143398363896628 0.5731899960424299
92 0.01138039421285712 0.5234387757562147 0.6105854934425733 0.5726763413223698
93 0.010587321097683563 0.525404914679003 0.5970016952868885 0.5485941184692134
94 0.011278973548210414 0.5256891739143665 0.6120248606424263 0.5733776383910792
95 0.009992102512043534 0.5358281761741034 0.6035392901899754 0.5618053814656974
96 0.011016907525451545 0.5266897089191337 0.5999024341004016 0.5529482932592109
97 0.01077208581555706 0.529791799984809 0.5984585546030337 0.5549603612644255
98 0.010185911756617863 0.5389416104422852 0.6002338929919229 0.5586035655813898
99 0.0107693925423909 0.5525207287199446 0.5877399539545107 0.5395307278814327
100 0.010466601398122883 0.5319061317488405 0.6068998376909871 0.5683771151560777
101 0.009146437278011404 0.52839527992619 0.6088101550536841 0.5691554280285644
102 0.010243850985993197 0.5275943847763186 0.604355236136885 0.5598263302019051
103 0.009723183543737385 0.5337401634660603 0.6046402907835933 0.5645396164719014
104 0.011593157995912819 0.5209313968217335 0.6045519945914822 0.5605224773315527
105 0.010224961286942133 0.535086542820465 0.6077290419935575 0.5667595615891399
106 0.009121690569283436 0.5401557326893685 0.6071607710435729 0.5676036616195862
107 0.008872728571508667 0.5303299453686976 0.6131104860000677 0.573385065860667
108 0.00918573794812821 0.5402313062469569 0.6062963039715349 0.5661953251487108
109 0.007943000969901269 0.5451285573729246 0.5999376968698693 0.5562601308926316
110 0.009370040620576066 0.5348805897466213 0.6122038484438479 0.5761067361516086
111 0.0079719153673316 0.5425668536930476 0.6083834922553376 0.5672943536563855
112 0.007852879418935815 0.5383888310191032 0.6048548198913661 0.5629787185565533
113 0.008484439630370941 0.5392670781787838 0.604750869926395 0.5638190460534173
114 0.008745901841022462 0.5381828707843477 0.6130264235685878 0.5744964033253683
115 0.0077772695958362075 0.5335048065745689 0.5980385209825176 0.5531124225056445
116 0.010724508210472746 0.5528117806370819 0.6044634198624874 0.564193479360962
117 0.0082608685999795 0.5423775390772674 0.6068712040993498 0.5654458788008464
118 0.0067153193450903825 0.5492032921694165 0.6044811905156631 0.5619465121031694
119 0.00875198956614952 0.5454498938998574 0.6060618873302708 0.5673946718696266
120 0.007866528154592484 0.5386579148502436 0.6125753609392353 0.5747053506389123
121 0.007553496652365688 0.547722666088138 0.6039837236414977 0.561438032320689
122 0.007092013660521453 0.5587630323629317 0.6034485985806652 0.5628590242091422
123 0.00945515257450898 0.5418415120502117 0.6077112713403818 0.5689457333845914
124 0.006099854643968978 0.541682385133221 0.6173222422174567 0.5810144114218123
125 0.007100173021429756 0.5397417185283873 0.6158542414259662 0.5775128759310125
126 0.006763930621943408 0.5468509434738681 0.6143042950833115 0.5774731452563037
127 0.00632745993344142 0.5557655284823668 0.6099331600611086 0.5745016298363057
128 0.0066367102400057615 0.5406214489515926 0.6109591228182762 0.5736576266095439
129 0.009162898944619465 0.5339437456415826 0.6120492604734324 0.5713107088287939
130 0.006760757348700283 0.5508476714349521 0.6121951023857017 0.5736156381684873
131 0.005048147086917252 0.5515619335559658 0.6108021394306618 0.5736233602075969
132 0.0059448836157499 0.5539556284012866 0.6075874338419194 0.5694305111435631
133 0.006243750845429021 0.5488912282275692 0.6063803664030147 0.5650455586125902
134 0.005260543638259282 0.5548960499387143 0.6069661294692914 0.5694030952498614
135 0.006283797186783209 0.5575161642211119 0.6059645665431299 0.5682890023527072
136 0.008500648893366604 0.5566506556869448 0.6056683704210765 0.5660820588422063
137 0.005775448153318926 0.5471887262281663 0.6148216494909683 0.5782796209399789
138 0.008105558268605931 0.5556815494465426 0.613185523836518 0.5769213968719714
139 0.006196080399043428 0.5595701115170764 0.6087480970360111 0.5729612664393564
140 0.007869819127225636 0.5396417340591 0.6071918000524095 0.5656045975008488
141 0.005644570068896811 0.564837256039639 0.6115162522929156 0.575067415263172
142 0.00539416422444772 0.5615443823712707 0.605250453680876 0.5668266351850361
143 0.005283914204563301 0.5587043004741697 0.6096833681838683 0.5730780774413214
144 0.005276525167869822 0.5611878787657663 0.6112863479491664 0.5739281044570195
145 0.0053304287053498305 0.590737255471349 0.5974524793793574 0.5563478411840055
146 0.006680073123098442 0.5533019993115442 0.6129158444257862 0.5751792964746668
147 0.0069860260875284665 0.5549592499181581 0.6081710800278803 0.5712588620880862
148 0.006040129601552199 0.5565066055127262 0.61484816620229 0.578676528833967
149 0.004786456764058086 0.5635921437533853 0.6188697931429121 0.5855787665899468
150 0.0044695802151001095 0.5683972603606796 0.6087038096715136 0.5745789681354382
151 0.0034288869975910635 0.5639593995474782 0.6157789250526324 0.581019270429778
152 0.0052290352149863654 0.5458443910753749 0.6175654049168668 0.5823275366724374
153 0.006062818988626705 0.5589446731865276 0.6180384719600263 0.5847044501931455
154 0.007275341124930577 0.5578852108796729 0.6091307510067436 0.5693187122247992
155 0.005230708861926295 0.5705927319385841 0.6059269083564631 0.5700655043437216
156 0.005368900820394589 0.5642357633206555 0.6087791260448476 0.5710899721490619
157 0.004231697103185911 0.5517085341286941 0.6183436926771093 0.5824236197994994
158 0.005604294935448946 0.5630992279612876 0.6066476503965474 0.5715917277150362
159 0.0057995709133190024 0.5564018410552668 0.6170435382116951 0.5836931606096835
160 0.005028240757990007 0.559304749927874 0.6129511071952539 0.5780231127710662
161 0.006564445912221301 0.5462865735580263 0.6156595998516847 0.5792573390720518
162 0.0037964731276960333 0.5673578030952086 0.6156086833093568 0.5807861409508
163 0.004122059727458556 0.5623903295223212 0.6124183775516207 0.5746719136637257
164 0.00648219275277469 0.5621058280890083 0.6117440397563494 0.573825751365102
165 0.00497803498991137 0.5652093640675474 0.6125509611082292 0.5766748291187445
166 0.004433158273404601 0.5571387962648114 0.6189029390320643 0.5860463930626163
167 0.006972455430010554 0.5616184201519815 0.6180628717910324 0.5828344058331997
168 0.004881718776303711 0.5667719959556291 0.6078152213053531 0.5681401353788109
169 0.004487141980565724 0.5704802788897227 0.6166964255473139 0.5831360357202162
170 0.005213594668197575 0.5546219661998446 0.6174171675873982 0.5846232379277871
171 0.004163869841552758 0.5522701598240143 0.6161549498455345 0.5773726630379893
172 0.005074819703482125 0.5588029272345854 0.6220712403759936 0.5894973485816509
173 0.004513639679098209 0.5560540549846199 0.6176979884734753 0.5842417756785181
174 0.00455888287979494 0.5671453350238363 0.6145495746630372 0.581072026301428
175 0.004285670457481885 0.5597249239051598 0.6141759452873342 0.5801334084285857
176 0.004777270135247137 0.558296480183607 0.5966479534446767 0.5478531440105359
177 0.005140130437385784 0.568621594540249 0.6112486897624994 0.5756863552155984
178 0.005394181093033327 0.5700753560631935 0.6127188074343054 0.5812841339118129
179 0.003963916164100573 0.5579871641223029 0.6115207645904305 0.572766587755333
180 0.0029162641919108136 0.5775621322843162 0.6117660441701562 0.5764860144848343
181 0.004585928300443651 0.5683412932203864 0.6052016540188638 0.570759953102694
182 0.006524131855197086 0.5736615212636381 0.6159711712097147 0.5837575910428046
183 0.0052540443455720565 0.5659165652112931 0.6121420689630584 0.5727863211738191
184 0.003403805302210009 0.5727184508253811 0.6114388190392661 0.5762140216565863
185 0.00420502670160752 0.5656172028173494 0.6141295410425212 0.5794613424972507
186 0.004458775054724738 0.5426441570086569 0.6115608181942966 0.5657625954962384
187 0.004076050957032466 0.5743250306611782 0.6005542104080989 0.5659948060543742
188 0.0036830116048936616 0.5543554975336827 0.6200461101098638 0.5847658243586767
189 0.00475782832184089 0.5774750543241407 0.610373081215116 0.5764206176240294
190 0.004154421564700854 0.5613567750759879 0.613349136401963 0.5770571933317024
191 0.0032969989569570195 0.5827874626517395 0.6141958328208255 0.5804192314474472
192 0.003986839143843622 0.5683007599136656 0.6165725880488513 0.5835632096625959
193 0.0034473151542243376 0.5672526474928351 0.6198270687045762 0.588208643609301
194 0.0044515592183575325 0.5582619143033613 0.6116400897913781 0.5746021954365815
195 0.003567267002832509 0.5719116378980229 0.612493415388071 0.5780973396504879
196 0.005446248575983045 0.5647178973257293 0.6131810115390032 0.579122712936403
197 0.0036096699113764836 0.5742523550450175 0.6117350151613197 0.5782740176418097
198 0.0029503370311473862 0.5793744721676021 0.6060308583214342 0.5693021082017669
199 0.0024414792932087254 0.5750368501156216 0.6131722654808571 0.5767226760088751
200 0.003723462665287052 0.5889626879654681 0.613295824442436 0.5828724049005989
201 0.006831546172457071 0.579257346066851 0.6191328433758135 0.5871086772903189
202 0.003962109702468906 0.5725908281010259 0.6172402966662923 0.5842992888324366
203 0.004282840147457613 0.5600991050965913 0.6101100309822146 0.5748334013841546
204 0.0029864046069447833 0.5720042714526811 0.6083346925933255 0.5713939730414195
205 0.002880005774732411 0.5767663824882489 0.603508261181139 0.5638153857528256
206 0.003382875731464397 0.5670021979454343 0.6119362859134316 0.5767196925825978
207 0.003472518902354866 0.584531398004907 0.6083500678293019 0.5739215360677011
208 0.0044621076053198115 0.57255753972744 0.6057611789107025 0.5675392622728264
209 0.0050734238496190865 0.5638461887150202 0.6122656279246372 0.5792502550864782
210 0.00326680685139313 0.5718029145702742 0.6101431768713668 0.5753207454222747
211 0.0039943040834448515 0.5778109602830296 0.6148126248959387 0.5826110845676064
212 0.002947900399257895 0.575213863717163 0.6133756531132847 0.5774529500250453
213 0.0023866155335505604 0.575446537971974 0.6191837599181413 0.5856652475797243
214 0.0022236288807529086 0.5818062697470576 0.610154318346712 0.5731830421395006
215 0.005585434169422975 0.5737074656735551 0.6034859782304485 0.568233897749981
216 0.00441620367965363 0.5816053380636784 0.6082882883485125 0.5706853050521377
217 0.004949697962142825 0.5618503649485801 0.616271879629283 0.5836617858326226
218 0.003557528301039028 0.5687571948385788 0.6137182534801513 0.5801986578685607
219 0.0023581312141671856 0.5579778940833193 0.6151576206800043 0.5809533887913669
220 0.004357876558519434 0.5611294820076751 0.613185523836518 0.5769213968719714
221 0.0037481129483195466 0.5666052100456718 0.6165261838040385 0.5829044560702082
222 0.003376627992430959 0.5755521856085518 0.6131544948276815 0.5787391398549937
223 0.003633544751642858 0.5762373340084102 0.602172843946257 0.5623235187524078
224 0.0029241936246621617 0.5763696297846552 0.6187989890670931 0.5867413362558798
225 0.003352818575124425 0.5701325771587034 0.6088189011118301 0.5716984614165075
226 0.005472897475778256 0.5744296194376023 0.6109036939784337 0.5774014707532418
227 0.003122057941994015 0.5728193623940455 0.6136498448215314 0.576930369353261
228 0.0026625599641382134 0.5719423473885834 0.6184585055805422 0.5862819933060763
229 0.002545552515820894 0.5639281458276233 0.6156352000206786 0.5811716044333777
230 0.0033917202784151924 0.5713810709866263 0.6127410903849959 0.5772041360127684
231 0.005148990827298275 0.5557674504710859 0.6138996366987719 0.5783525472692969
232 0.002531987242676913 0.5851562859000377 0.6093516307554634 0.5750272760260029
233 0.0026856778058885894 0.5835650816557305 0.6109965024680597 0.5787152540994169
234 0.00293168305175024 0.564376203122291 0.6130330527464182 0.5745992169853413
235 0.003960704594002603 0.5719772146636489 0.6112375482871542 0.5777694276790117
236 0.004319745955349106 0.5679491559631256 0.6059624496628144 0.565821677711285
237 0.003080602851178312 0.5668529750468156 0.6104152516992978 0.5724392202971311
238 0.0025573134669190493 0.5581624498753999 0.6139770699524214 0.5772017455299416
239 0.002864857193241458 0.572632790725736 0.6154007833794144 0.5822281077506194
240 0.0030707166698411468 0.567712238311131 0.6103158140318414 0.5708885242934947
241 0.004424898499528674 0.5643866532795341 0.6170281629757186 0.5812346404428768
242 0.0027226123313170173 0.5899581683213139 0.6131035782853537 0.5802161774386143
243 0.002592306099170365 0.5669760335651399 0.6144103619285983 0.5790544461396272
244 0.00307918494043783 0.5615702195774628 0.6042115111049313 0.5600328494765378
245 0.004406649518604562 0.5625396695416299 0.6136673369378234 0.5816497582066914
246 0.0039672197529657515 0.5652106422107327 0.6176714717621535 0.5838636117965218
247 0.002220669664202389 0.5699771580026959 0.6128272696967914 0.5784662969398185
248 0.0023539280501706974 0.5697171430684839 0.6181424219249974 0.5839893329057655
249 0.004061458972764658 0.5777781209781774 0.6130460325651954 0.5815590315212682
250 0.004417515003940038 0.5656836465306937 0.6221131323232918 0.5921568425290689
251 0.003199431338247668 0.5729536419019822 0.6139924451883978 0.5797097139254317
252 0.0021529871699471435 0.5717001449837025 0.6240698539308016 0.5937339279188076
253 0.00278130227171128 0.5681101364423452 0.6035658069012972 0.5622393112618534
254 0.0033606505779839157 0.5587987408064332 0.6257059795852519 0.5951222188604409
255 0.002709278230002586 0.5630754858787482 0.6223475489645558 0.5911868965553333
256 0.002622305369178116 0.5768818698541243 0.6162739965095987 0.585803299192648
257 0.0037728923404964547 0.5543916741416826 0.6159955710407208 0.5819237101646304
258 0.0033650483225324333 0.5728062681099141 0.621184490353265 0.5920231694270439
259 0.002527360101751475 0.5703968689076873 0.6159247669649017 0.5831077797149984
260 0.0028461924936116073 0.5774364878811861 0.6107467105908191 0.5773596808192522
261 0.0034647958791617552 0.5739458056417587 0.6135811576260279 0.5804392535667104
262 0.002419586517748248 0.5672678451754505 0.6188056182449235 0.5868331143135955
263 0.002565681634034386 0.5694033958349765 0.6206671359456082 0.5912583000842797
264 0.0025781077949914213 0.5750874764887852 0.613685107590999 0.5797234893773454
265 0.0038375886519603697 0.5755695557526669 0.6155466252916839 0.5842605190039446
266 0.003081394647056488 0.5734008293845668 0.6116488358495241 0.5770301509245999
267 0.0037043602860262195 0.5738776547670483 0.6191349602561291 0.5892203640776736
268 0.00298192862887424 0.5774167947372928 0.6203863150595311 0.5915877379412309
269 0.0019297090032936173 0.5829862237831954 0.6126835446648377 0.5786174985599174
270 0.002157266530570233 0.5716116217924003 0.6257412423547196 0.5975867718173742
271 0.0025046979374753683 0.5763985079913789 0.6132385572591614 0.57771024530554
272 0.002923828748089875 0.5704455405110691 0.6155975418340116 0.5828333312625502
273 0.005045059137349557 0.5692311860913131 0.6140608538470178 0.5828397070602869
274 0.0031126848802801167 0.5662358107519889 0.6192123935097786 0.5881997074905837
275 0.0019838769298199245 0.5706201047625225 0.6144302494620896 0.5793466642333863
276 0.0032418042210300008 0.5785077924265322 0.5979409216584933 0.5615967323301758
277 0.0038783054238760934 0.5798625560947 0.6234419203803432 0.5935314687714953
278 0.002859993323951111 0.5795766940881508 0.6175940385085041 0.5849467396633221
279 0.002731978678667838 0.5811279700432161 0.6102869019033206 0.5751647080869698
280 0.002637930616743959 0.5753705234613519 0.6111182230862064 0.5760395625943062
281 0.002057539752747165 0.5739160738543518 0.6201145187684838 0.5879354946661004
282 0.0016453006683724107 0.5803736637853212 0.620928069298194 0.5906558694311418
283 0.002348379110533034 0.5807115808464979 0.6134374325940741 0.5805837639732565
284 0.002977578226023156 0.5749809572896794 0.6105014310110934 0.5737549121246253
285 0.002643866409309667 0.5863647527772676 0.6095815350992126 0.576119731911368
286 0.0034350436313572864 0.5770551257274316 0.6202449854447766 0.58761164509672
287 0.00240096919903225 0.574381977095939 0.6154339292685667 0.5826961146758001
288 0.0016891052105855835 0.5688302348655829 0.619022264233012 0.5877002608071908
289 0.0030708252417780543 0.5739357453563785 0.6217262445919278 0.5910815393378521
290 0.002954520096055196 0.5738326390478222 0.6202317270891158 0.5874259768675782
291 0.0015751295820893624 0.5855302984122142 0.6158473337112522 0.5841713668253035
292 0.002613466213103631 0.5825386709349791 0.6226060868999425 0.594595239291106
293 0.0027592448393090547 0.5887909371566836 0.6149165748609098 0.581910751142978
294 0.00170983451200631 0.5759058235762972 0.6162055878509787 0.5827249417922267
295 0.0023887238763381923 0.582085166573425 0.611936007376548 0.5831291668847041
296 0.002751792928621912 0.5787745787189139 0.618308151370758 0.5863281220200436
297 0.003272647610479939 0.5802819799266951 0.6087369555606659 0.5750574311838743
298 0.003837268380897998 0.5793671279364907 0.6196125395968034 0.5894590511856519
299 0.0034561286132684453 0.5777664130465646 0.6145959789078503 0.5817302021252984
300 0.0018755132423073201 0.58140473801008 0.612657027953516 0.5782337164326325
Saved outputs to checkpoints/av_siamese/ with prefix deberta-v3-xsmall_ep300_bs64_lr2e-05_ml50_m1.5_dl0
