Job is using 1 GPU(s) with ID(s) 0 and 8 CPU core(s)
torch cuda is available: True
Warning: You are sending unauthenticated requests to the HF Hub. Please set a HF_TOKEN to enable higher rate limits and faster downloads.
TRAIN_CSV=training_data/AV/train.csv, DEV_CSV=training_data/AV/dev.csv, MODEL_NAME=microsoft/deberta-v3-xsmall, MARGIN=0.5, DIST_LOWER=0, BATCH_SIZE=16, MAX_LEN=512, LR=1e-05, EPOCH=300, DEVICE=cuda
torch.Size([16, 512])
cuda
Loading weights:   0%|          | 0/198 [00:00<?, ?it/s]Loading weights: 100%|██████████| 198/198 [00:00<00:00, 43956.61it/s]
[1mDebertaV2Model LOAD REPORT[0m from: microsoft/deberta-v3-xsmall
Key                                        | Status     |  | 
-------------------------------------------+------------+--+-
lm_predictions.lm_head.LayerNorm.bias      | UNEXPECTED |  | 
mask_predictions.dense.bias                | UNEXPECTED |  | 
lm_predictions.lm_head.LayerNorm.weight    | UNEXPECTED |  | 
mask_predictions.dense.weight              | UNEXPECTED |  | 
mask_predictions.LayerNorm.weight          | UNEXPECTED |  | 
mask_predictions.LayerNorm.bias            | UNEXPECTED |  | 
mask_predictions.classifier.bias           | UNEXPECTED |  | 
lm_predictions.lm_head.bias                | UNEXPECTED |  | 
lm_predictions.lm_head.dense.bias          | UNEXPECTED |  | 
lm_predictions.lm_head.dense.weight        | UNEXPECTED |  | 
mask_predictions.classifier.weight         | UNEXPECTED |  | 
deberta.embeddings.word_embeddings._weight | UNEXPECTED |  | 

[3mNotes:
- UNEXPECTED[3m	:can be ignored when loading from different task/architecture; not ok if you expect identical arch.[0m
CustomBERT(
  (encoder): DebertaV2Model(
    (embeddings): DebertaV2Embeddings(
      (word_embeddings): Embedding(128100, 384, padding_idx=0)
      (LayerNorm): LayerNorm((384,), eps=1e-07, elementwise_affine=True)
      (dropout): Dropout(p=0.1, inplace=False)
    )
    (encoder): DebertaV2Encoder(
      (layer): ModuleList(
        (0-11): 12 x DebertaV2Layer(
          (attention): DebertaV2Attention(
            (self): DisentangledSelfAttention(
              (query_proj): Linear(in_features=384, out_features=384, bias=True)
              (key_proj): Linear(in_features=384, out_features=384, bias=True)
              (value_proj): Linear(in_features=384, out_features=384, bias=True)
              (pos_dropout): Dropout(p=0.1, inplace=False)
              (dropout): Dropout(p=0.1, inplace=False)
            )
            (output): DebertaV2SelfOutput(
              (dense): Linear(in_features=384, out_features=384, bias=True)
              (LayerNorm): LayerNorm((384,), eps=1e-07, elementwise_affine=True)
              (dropout): Dropout(p=0.1, inplace=False)
            )
          )
          (intermediate): DebertaV2Intermediate(
            (dense): Linear(in_features=384, out_features=1536, bias=True)
            (intermediate_act_fn): GELUActivation()
          )
          (output): DebertaV2Output(
            (dense): Linear(in_features=1536, out_features=384, bias=True)
            (LayerNorm): LayerNorm((384,), eps=1e-07, elementwise_affine=True)
            (dropout): Dropout(p=0.1, inplace=False)
          )
        )
      )
      (rel_embeddings): Embedding(512, 384)
      (LayerNorm): LayerNorm((384,), eps=1e-07, elementwise_affine=True)
    )
  )
)
1 0.060765866238305946 0.05478492490083213 0.5250653113284739 0.3925007193868208
2 0.052334449116617804 0.051605053568013655 0.5402234556578194 0.4227639040905645
3 0.047516220645880736 0.047373955871990045 0.5663632508685894 0.47390384374746775
4 0.04283133505679538 0.04485735474734002 0.5832503293420112 0.5039221358710919
5 0.03918405297704428 0.04232358074180276 0.606162160608378 0.5433870197762682
6 0.03495284884944906 0.03974492760645852 0.6310307134822548 0.5815909328297375
7 0.03146437797076156 0.03903266980227138 0.6685833346703104 0.6361910617554585
8 0.027912875560259495 0.03892319647095825 0.6577342673454944 0.6219163850370651
9 0.02510791862071438 0.03805807940742716 0.6633323573400931 0.6293617726255945
10 0.02251592323545721 0.037416524992410036 0.6791006645667215 0.6517440155460253
11 0.020013935736080363 0.03630435082613278 0.6933169085703794 0.6710195722608028
12 0.01830032549192588 0.03716652941262704 0.7107101999761127 0.6944002014813766
13 0.016205852737867447 0.036793758122049346 0.7174867238179785 0.7024106630863305
14 0.014631072041821739 0.03878726890528518 0.7227530763841723 0.7098183742701426
15 0.013241446209476527 0.03864865997473942 0.7393394464380256 0.7297387800444289
16 0.012010771764967029 0.038074321689911844 0.7374270121950133 0.7273020042375173
17 0.010982275708481058 0.03820703392974248 0.7271064407531995 0.7145352544847919
18 0.010016929960202502 0.03810106204247984 0.7353708529200469 0.7248295835835128
19 0.00925870201785015 0.04043738378639832 0.7597772016892259 0.7538309115233476
20 0.008369053362343516 0.03657803752197112 0.7386762501180997 0.7281336788065386
21 0.00770565043650108 0.03996274630364603 0.7634960033299643 0.7578807298455525
22 0.007093883913790779 0.03905884156601269 0.7558086081712471 0.7491576319951443
23 0.006477195220451165 0.038286503423648706 0.7546612033328164 0.7473109796382128
24 0.005987612105845635 0.03851524347042512 0.7583025717199051 0.7517159050235442
25 0.005683449783804104 0.03962554962832861 0.7571970588287725 0.7508309316487726
26 0.005170302312297321 0.04042751198529143 0.767778563623172 0.7627380613733841
27 0.004753076943450933 0.03988025205925631 0.7636397283619178 0.757939372639921
28 0.004547568036050808 0.04121710423081144 0.7596202183016114 0.75370779937017
29 0.0042593306588751614 0.039732775759233493 0.7646876955328923 0.7592083053361558
30 0.003975150932532309 0.038871949791893345 0.7584927009966719 0.7520130225885566
31 0.003677996004885236 0.04110650983078838 0.7664696630996118 0.7614781304630406
32 0.00357473039983702 0.04167900792974653 0.7733257370754428 0.7691875007999714
33 0.003289543880158886 0.04054218538673637 0.7655322750714391 0.7601233175426724
34 0.00309984142921475 0.04163402191929093 0.7736728497398244 0.7695889841748879
35 0.0029631294623925354 0.03880037215236688 0.7581501006298053 0.7508862670237075
36 0.002807835272243599 0.042973517102882296 0.7683688389869635 0.763670158486737
37 0.002695718474918749 0.04117505674867524 0.7656958876368841 0.7602805893318845
38 0.00242592453906 0.042433067420570576 0.7832329040745714 0.7800783275299413
39 0.002396961089250711 0.03971841975725813 0.7663238211873424 0.7607806363413664
40 0.002299357459668528 0.04157681954658163 0.7697374021109976 0.7652013790941858
41 0.0020822977086532033 0.04280448254324022 0.7751275921756539 0.771464483469281
42 0.0020256241348775264 0.042290475750962064 0.7739735581593926 0.7697915906861275
43 0.0019661531559274623 0.04427948091306562 0.7746897879019621 0.771203684277504
44 0.0017487732668705798 0.040925065013841876 0.7686098848060581 0.7635878592891081
45 0.0017581327417292311 0.041912177681112335 0.7765006675972028 0.7724766838329123
46 0.001605317324750807 0.041159436359675845 0.7516498853765015 0.7441299207278065
47 0.001543222736783623 0.04291452543899211 0.7619526861651398 0.7567605219741645
48 0.0014944581421267279 0.04241402551156341 0.7753553796390875 0.7713683950757408
49 0.0014297647717173773 0.04399143271791568 0.7810860531902947 0.777935595973202
50 0.0013832764172654927 0.040141564472358574 0.7700359936502503 0.7647872449192823
51 0.0013585463059309806 0.041531169325816956 0.7708296566464694 0.766066265341271
52 0.0013061485962758087 0.040430937331600615 0.7663702254321556 0.7610059111826637
53 0.0012189610995437608 0.04183751819976981 0.7735667828945374 0.7691284017953182
54 0.0011882841379799115 0.0449207281694127 0.7746102377679971 0.7708805913087804
55 0.001104273075436715 0.04102016140901245 0.7601818600737654 0.7538573216859226
56 0.0010544234738865841 0.042020828343633215 0.7694743518780962 0.7645915413779538
57 0.0010594307592455545 0.04123879964520134 0.7663437087208339 0.7608775667871961
58 0.0009757857560316577 0.04014556555069042 0.7623088234245508 0.7558945994691508
59 0.0009703551001242507 0.04777669367278963 0.7805774448407838 0.7778433678758016
60 0.0009404893921564486 0.04209146587013075 0.7703454481279648 0.7656231289380986
61 0.000893678674110158 0.04305511330366731 0.7750480420416886 0.7711354009591644
62 0.0008601222836811021 0.04283334192584149 0.7783401808840805 0.7743866042505527
63 0.0008239284691668198 0.041998310594253976 0.7669008381954732 0.7616686955426
64 0.0008469047231688262 0.04594743225506564 0.7779243810241957 0.7747135229249943
65 0.000798438477722293 0.04342003198688324 0.7784263601958761 0.7747426765657137
66 0.0007269819383324156 0.04404616352104194 0.7774910890480189 0.7739786017759303
67 0.0007374607364557506 0.043544316022839764 0.7754349297730526 0.7716998193368869
68 0.0007315127269605078 0.04418777042106925 0.7812828116448919 0.7782206620195447
69 0.0006846651387819301 0.042300214588793794 0.770528948226901 0.7658710950128544
70 0.0006781171902724136 0.043326169488606264 0.7745704627010144 0.7707158574213526
71 0.0006229585096367581 0.042129957446436564 0.773900637203258 0.7694737594590499
72 0.0006366619145579482 0.04281625602897533 0.7727487200673123 0.7683382653997071
73 0.0006160195941906727 0.04294939155662555 0.7763503133874186 0.7723742702386707
74 0.000605640957748975 0.04407702280643904 0.7740067040485447 0.7699336528597422
75 0.0005755024483381148 0.043424531237787764 0.7793107148014055 0.7758032714496238
76 0.0005880959744134398 0.04479185695904942 0.7775109765815102 0.7740579950099951
77 0.0005397427764071179 0.04380222973201642 0.771545886389039 0.7675331316037365
78 0.0005132845073520567 0.042728651323210125 0.7818113075278939 0.7783691299096154
79 0.0005467655756947157 0.04758601125370759 0.7840353131289363 0.7816843621089501
80 0.0004938444689020219 0.04254864873860299 0.7753023462164441 0.7711426955708243
81 0.00045753771024964934 0.04374002069160255 0.777734251747429 0.7744517622247641
82 0.0004912810834859133 0.04676881196276012 0.784519521647441 0.7821399881533901
83 0.00045663950126907047 0.04404374407801697 0.7800513443749811 0.7767778350810841
84 0.00046300876042335286 0.04502958319500031 0.7782052019102728 0.7748499976315302
85 0.00043315961770034456 0.0429629726057548 0.7758926215802355 0.7720378863707666
86 0.0004259089503662135 0.043051982670991334 0.7670002758629296 0.7621356187601606
87 0.0004642118721303554 0.04533265264269388 0.7760185759590137 0.7725513950881596
88 0.0003914907881331962 0.043690723622671235 0.7761270382214998 0.77196242368282
89 0.00041829615938520135 0.04334446257308198 0.779598164865313 0.7759606870294762
90 0.00036887091331201465 0.0463699622940034 0.7837855212516956 0.7812249642905104
91 0.0004935969731690052 0.04453673871131805 0.7769803638181925 0.7734229799674825
92 0.0003563377173789037 0.04434050582554431 0.7770445387161812 0.7731743411764656
93 0.0003568106044072682 0.04563558883884206 0.7848181131866938 0.7819331345554307
94 0.00037338242442635676 0.043405587895592 0.7795849065096521 0.7759068967577105
95 0.00035323838676267757 0.04344432797092101 0.7832527916080625 0.7801539774648056
96 0.00033487341001334816 0.04383918118408118 0.7777785391119265 0.7741353593233713
97 0.0005076130031494817 0.04407336583571444 0.7776348140799726 0.7740572657435691
98 0.0003350293030161132 0.04197131209408011 0.7735468953610461 0.7690403196765854
99 0.00030775520841281933 0.04307263029247259 0.7779288933217106 0.7742399549790112
100 0.00032545995243756507 0.04411916883704923 0.7780461016423427 0.7742077154763449
101 0.00031879003811420006 0.043762248539518586 0.7736397038506722 0.7694467091740467
102 0.00031144456320303165 0.04375508536509927 0.7775950390129901 0.7738958085689183
103 0.0003119261680475507 0.042833888969461366 0.7767504594744433 0.772994595101886
104 0.00031918206882838423 0.04510243973684951 0.7874889476564575 0.7846761139949849
105 0.000305481710438402 0.04480389297712795 0.7758992507580659 0.7720654423797597
106 0.00029535441561198266 0.04750764585129952 0.7880548231892428 0.7858286780351469
107 0.00030342442606886015 0.04322499342029021 0.7801685526956131 0.7767548717701658
108 0.00027008494912821046 0.043322983799583374 0.7805533235466614 0.7768047174040484
109 0.0002861824167032212 0.04332124902006632 0.771243061089155 0.76676992800167
110 0.00030157481519902025 0.044916017641463024 0.7870975476275788 0.7845533152796627
111 0.0002563560186579323 0.04366296553857166 0.7818113075278939 0.7783691299096154
112 0.00024613011674798823 0.046068243069946266 0.783679454406409 0.780843049446337
113 0.0002900017281589882 0.0436513918930136 0.781784790816572 0.7782638828391665
114 0.00023110916867494842 0.044774075539590875 0.7865536765086003 0.783887116514491
115 0.00025593274311755686 0.04905761079808323 0.798605298974806 0.797341212942624
116 0.0002503712539845381 0.04408636723794062 0.7822822576907377 0.7787667588457725
117 0.0002518618461108399 0.045387589656458054 0.7851387091397533 0.782227116867183
118 0.0002584210257059338 0.04733709062546138 0.7886496108505492 0.7862652730634643
119 0.0002510434316581534 0.04477778526384184 0.7836065334502743 0.7805722463238205
120 0.00026374009100459193 0.04568616113670999 0.7870909184497483 0.7845300093425129
121 0.00023954566210937048 0.04417948481102638 0.7814443073300211 0.7778933434543489
122 0.00020873947616049915 0.04554492979076263 0.7882362064078634 0.7856464731026352
123 0.00019808623887007085 0.04444990981000044 0.7854261592036608 0.7823974773524113
124 0.00021352787962987158 0.04527348800711974 0.7890874151242409 0.786560596870657
125 0.0002118669541336884 0.04733863892756314 0.785258034340701 0.7826591896340411
126 0.00022679722775632537 0.04375351877741972 0.7826824037777624 0.779371499624631
127 0.00023840823581047158 0.04794168880343905 0.7857886471040186 0.7832775838593249
128 0.0001954391618990352 0.047084766007221994 0.7923750416691178 0.790203799306385
129 0.00018554093240451947 0.045395446907534345 0.789611398709728 0.7871546358788128
130 0.00019923814360342225 0.0459197998241438 0.7883024981861678 0.785877698603817
131 0.00022858153476851032 0.04313225280456202 0.7848756589068518 0.7816942640420464
132 0.0002277873034794222 0.04481010345330914 0.7830825498647871 0.7799697737972066
133 0.00021244093936910233 0.051677024146100925 0.7922798377622926 0.7906176325222836
134 0.00019619711817938265 0.04635198969179825 0.7905620450935616 0.7884014928365304
135 0.0001894410284544448 0.046938534209717005 0.7914132538099389 0.7893097675711895
136 0.00020492120417475813 0.04455500120667241 0.7834495500626597 0.780438038569431
137 0.00015899714289994957 0.04463588242460556 0.7813735032542022 0.7781001898095279
138 0.00018033444330654245 0.045901580671109256 0.7788265062829007 0.7753536368982059
139 0.00017783388974537172 0.044651893834119896 0.7803255360832276 0.7768874401183247
140 0.00017519621899957577 0.04575977374807475 0.7831819875322434 0.7803411764867332
141 0.00019555505108553062 0.04853325481555303 0.789456532202429 0.7874128615925057
142 0.00019048557146139546 0.04577946029329974 0.7908296076239779 0.7885217643827753
143 0.00020040384219634412 0.047133640668995336 0.7904249492394383 0.788328808988805
144 0.00016152240822792186 0.04435389479673527 0.7875154643677793 0.7847721604492216
145 0.000173745207827676 0.047300077270826454 0.7857555012148665 0.7831608592827355
146 0.00019938032944192993 0.04395908720190868 0.7853863841366783 0.7822473789877966
147 0.00016088481833212762 0.04537734789899697 0.7853686134835026 0.7826286709143886
148 0.00018282625206691031 0.044745281211728494 0.7841814335780893 0.7809051524747253
149 0.00015515962300389748 0.04562484583845861 0.7854460467371521 0.7824717764669619
150 0.00017600387489401055 0.04440827501270141 0.7847650797640504 0.7817359342134106
151 0.00020534985476453163 0.048445166745135305 0.7908449828599543 0.788947178579231
152 0.00013697454080971422 0.04604739875598888 0.7889834651592696 0.7866072486265627
153 0.00014470258432994353 0.04567722683376481 0.7847783381197112 0.7817855675599177
154 0.00023387384496323399 0.049607901459277896 0.7970134606848531 0.795558413033429
155 0.00015626519018076038 0.04534663543241568 0.7863900639431554 0.7837277169438446
156 0.00013283430414910108 0.045266033294274234 0.7806018446717901 0.7774841309476115
157 0.00016268585803707317 0.051797733083180864 0.7893281824064518 0.7877146195006148
158 0.00014677174915710736 0.04661485817887594 0.7895008195669264 0.7871765915857443
159 0.00015339056651465205 0.04774376563891027 0.7887357901623446 0.7865559769398112
160 0.00014787807879812598 0.04778796045276531 0.7876480479243877 0.7852393463741689
161 0.00021710062627129835 0.04730705658013357 0.7862595972668625 0.7836859966121481
162 0.00016523586713844057 0.04685450793938124 0.7812960700005527 0.778270719412811
163 0.00014981730141946044 0.04672386015234051 0.782848133223523 0.7799984950147937
164 0.00021459770412560796 0.04781693169788389 0.7801110069754549 0.7770073829220783
165 0.0001306731026945246 0.0480488958736223 0.785140826020069 0.7826629773799358
166 0.00017504873744607395 0.047513428346489986 0.7883157565418287 0.7859232975003658
167 0.00015282042338329494 0.046883637731911634 0.7910329952564055 0.7888149904376773
168 0.00014748395405146962 0.053541440808710136 0.7923217297095908 0.7910542556939999
169 0.00012655633483117347 0.04867709241368451 0.7878381772011545 0.7854898055240171
170 0.0001359139051102677 0.04852531557188157 0.7902613366739935 0.7881689490167161
171 0.0001511485575037177 0.047258315596094856 0.7863502888761728 0.7835846532061951
172 0.0001654321653349282 0.04971055134191634 0.79158561243353 0.7898558211549447
173 0.00014787180447657156 0.04788596970311229 0.7868432434528235 0.784486951948991
174 0.00012129550988456984 0.046429767175929566 0.7785125395076715 0.7750889091012042
175 0.00019155682056373266 0.04772043858917271 0.7890099818705913 0.7866975130133025
176 0.00014294710147038563 0.04820678244959815 0.7882892398305069 0.7858318846589551
177 9.812662562908619e-05 0.04840704340737294 0.7890298694040826 0.7867646505390139
178 0.00010665619787520115 0.05088530772884827 0.7891624529606911 0.7872000163883492
179 0.0001284600842533488 0.04832241300604746 0.7898280446978165 0.7874960009117137
180 0.0001503364191948652 0.0489144402037235 0.7918465457861157 0.7899700517040489
181 0.0001310876543494813 0.04743957335823094 0.7909754495362472 0.7890016542955258
182 0.00015083485736753789 0.0475136772508009 0.7864895016106116 0.7840767893415079
183 0.00016088033555523466 0.05306591780260442 0.7747913424497341 0.7720611713984693
184 0.00014334352576511326 0.047951569273009906 0.7833456000976885 0.7805003489763547
185 0.00012978465539724025 0.05133282471842593 0.7981078321006404 0.7968407781674132
186 0.0002699173279629629 0.04748482718002676 0.7922445749928249 0.7901526526537221
187 0.00010726339950308451 0.04749711040154425 0.7890563861154044 0.7868534212024428
188 8.718116638222448e-05 0.04625545895302408 0.7839669044703165 0.7810144692112604
189 0.0001142918079671397 0.04687901579813922 0.7925187667010716 0.790297771642674
190 9.727237741153223e-05 0.04800724145397979 0.7933256880529514 0.791431557466185
191 0.0001383279838391257 0.051578631615255326 0.7940352886176906 0.7925742214717424
192 0.00014375136845125091 0.04591947084411807 0.7854924509819651 0.782643203155927
193 0.00013393881771899224 0.048072269213883634 0.7924678501587437 0.7905051284854117
194 0.00014153947596777316 0.04761622963858908 0.7899606282544249 0.7879354369175949
195 0.00011029116829373266 0.047136697111253165 0.7841835504584049 0.781369220902552
196 9.113995462688383e-05 0.048920056428774276 0.7893703528906335 0.7871286106968693
197 0.00011495161001513705 0.04888505605989612 0.7880680815449036 0.7858729560660186
198 0.00011367697005943743 0.04876111301601408 0.7922665794066318 0.7905774200366833
199 0.00015561598794281567 0.046294183510402424 0.7870975476275788 0.7845533152796627
200 0.000397713972734092 0.051215116223657584 0.7828324794506629 0.7807641935806875
201 0.000599388268590039 0.046651157114922695 0.778145539309799 0.7746130619793619
202 0.00039330549484578814 0.04941380966902923 0.7886848736200169 0.7867626716448683
203 0.00024276925907061172 0.05007794760037061 0.7842896173036917 0.7817497990757485
204 0.0003027750323901606 0.04720619568766287 0.7867570641410279 0.7841877218275686
205 0.00012862573071138156 0.04919414312342372 0.781441911912822 0.7788065287699413
206 0.00010364056404707464 0.0523713248864689 0.7969758024981861 0.7957525263360767
207 9.438126757234882e-05 0.04886012874999305 0.7908250953264631 0.7888840490370199
208 0.00014015051809691025 0.04698103358967538 0.7790895565158021 0.7759018318260331
209 0.00011650486524689453 0.04982165851932216 0.7940398009152054 0.7922582130463001
210 0.00010591997911157074 0.049812393514266966 0.7927375295694754 0.7909971980182764
211 0.00011413599799170279 0.049626282657778374 0.7933787214755949 0.7915970384952007
212 0.00010653101273496902 0.048255425192780595 0.7834516669429754 0.7808828610290413
213 0.00011974483166490658 0.05236488660937649 0.7882205526350035 0.7863668739088403
214 0.00011536164085460403 0.0499646798455017 0.7921936584504972 0.7903525644744809
215 9.183250529329688e-05 0.049394863401240476 0.7889524361504331 0.7868902212561577
216 0.00014937678299756753 0.05074347839991447 0.7933079173997758 0.7917184287584389
217 0.00016247502555007015 0.049606760527973415 0.7952580098294553 0.7936023138085844
218 7.979989058200544e-05 0.04979328163329934 0.7953752181500873 0.7936215717793842
219 0.00010533532210761247 0.04796249819983182 0.7911899786440201 0.7889526923979193
220 0.00012811742047727777 0.04683832542611177 0.7867040307183845 0.7839990181426668
221 0.00013715019721549076 0.05078509522904374 0.7947870596666115 0.793180974795272
222 0.00013484794868572623 0.046403192694507316 0.786710659896215 0.7840227969765028
223 0.00013958692612651296 0.04899824980333082 0.7919770124624086 0.79002509008714
224 8.385726205285681e-05 0.050790537521600516 0.7922334335174797 0.7904759874479841
225 7.918093628348325e-05 0.0473521075771067 0.7907786910816501 0.7887349154009555
226 8.471843275902714e-05 0.04671273083141207 0.7871041768054092 0.7845765669710586
227 0.00011871411939310634 0.049271505222690484 0.7918531749639462 0.7899908889756606
228 0.0001523437171470894 0.047867237324671796 0.790909157757943 0.7887866813121678
229 9.877944191003523e-05 0.051444078763132894 0.7917227082876533 0.7899341971669738
230 6.695380643419409e-05 0.04976710119674282 0.7917736248299811 0.7897374069856823
231 0.00014289455673162783 0.04709995075940325 0.7902658489715082 0.7877932245245756
232 0.00012073325485008048 0.04815922513397169 0.7878381772011545 0.7854898055240171
233 7.732123297014368e-05 0.04829893803111146 0.788415194209285 0.7862584607993881
234 0.00014264712460681427 0.04761291489511077 0.7903453991054732 0.7880648366478327
235 7.796002616139913e-05 0.05043466260724159 0.7933256880529514 0.791431557466185
236 0.00010717594480132236 0.048590164043565 0.7893570945349727 0.7870840838004934
237 0.00013472461050928721 0.048630251886172975 0.79598538104737 0.7944605328009412
238 6.883784013002236e-05 0.05130063890186262 0.7977806069697504 0.7965194105978388
239 8.884636123387861e-05 0.053091232494873644 0.7989346409860115 0.7979452326015792
240 0.000120911158629817 0.051525425175448857 0.796648577367296 0.7954311604644043
241 0.00011845789171809354 0.04696182614627802 0.7904692366039356 0.7880896986362966
242 0.00010804681490976262 0.04755630787917634 0.7910661411455576 0.7889247550821522
243 7.19061654339389e-05 0.04678344159097539 0.7914066246321085 0.7892880604349816
244 6.931917194810118e-05 0.04504267564896558 0.7812629241114005 0.7781451524310874
245 0.00010005937777721644 0.048164804303751634 0.7922268043396492 0.7904555461785275
246 9.707746053870604e-05 0.04913418790141449 0.7891823404941823 0.7872634979233964
247 0.00011671277919705076 0.045865041036118395 0.7905487867379009 0.78835758610581
248 7.312667921607773e-05 0.04920746603753463 0.7934715299652207 0.7918787188731582
249 0.00012735426773434973 0.05192327036137088 0.7978800446372067 0.796788945539453
250 0.00012446019809529867 0.04739193502360115 0.7821029913524324 0.7794671138810949
251 8.35010810858787e-05 0.04774841966135305 0.7910019662475689 0.7890861768807033
252 6.070758068086945e-05 0.0488341523293455 0.7903143700966366 0.7883406413973426
253 0.00012019665632671781 0.04636990698831441 0.7898943364761206 0.787718366098311
254 0.0001161684351464566 0.04816064310207902 0.7925275127592175 0.7906934546135467
255 6.352297491787227e-05 0.05069506350356446 0.7961577396709609 0.7949491317191528
256 0.00010339265690932966 0.051623362963863 0.7929828091492013 0.7917147731062802
257 9.782501230323899e-05 0.05043687824866628 0.7920387919431982 0.7905533625721041
258 9.262889504546494e-05 0.05209001452210919 0.7967856732214195 0.7955187150014735
259 8.843096750402302e-05 0.04770734025791397 0.7887490485180055 0.7865999009578556
260 0.00011154593336786241 0.05332716516345421 0.7978224989170486 0.7969032983820765
261 8.018143797265751e-05 0.04845460770108103 0.7939159634167429 0.7922198312855018
262 0.0001114623835580449 0.04843494822349646 0.7887225318066837 0.7865118401466775
263 9.024912449010014e-05 0.048427017181928364 0.7945637845006925 0.7928406050025119
264 9.275236563775881e-05 0.05061731908744521 0.7919923876983851 0.790416525021227
265 8.381214093508571e-05 0.05329078568191321 0.7897283284934764 0.788251230688959
266 0.00012092535787517434 0.051600341051504586 0.7952932725989229 0.7940179217645362
267 8.430790562819362e-05 0.04955548170755696 0.7916850501009864 0.7901549196629205
268 0.00011291860492877246 0.050853434851277794 0.8014750087794824 0.8005801296273077
269 9.431344368030578e-05 0.0516627725401336 0.7989280118081813 0.7979280860899487
270 8.418273575206145e-05 0.05074100267209191 0.794088322040334 0.7927264517363957
271 0.0001239709107168232 0.04919323302763776 0.7891624529606911 0.7872000163883492
272 8.073679528312072e-05 0.05693967061380853 0.8036857560248641 0.8033003631427453
273 0.00014419235544841359 0.05368332614574874 0.7983199657912141 0.7974030746131295
274 9.379068744267299e-05 0.05028804468717342 0.7934980466765426 0.7919573584964036
275 7.361571597653181e-05 0.05036173060472048 0.7981343488119623 0.7969138137734488
276 8.476125985037942e-05 0.05343958673041128 0.7933232926357521 0.7920726752438261
277 0.00010042828587599228 0.05056937599463592 0.796274947991593 0.7949815138882288
278 7.032622096378548e-05 0.05254517937423753 0.7994453662158381 0.7984793238078116
279 7.78471048384554e-05 0.05125684420472975 0.7977495779609138 0.7967154596050593
280 7.929368368128392e-05 0.050883097086464164 0.7931840799013133 0.7916756821332582
281 7.680138168719614e-05 0.04851685795978385 0.7799229945790036 0.7772069596274724
282 8.891656415289999e-05 0.05058544816630483 0.7950633682551737 0.7936704913406006
283 6.814395640238966e-05 0.04760164110908114 0.7960694434788499 0.7943838929547382
284 8.649687608121839e-05 0.05187457867884216 0.7955364352983331 0.7943963613883247
285 0.0001476714271760463 0.04706366004931403 0.7894432738467682 0.7873697129156629
286 9.809649413693282e-05 0.051263115154445635 0.8000666705884659 0.7990374450219929
287 7.634553588520846e-05 0.05124056070481082 0.7959278353272118 0.7946046338692863
288 7.284652835479813e-05 0.05569710875731975 0.7975992237511298 0.7965891603371603
289 0.00011019724689739878 0.04776397441872348 0.7895869988787219 0.7874644053507702
290 7.937737072555419e-05 0.054677669740573066 0.8015943339804302 0.8008719698040087
291 9.017317569662667e-05 0.05132095877429411 0.7941989011831356 0.7927346286236316
292 7.994898619114092e-05 0.04824380394514702 0.7896002572343828 0.7875078891197516
293 5.4722329493168476e-05 0.050509842160679545 0.7956138685519826 0.7943206201348975
294 9.400954253203533e-05 0.04969195900941801 0.7891757113163519 0.7872423900378678
295 6.854713337287667e-05 0.05139942108739734 0.7970288359208295 0.7958964813697669
296 5.769376446555817e-05 0.048935352491757844 0.7941856428274747 0.7926960461391361
297 7.193576201094381e-05 0.052336079365814 0.794718372471108 0.7935928284959519
298 0.00011213912063732305 0.05279288600726824 0.7946255639814819 0.7933386733614514
299 7.057843217717469e-05 0.05199704110378736 0.7912803917164467 0.7899235975395582
300 6.983311789825277e-05 0.05212034110295955 0.7957464521085911 0.7946809187503976
Saved outputs to checkpoints/av_siamese/ with prefix deberta-v3-xsmall_ep300_bs16_lr1e-05_ml512_m0.5_dl0
